Component: ARM Compiler 5.06 update 7 (build 960) Tool: armlink [4d3601]

==============================================================================

Section Cross References

    main.o(i.AppObjCreate) refers to queue.o(i.xQueueGenericCreate) for xQueueGenericCreate
    main.o(i.AppObjCreate) refers to event_groups.o(i.xEventGroupCreate) for xEventGroupCreate
    main.o(i.AppObjCreate) refers to queue.o(i.xQueueCreateCountingSemaphore) for xQueueCreateCountingSemaphore
    main.o(i.AppObjCreate) refers to main.o(.data) for xQueue1
    main.o(i.AppTaskCreate) refers to tasks.o(i.xTaskGenericCreate) for xTaskGenericCreate
    main.o(i.AppTaskCreate) refers to main.o(.data) for xHandleTaskLED
    main.o(i.AppTaskCreate) refers to main.o(i.vTaskLED) for vTaskLED
    main.o(i.AppTaskCreate) refers to main.o(i.vTaskTaskUserIF) for vTaskTaskUserIF
    main.o(i.AppTaskCreate) refers to main.o(i.vTaskMsgPro) for vTaskMsgPro
    main.o(i.AppTaskCreate) refers to main.o(i.vTaskStart) for vTaskStart
    main.o(i.main) refers to main.o(i.AppTaskCreate) for AppTaskCreate
    main.o(i.main) refers to main.o(i.AppObjCreate) for AppObjCreate
    main.o(i.main) refers to bsp.o(i.bsp_Init) for bsp_Init
    main.o(i.main) refers to tasks.o(i.vTaskStartScheduler) for vTaskStartScheduler
    main.o(i.vTaskLED) refers to bsp_led.o(i.bsp_LedOn) for bsp_LedOn
    main.o(i.vTaskLED) refers to bsp_led.o(i.bsp_LedOff) for bsp_LedOff
    main.o(i.vTaskLED) refers to tasks.o(i.vTaskDelay) for vTaskDelay
    main.o(i.vTaskLED) refers to main.o(.data) for led_flag
    main.o(i.vTaskMsgPro) refers to queue.o(i.xQueueGenericReceive) for xQueueGenericReceive
    main.o(i.vTaskMsgPro) refers to motor_data_process.o(i.motor_data_process) for motor_data_process
    main.o(i.vTaskMsgPro) refers to tasks.o(i.vTaskDelay) for vTaskDelay
    main.o(i.vTaskMsgPro) refers to main.o(.data) for xQueue1
    main.o(i.vTaskStart) refers to bsp_key.o(i.bsp_KeyScan) for bsp_KeyScan
    main.o(i.vTaskStart) refers to tasks.o(i.vTaskDelay) for vTaskDelay
    main.o(i.vTaskTaskUserIF) refers to motor_control.o(i.Motor_control) for Motor_control
    main.o(i.vTaskTaskUserIF) refers to tasks.o(i.vTaskDelay) for vTaskDelay
    motor_control.o(i.Brake_control) refers to stm32f4xx_can.o(i.CAN_Transmit) for CAN_Transmit
    motor_control.o(i.Clear_the_motor_error_flag) refers to stm32f4xx_can.o(i.CAN_Transmit) for CAN_Transmit
    motor_control.o(i.EXTI9_5_IRQHandler) refers to stm32f4xx_exti.o(i.EXTI_GetITStatus) for EXTI_GetITStatus
    motor_control.o(i.EXTI9_5_IRQHandler) refers to event_groups.o(i.xEventGroupSetBitsFromISR) for xEventGroupSetBitsFromISR
    motor_control.o(i.EXTI9_5_IRQHandler) refers to stm32f4xx_exti.o(i.EXTI_ClearITPendingBit) for EXTI_ClearITPendingBit
    motor_control.o(i.EXTI9_5_IRQHandler) refers to motor_control.o(.data) for key_press
    motor_control.o(i.EXTI9_5_IRQHandler) refers to main.o(.data) for Motor_rotate_event
    motor_control.o(i.Incremental_position_closed_loop1) refers to stm32f4xx_can.o(i.CAN_Transmit) for CAN_Transmit
    motor_control.o(i.Incremental_position_closed_loop2) refers to stm32f4xx_can.o(i.CAN_Transmit) for CAN_Transmit
    motor_control.o(i.MotorSpeed_closedloop_control) refers to stm32f4xx_can.o(i.CAN_Transmit) for CAN_Transmit
    motor_control.o(i.Motor_Init) refers to delay.o(i.delay_ms) for delay_ms
    motor_control.o(i.Motor_Init) refers to motor_control.o(i.Motor_operation) for Motor_operation
    motor_control.o(i.Motor_Init) refers to motor_control.o(i.Multiloop_position_closedloop_control1) for Multiloop_position_closedloop_control1
    motor_control.o(i.Motor_Init) refers to motor_control.o(i.motor_gpio_init) for motor_gpio_init
    motor_control.o(i.Motor_Init) refers to motor_control.o(.data) for Motor_Id
    motor_control.o(i.Motor_close) refers to stm32f4xx_can.o(i.CAN_Transmit) for CAN_Transmit
    motor_control.o(i.Motor_control) refers to bsp_key.o(i.bsp_GetKey) for bsp_GetKey
    motor_control.o(i.Motor_control) refers to stm32f4xx_gpio.o(i.GPIO_SetBits) for GPIO_SetBits
    motor_control.o(i.Motor_control) refers to stm32f4xx_gpio.o(i.GPIO_ResetBits) for GPIO_ResetBits
    motor_control.o(i.Motor_control) refers to tasks.o(i.vTaskDelay) for vTaskDelay
    motor_control.o(i.Motor_control) refers to motor_control.o(i.Incremental_position_closed_loop2) for Incremental_position_closed_loop2
    motor_control.o(i.Motor_control) refers to motor_control.o(i.Read_encoder_data) for Read_encoder_data
    motor_control.o(i.Motor_control) refers to motor_control.o(i.Incremental_position_closed_loop1) for Incremental_position_closed_loop1
    motor_control.o(i.Motor_control) refers to event_groups.o(i.xEventGroupWaitBits) for xEventGroupWaitBits
    motor_control.o(i.Motor_control) refers to motor_control.o(.data) for key_press
    motor_control.o(i.Motor_control) refers to main.o(.data) for Motor_rotate_event
[...]
    Removing tasks.o(i.xTaskResumeFromISR), (180 bytes).
    Removing timers.o(i.pcTimerGetTimerName), (32 bytes).
    Removing timers.o(i.pvTimerGetTimerID), (44 bytes).
    Removing timers.o(i.vTimerSetTimerID), (44 bytes).
    Removing timers.o(i.xTimerCreate), (94 bytes).
    Removing timers.o(i.xTimerIsTimerActive), (56 bytes).
    Removing timers.o(i.xTimerPendFunctionCall), (80 bytes).
    Removing heap_4.o(i.vPortInitialiseBlocks), (2 bytes).
    Removing heap_4.o(i.xPortGetFreeHeapSize), (12 bytes).
    Removing heap_4.o(i.xPortGetMinimumEverFreeHeapSize), (12 bytes).
    Removing port.o(i.vPortEndScheduler), (48 bytes).

376 unused section(s) (total 18274 bytes) removed from the image.

==============================================================================

Image Symbol Table

    Local Symbols

    Symbol Name                              Value     Ov Type        Size  Object(Section)

    ../clib/microlib/init/entry.s            0x00000000   Number         0  entry9a.o ABSOLUTE
    ../clib/microlib/init/entry.s            0x00000000   Number         0  entry12a.o ABSOLUTE
    ../clib/microlib/init/entry.s            0x00000000   Number         0  entry9b.o ABSOLUTE
    ../clib/microlib/init/entry.s            0x00000000   Number         0  entry10b.o ABSOLUTE
    ../clib/microlib/init/entry.s            0x00000000   Number         0  entry11a.o ABSOLUTE
    ../clib/microlib/init/entry.s            0x00000000   Number         0  entry11b.o ABSOLUTE
    ../clib/microlib/init/entry.s            0x00000000   Number         0  entry10a.o ABSOLUTE
    ../clib/microlib/init/entry.s            0x00000000   Number         0  entry2.o ABSOLUTE
    ../clib/microlib/init/entry.s            0x00000000   Number         0  entry12b.o ABSOLUTE
    ../clib/microlib/init/entry.s            0x00000000   Number         0  entry.o ABSOLUTE
    ../clib/microlib/init/entry.s            0x00000000   Number         0  entry5.o ABSOLUTE
    ../clib/microlib/init/entry.s            0x00000000   Number         0  entry7a.o ABSOLUTE
    ../clib/microlib/init/entry.s            0x00000000   Number         0  entry7b.o ABSOLUTE
    ../clib/microlib/init/entry.s            0x00000000   Number         0  entry8a.o ABSOLUTE
    ../clib/microlib/init/entry.s            0x00000000   Number         0  entry8b.o ABSOLUTE
    ../clib/microlib/string/memcpy.c         0x00000000   Number         0  memcpya.o ABSOLUTE
    ../clib/microlib/string/memcpy.c         0x00000000   Number         0  memcpyb.o ABSOLUTE
    ../clib/microlib/string/memset.c         0x00000000   Number         0  memseta.o ABSOLUTE
    ../clib/microlib/string/strlen.c         0x00000000   Number         0  strlen.o ABSOLUTE
    ..\..\FreeRTOS\croutine.c                0x00000000   Number         0  croutine.o ABSOLUTE
    ..\..\FreeRTOS\event_groups.c            0x00000000   Number         0  event_groups.o ABSOLUTE
    ..\..\FreeRTOS\list.c                    0x00000000   Number         0  list.o ABSOLUTE
    ..\..\FreeRTOS\portable\MemMang\heap_4.c 0x00000000   Number         0  heap_4.o ABSOLUTE
    ..\..\FreeRTOS\portable\RVDS\ARM_CM4F\port.c 0x00000000   Number         0  port.o ABSOLUTE
    ..\..\FreeRTOS\queue.c                   0x00000000   Number         0  queue.o ABSOLUTE
    ..\..\FreeRTOS\tasks.c                   0x00000000   Number         0  tasks.o ABSOLUTE
    ..\..\FreeRTOS\timers.c                  0x00000000   Number         0  timers.o ABSOLUTE
    ..\..\Libraries\CMSIS\Device\ST\STM32F4xx\Source\Templates\arm\startup_stm32f40_41xxx.s 0x00000000   Number         0  startup_stm32f40_41xxx.o ABSOLUTE
    ..\..\Libraries\STM32F4xx_StdPeriph_Driver\src\misc.c 0x00000000   Number         0  misc.o ABSOLUTE
    ..\..\Libraries\STM32F4xx_StdPeriph_Driver\src\stm32f4xx_can.c 0x00000000   Number         0  stm32f4xx_can.o ABSOLUTE
    ..\..\Libraries\STM32F4xx_StdPeriph_Driver\src\stm32f4xx_exti.c 0x00000000   Number         0  stm32f4xx_exti.o ABSOLUTE
    ..\..\Libraries\STM32F4xx_StdPeriph_Driver\src\stm32f4xx_gpio.c 0x00000000   Number         0  stm32f4xx_gpio.o ABSOLUTE
    ..\..\Libraries\STM32F4xx_StdPeriph_Driver\src\stm32f4xx_rcc.c 0x00000000   Number         0  stm32f4xx_rcc.o ABSOLUTE
    ..\..\Libraries\STM32F4xx_StdPeriph_Driver\src\stm32f4xx_syscfg.c 0x00000000   Number         0  stm32f4xx_syscfg.o ABSOLUTE
    ..\..\Libraries\STM32F4xx_StdPeriph_Driver\src\stm32f4xx_tim.c 0x00000000   Number         0  stm32f4xx_tim.o ABSOLUTE
    ..\..\Libraries\STM32F4xx_StdPeriph_Driver\src\stm32f4xx_usart.c 0x00000000   Number         0  stm32f4xx_usart.o ABSOLUTE
    ..\..\User\Motor_control.c               0x00000000   Number         0  motor_control.o ABSOLUTE
    ..\..\User\Motor_data_process.c          0x00000000   Number         0  motor_data_process.o ABSOLUTE
    ..\..\User\bsp\bsp.c                     0x00000000   Number         0  bsp.o ABSOLUTE
    ..\..\User\bsp\bsp_can.c                 0x00000000   Number         0  bsp_can.o ABSOLUTE
    ..\..\User\bsp\src\bsp_key.c             0x00000000   Number         0  bsp_key.o ABSOLUTE
    ..\..\User\bsp\src\bsp_led.c             0x00000000   Number         0  bsp_led.o ABSOLUTE
    ..\..\User\bsp\src\bsp_tim_pwm.c         0x00000000   Number         0  bsp_tim_pwm.o ABSOLUTE
    ..\..\User\bsp\src\bsp_uart_fifo.c       0x00000000   Number         0  bsp_uart_fifo.o ABSOLUTE
    ..\..\User\bsp\stm32f4xx_assert.c        0x00000000   Number         0  stm32f4xx_assert.o ABSOLUTE
    ..\..\User\bsp\stm32f4xx_it.c            0x00000000   Number         0  stm32f4xx_it.o ABSOLUTE
    ..\..\User\bsp\system_stm32f4xx.c        0x00000000   Number         0  system_stm32f4xx.o ABSOLUTE
    ..\..\User\delay.c                       0x00000000   Number         0  delay.o ABSOLUTE
    ..\..\User\main.c                        0x00000000   Number         0  main.o ABSOLUTE
    ..\\..\\FreeRTOS\\portable\\RVDS\\ARM_CM4F\\port.c 0x00000000   Number         0  port.o ABSOLUTE
    ..\\..\\Libraries\\STM32F4xx_StdPeriph_Driver\\src\\misc.c 0x00000000   Number         0  misc.o ABSOLUTE
    ..\\..\\Libraries\\STM32F4xx_StdPeriph_Driver\\src\\stm32f4xx_can.c 0x00000000   Number         0  stm32f4xx_can.o ABSOLUTE
    ..\\..\\Libraries\\STM32F4xx_StdPeriph_Driver\\src\\stm32f4xx_exti.c 0x00000000   Number         0  stm32f4xx_exti.o ABSOLUTE
    ..\\..\\Libraries\\STM32F4xx_StdPeriph_Driver\\src\\stm32f4xx_gpio.c 0x00000000   Number         0  stm32f4xx_gpio.o ABSOLUTE
    ..\\..\\Libraries\\STM32F4xx_StdPeriph_Driver\\src\\stm32f4xx_rcc.c 0x00000000   Number         0  stm32f4xx_rcc.o ABSOLUTE
    ..\\..\\Libraries\\STM32F4xx_StdPeriph_Driver\\src\\stm32f4xx_syscfg.c 0x00000000   Number         0  stm32f4xx_syscfg.o ABSOLUTE
    ..\\..\\Libraries\\STM32F4xx_StdPeriph_Driver\\src\\stm32f4xx_tim.c 0x00000000   Number         0  stm32f4xx_tim.o ABSOLUTE
    ..\\..\\Libraries\\STM32F4xx_StdPeriph_Driver\\src\\stm32f4xx_usart.c 0x00000000   Number         0  stm32f4xx_usart.o ABSOLUTE
    ..\\..\\User\\Motor_control.c            0x00000000   Number         0  motor_control.o ABSOLUTE
    ..\\..\\User\\Motor_data_process.c       0x00000000   Number         0  motor_data_process.o ABSOLUTE
    ..\\..\\User\\bsp\\bsp.c                 0x00000000   Number         0  bsp.o ABSOLUTE
    ..\\..\\User\\bsp\\bsp_can.c             0x00000000   Number         0  bsp_can.o ABSOLUTE
    ..\\..\\User\\bsp\\src\\bsp_key.c        0x00000000   Number         0  bsp_key.o ABSOLUTE
    ..\\..\\User\\bsp\\src\\bsp_led.c        0x00000000   Number         0  bsp_led.o ABSOLUTE
    ..\\..\\User\\bsp\\src\\bsp_tim_pwm.c    0x00000000   Number         0  bsp_tim_pwm.o ABSOLUTE
    ..\\..\\User\\bsp\\src\\bsp_uart_fifo.c  0x00000000   Number         0  bsp_uart_fifo.o ABSOLUTE
    ..\\..\\User\\bsp\\stm32f4xx_assert.c    0x00000000   Number         0  stm32f4xx_assert.o ABSOLUTE
    ..\\..\\User\\bsp\\stm32f4xx_it.c        0x00000000   Number         0  stm32f4xx_it.o ABSOLUTE
    ..\\..\\User\\bsp\\system_stm32f4xx.c    0x00000000   Number         0  system_stm32f4xx.o ABSOLUTE
    ..\\..\\User\\delay.c                    0x00000000   Number         0  delay.o ABSOLUTE
    ..\\..\\User\\main.c                     0x00000000   Number         0  main.o ABSOLUTE
    dc.s                                     0x00000000   Number         0  dc.o ABSOLUTE
    handlers.s                               0x00000000   Number         0  handlers.o ABSOLUTE
    init.s                                   0x00000000   Number         0  init.o ABSOLUTE
    RESET                                    0x08000000   Section      392  startup_stm32f40_41xxx.o(RESET)
    .ARM.Collect$$$$00000000                 0x08000188   Section        0  entry.o(.ARM.Collect$$$$00000000)
    .ARM.Collect$$$$00000001                 0x08000188   Section        4  entry2.o(.ARM.Collect$$$$00000001)
    .ARM.Collect$$$$00000004                 0x0800018c   Section        4  entry5.o(.ARM.Collect$$$$00000004)
    .ARM.Collect$$$$00000008                 0x08000190   Section        0  entry7b.o(.ARM.Collect$$$$00000008)
    .ARM.Collect$$$$0000000A                 0x08000190   Section        0  entry8b.o(.ARM.Collect$$$$0000000A)
    .ARM.Collect$$$$0000000B                 0x08000190   Section        8  entry9a.o(.ARM.Collect$$$$0000000B)
    .ARM.Collect$$$$0000000E                 0x08000198   Section        4  entry12b.o(.ARM.Collect$$$$0000000E)
    .ARM.Collect$$$$0000000F                 0x0800019c   Section        0  entry10a.o(.ARM.Collect$$$$0000000F)
    .ARM.Collect$$$$00000011                 0x0800019c   Section        0  entry11a.o(.ARM.Collect$$$$00000011)
    .ARM.Collect$$$$00002712                 0x0800019c   Section        4  entry2.o(.ARM.Collect$$$$00002712)
    __lit__00000000                          0x0800019c   Data           4  entry2.o(.ARM.Collect$$$$00002712)
    .emb_text                                0x080001a0   Section      182  port.o(.emb_text)
    $v0                                      0x080001a0   Number         0  port.o(.emb_text)
    .text                                    0x08000258   Section       36  startup_stm32f40_41xxx.o(.text)
    $v0                                      0x08000258   Number         0  startup_stm32f40_41xxx.o(.text)
    .text                                    0x0800027c   Section        0  memcpya.o(.text)
    .text                                    0x080002a0   Section        0  memseta.o(.text)
    .text                                    0x080002c4   Section       36  init.o(.text)
    i.AppObjCreate                           0x080002e8   Section        0  main.o(i.AppObjCreate)
    AppObjCreate                             0x080002e9   Thumb Code    52  main.o(i.AppObjCreate)
    i.AppTaskCreate                          0x0800032c   Section        0  main.o(i.AppTaskCreate)
    AppTaskCreate                            0x0800032d   Thumb Code   116  main.o(i.AppTaskCreate)
    i.BusFault_Handler                       0x080003f0   Section        0  stm32f4xx_it.o(i.BusFault_Handler)
    i.CAN2_RX0_IRQHandler                    0x080003f4   Section        0  bsp_can.o(i.CAN2_RX0_IRQHandler)
    i.CAN_DeInit                             0x08000454   Section        0  stm32f4xx_can.o(i.CAN_DeInit)
    i.CAN_FilterInit                         0x0800048c   Section        0  stm32f4xx_can.o(i.CAN_FilterInit)
    i.CAN_ITConfig                           0x08000594   Section        0  stm32f4xx_can.o(i.CAN_ITConfig)
    i.CAN_Init                               0x080005a6   Section        0  stm32f4xx_can.o(i.CAN_Init)
    i.CAN_Receive                            0x080006ba   Section        0  stm32f4xx_can.o(i.CAN_Receive)
    i.CAN_Transmit                           0x080007aa   Section        0  stm32f4xx_can.o(i.CAN_Transmit)
    i.ConfigUartNVIC                         0x080008d0   Section        0  bsp_uart_fifo.o(i.ConfigUartNVIC)
    ConfigUartNVIC                           0x080008d1   Thumb Code    34  bsp_uart_fifo.o(i.ConfigUartNVIC)
    i.DebugMon_Handler                       0x080008f2   Section        0  stm32f4xx_it.o(i.DebugMon_Handler)
    i.EXTI9_5_IRQHandler                     0x080008f4   Section        0  motor_control.o(i.EXTI9_5_IRQHandler)
    i.EXTI_ClearITPendingBit                 0x0800096c   Section        0  stm32f4xx_exti.o(i.EXTI_ClearITPendingBit)
    i.EXTI_GetITStatus                       0x08000978   Section        0  stm32f4xx_exti.o(i.EXTI_GetITStatus)
    i.EXTI_Init                              0x08000990   Section        0  stm32f4xx_exti.o(i.EXTI_Init)
    i.GPIO_Init                              0x08000a24   Section        0  stm32f4xx_gpio.o(i.GPIO_Init)
    i.GPIO_PinAFConfig                       0x08000ab4   Section        0  stm32f4xx_gpio.o(i.GPIO_PinAFConfig)
    i.GPIO_ResetBits                         0x08000afa   Section        0  stm32f4xx_gpio.o(i.GPIO_ResetBits)
    i.GPIO_SetBits                           0x08000afe   Section        0  stm32f4xx_gpio.o(i.GPIO_SetBits)
    i.HardFault_Handler                      0x08000b04   Section        0  stm32f4xx_it.o(i.HardFault_Handler)
    i.Incremental_position_closed_loop1      0x08000b5c   Section        0  motor_control.o(i.Incremental_position_closed_loop1)
    i.Incremental_position_closed_loop2      0x08000bbc   Section        0  motor_control.o(i.Incremental_position_closed_loop2)
    i.InitHardUart                           0x08000c24   Section        0  bsp_uart_fifo.o(i.InitHardUart)
    InitHardUart                             0x08000c25   Thumb Code   164  bsp_uart_fifo.o(i.InitHardUart)
    i.IsKeyDown0                             0x08000cd0   Section        0  bsp_key.o(i.IsKeyDown0)
    IsKeyDown0                               0x08000cd1   Thumb Code    18  bsp_key.o(i.IsKeyDown0)
    i.IsKeyDown1                             0x08000ce8   Section        0  bsp_key.o(i.IsKeyDown1)
    IsKeyDown1                               0x08000ce9   Thumb Code    18  bsp_key.o(i.IsKeyDown1)
    i.IsKeyDownWKUP                          0x08000d00   Section        0  bsp_key.o(i.IsKeyDownWKUP)
    IsKeyDownWKUP                            0x08000d01   Thumb Code    18  bsp_key.o(i.IsKeyDownWKUP)
    i.LED_Init                               0x08000d18   Section        0  bsp_led.o(i.LED_Init)
    i.MemManage_Handler                      0x08000d88   Section        0  stm32f4xx_it.o(i.MemManage_Handler)
    i.Motor_Init                             0x08000d8c   Section        0  motor_control.o(i.Motor_Init)
    i.Motor_control                          0x08000dc8   Section        0  motor_control.o(i.Motor_control)
    i.Motor_operation                        0x08000f70   Section        0  motor_control.o(i.Motor_operation)
    i.Multiloop_position_closedloop_control1 0x08000fc0   Section        0  motor_control.o(i.Multiloop_position_closedloop_control1)
    i.NMI_Handler                            0x08001020   Section        0  stm32f4xx_it.o(i.NMI_Handler)
    i.NVIC_Init                              0x08001024   Section        0  misc.o(i.NVIC_Init)
    i.NVIC_PriorityGroupConfig               0x0800109c   Section        0  misc.o(i.NVIC_PriorityGroupConfig)
    i.RCC_AHB1PeriphClockCmd                 0x080010b0   Section        0  stm32f4xx_rcc.o(i.RCC_AHB1PeriphClockCmd)
    i.RCC_APB1PeriphClockCmd                 0x080010d0   Section        0  stm32f4xx_rcc.o(i.RCC_APB1PeriphClockCmd)
    i.RCC_APB1PeriphResetCmd                 0x080010f0   Section        0  stm32f4xx_rcc.o(i.RCC_APB1PeriphResetCmd)
    i.RCC_APB2PeriphClockCmd                 0x08001110   Section        0  stm32f4xx_rcc.o(i.RCC_APB2PeriphClockCmd)
    i.RCC_GetClocksFreq                      0x08001130   Section        0  stm32f4xx_rcc.o(i.RCC_GetClocksFreq)
    i.RS485_InitTXE                          0x08001218   Section        0  bsp_uart_fifo.o(i.RS485_InitTXE)
    i.Read_encoder_data                      0x0800124c   Section        0  motor_control.o(i.Read_encoder_data)
    i.SYSCFG_EXTILineConfig                  0x0800129c   Section        0  stm32f4xx_syscfg.o(i.SYSCFG_EXTILineConfig)
    i.SetSysClock                            0x080012dc   Section        0  system_stm32f4xx.o(i.SetSysClock)
    SetSysClock                              0x080012dd   Thumb Code   220  system_stm32f4xx.o(i.SetSysClock)
    i.SysTick_CLKSourceConfig                0x080013c8   Section        0  misc.o(i.SysTick_CLKSourceConfig)
    i.SysTick_Handler                        0x080013f0   Section        0  port.o(i.SysTick_Handler)
    i.SystemCoreClockUpdate                  0x08001424   Section        0  system_stm32f4xx.o(i.SystemCoreClockUpdate)
    i.SystemInit                             0x080014e4   Section        0  system_stm32f4xx.o(i.SystemInit)
    i.USART1_IRQHandler                      0x0800154c   Section        0  bsp_uart_fifo.o(i.USART1_IRQHandler)
    i.USART_ClearFlag                        0x0800155c   Section        0  stm32f4xx_usart.o(i.USART_ClearFlag)
    i.USART_Cmd                              0x0800156e   Section        0  stm32f4xx_usart.o(i.USART_Cmd)
    i.USART_GetITStatus                      0x08001586   Section        0  stm32f4xx_usart.o(i.USART_GetITStatus)
    i.USART_ITConfig                         0x080015da   Section        0  stm32f4xx_usart.o(i.USART_ITConfig)
    i.USART_Init                             0x08001624   Section        0  stm32f4xx_usart.o(i.USART_Init)
    i.USART_ReceiveData                      0x080016f8   Section        0  stm32f4xx_usart.o(i.USART_ReceiveData)
    i.USART_SendData                         0x08001702   Section        0  stm32f4xx_usart.o(i.USART_SendData)
    i.UartIRQ                                0x0800170a   Section        0  bsp_uart_fifo.o(i.UartIRQ)
    UartIRQ                                  0x0800170b   Thumb Code   230  bsp_uart_fifo.o(i.UartIRQ)
    i.UartVarInit                            0x080017f0   Section        0  bsp_uart_fifo.o(i.UartVarInit)
    UartVarInit                              0x080017f1   Thumb Code    44  bsp_uart_fifo.o(i.UartVarInit)
    i.UsageFault_Handler                     0x0800182c   Section        0  stm32f4xx_it.o(i.UsageFault_Handler)
    i.__scatterload_copy                     0x08001830   Section       14  handlers.o(i.__scatterload_copy)
    i.__scatterload_null                     0x0800183e   Section        2  handlers.o(i.__scatterload_null)
    i.__scatterload_zeroinit                 0x08001840   Section       14  handlers.o(i.__scatterload_zeroinit)
    i.bsp_DetectKey                          0x08001850   Section        0  bsp_key.o(i.bsp_DetectKey)
    bsp_DetectKey                            0x08001851   Thumb Code   198  bsp_key.o(i.bsp_DetectKey)
    i.bsp_GetKey                             0x0800191c   Section        0  bsp_key.o(i.bsp_GetKey)
    i.bsp_Init                               0x08001950   Section        0  bsp.o(i.bsp_Init)
    i.bsp_InitCan2                           0x0800197c   Section        0  bsp_can.o(i.bsp_InitCan2)
    i.bsp_InitKey                            0x08001a64   Section        0  bsp_key.o(i.bsp_InitKey)
    i.bsp_InitKeyHard                        0x08001a70   Section        0  bsp_key.o(i.bsp_InitKeyHard)
    bsp_InitKeyHard                          0x08001a71   Thumb Code    76  bsp_key.o(i.bsp_InitKeyHard)
    i.bsp_InitKeyVar                         0x08001ac4   Section        0  bsp_key.o(i.bsp_InitKeyVar)
    bsp_InitKeyVar                           0x08001ac5   Thumb Code    82  bsp_key.o(i.bsp_InitKeyVar)
    i.bsp_InitLed                            0x08001b2c   Section        0  bsp_led.o(i.bsp_InitLed)
    i.bsp_InitUart                           0x08001b40   Section        0  bsp_uart_fifo.o(i.bsp_InitUart)
    i.bsp_KeyScan                            0x08001b54   Section        0  bsp_key.o(i.bsp_KeyScan)
    i.bsp_LedOff                             0x08001b6c   Section        0  bsp_led.o(i.bsp_LedOff)
    i.bsp_LedOn                              0x08001b90   Section        0  bsp_led.o(i.bsp_LedOn)
    i.bsp_PutKey                             0x08001bb4   Section        0  bsp_key.o(i.bsp_PutKey)
    i.can_NVIC_Config                        0x08001bd4   Section        0  bsp_can.o(i.can_NVIC_Config)
    can_NVIC_Config                          0x08001bd5   Thumb Code    44  bsp_can.o(i.can_NVIC_Config)
    i.delay_init                             0x08001c04   Section        0  delay.o(i.delay_init)
    i.delay_ms                               0x08001c40   Section        0  delay.o(i.delay_ms)
    i.delay_xms                              0x08001c78   Section        0  delay.o(i.delay_xms)
    i.main                                   0x08001cc4   Section        0  main.o(i.main)
    i.motor_data_process                     0x08001ce0   Section        0  motor_data_process.o(i.motor_data_process)
    i.motor_gpio_init                        0x08001ffc   Section        0  motor_control.o(i.motor_gpio_init)
    i.prvAddCurrentTaskToDelayedList         0x08002080   Section        0  tasks.o(i.prvAddCurrentTaskToDelayedList)
    prvAddCurrentTaskToDelayedList           0x08002081   Thumb Code    62  tasks.o(i.prvAddCurrentTaskToDelayedList)
    i.prvAllocateTCBAndStack                 0x080020d4   Section        0  tasks.o(i.prvAllocateTCBAndStack)
    prvAllocateTCBAndStack                   0x080020d5   Thumb Code    66  tasks.o(i.prvAllocateTCBAndStack)
    i.prvCheckForValidListAndQueue           0x08002118   Section        0  timers.o(i.prvCheckForValidListAndQueue)
    prvCheckForValidListAndQueue             0x08002119   Thumb Code    84  timers.o(i.prvCheckForValidListAndQueue)
    i.prvCheckTasksWaitingTermination        0x08002180   Section        0  tasks.o(i.prvCheckTasksWaitingTermination)
    prvCheckTasksWaitingTermination          0x08002181   Thumb Code    86  tasks.o(i.prvCheckTasksWaitingTermination)
    i.prvCopyDataFromQueue                   0x080021e4   Section        0  queue.o(i.prvCopyDataFromQueue)
    prvCopyDataFromQueue                     0x080021e5   Thumb Code    42  queue.o(i.prvCopyDataFromQueue)
    i.prvCopyDataToQueue                     0x0800220e   Section        0  queue.o(i.prvCopyDataToQueue)
    prvCopyDataToQueue                       0x0800220f   Thumb Code   128  queue.o(i.prvCopyDataToQueue)
    i.prvDeleteTCB                           0x0800228e   Section        0  tasks.o(i.prvDeleteTCB)
    prvDeleteTCB                             0x0800228f   Thumb Code    18  tasks.o(i.prvDeleteTCB)
    i.prvGetNextExpireTime                   0x080022a0   Section        0  timers.o(i.prvGetNextExpireTime)
    prvGetNextExpireTime                     0x080022a1   Thumb Code    36  timers.o(i.prvGetNextExpireTime)
    i.prvHeapInit                            0x080022c8   Section        0  heap_4.o(i.prvHeapInit)
    prvHeapInit                              0x080022c9   Thumb Code    98  heap_4.o(i.prvHeapInit)
    i.prvIdleTask                            0x08002344   Section        0  tasks.o(i.prvIdleTask)
    prvIdleTask                              0x08002345   Thumb Code    32  tasks.o(i.prvIdleTask)
    i.prvInitialiseTCBVariables              0x0800236c   Section        0  tasks.o(i.prvInitialiseTCBVariables)
    prvInitialiseTCBVariables                0x0800236d   Thumb Code    98  tasks.o(i.prvInitialiseTCBVariables)
    i.prvInitialiseTaskLists                 0x080023d0   Section        0  tasks.o(i.prvInitialiseTaskLists)
    prvInitialiseTaskLists                   0x080023d1   Thumb Code    70  tasks.o(i.prvInitialiseTaskLists)
    i.prvInsertBlockIntoFreeList             0x08002438   Section        0  heap_4.o(i.prvInsertBlockIntoFreeList)
    prvInsertBlockIntoFreeList               0x08002439   Thumb Code    96  heap_4.o(i.prvInsertBlockIntoFreeList)
    i.prvInsertTimerInActiveList             0x080024a0   Section        0  timers.o(i.prvInsertTimerInActiveList)
    prvInsertTimerInActiveList               0x080024a1   Thumb Code    80  timers.o(i.prvInsertTimerInActiveList)
    i.prvIsQueueEmpty                        0x080024f8   Section        0  queue.o(i.prvIsQueueEmpty)
    prvIsQueueEmpty                          0x080024f9   Thumb Code    26  queue.o(i.prvIsQueueEmpty)
    i.prvIsQueueFull                         0x08002512   Section        0  queue.o(i.prvIsQueueFull)
    prvIsQueueFull                           0x08002513   Thumb Code    30  queue.o(i.prvIsQueueFull)
    i.prvProcessExpiredTimer                 0x08002530   Section        0  timers.o(i.prvProcessExpiredTimer)
    prvProcessExpiredTimer                   0x08002531   Thumb Code    96  timers.o(i.prvProcessExpiredTimer)
    i.prvProcessReceivedCommands             0x08002594   Section        0  timers.o(i.prvProcessReceivedCommands)
    prvProcessReceivedCommands               0x08002595   Thumb Code   288  timers.o(i.prvProcessReceivedCommands)
    i.prvProcessTimerOrBlockTask             0x080026b8   Section        0  timers.o(i.prvProcessTimerOrBlockTask)
    prvProcessTimerOrBlockTask               0x080026b9   Thumb Code   102  timers.o(i.prvProcessTimerOrBlockTask)
    i.prvResetNextTaskUnblockTime            0x0800272c   Section        0  tasks.o(i.prvResetNextTaskUnblockTime)
    prvResetNextTaskUnblockTime              0x0800272d   Thumb Code    42  tasks.o(i.prvResetNextTaskUnblockTime)
    i.prvSampleTimeNow                       0x08002760   Section        0  timers.o(i.prvSampleTimeNow)
    prvSampleTimeNow                         0x08002761   Thumb Code    40  timers.o(i.prvSampleTimeNow)
    i.prvSwitchTimerLists                    0x0800278c   Section        0  timers.o(i.prvSwitchTimerLists)
    prvSwitchTimerLists                      0x0800278d   Thumb Code   150  timers.o(i.prvSwitchTimerLists)
    i.prvTaskExitError                       0x0800282c   Section        0  port.o(i.prvTaskExitError)
    prvTaskExitError                         0x0800282d   Thumb Code    60  port.o(i.prvTaskExitError)
    i.prvTestWaitCondition                   0x0800286c   Section        0  event_groups.o(i.prvTestWaitCondition)
    prvTestWaitCondition                     0x0800286d   Thumb Code    30  event_groups.o(i.prvTestWaitCondition)
    i.prvTimerTask                           0x0800288a   Section        0  timers.o(i.prvTimerTask)
    prvTimerTask                             0x0800288b   Thumb Code    26  timers.o(i.prvTimerTask)
    i.prvUnlockQueue                         0x080028a4   Section        0  queue.o(i.prvUnlockQueue)
    prvUnlockQueue                           0x080028a5   Thumb Code   126  queue.o(i.prvUnlockQueue)
    i.pvPortMalloc                           0x08002924   Section        0  heap_4.o(i.pvPortMalloc)
    i.pvTaskIncrementMutexHeldCount          0x08002a60   Section        0  tasks.o(i.pvTaskIncrementMutexHeldCount)
    i.pxPortInitialiseStack                  0x08002a80   Section        0  port.o(i.pxPortInitialiseStack)
    i.uxListRemove                           0x08002aa8   Section        0  list.o(i.uxListRemove)
    i.uxTaskResetEventItemValue              0x08002ad0   Section        0  tasks.o(i.uxTaskResetEventItemValue)
    i.vEventGroupSetBitsCallback             0x08002aec   Section        0  event_groups.o(i.vEventGroupSetBitsCallback)
    i.vListInitialise                        0x08002afc   Section        0  list.o(i.vListInitialise)
    i.vListInitialiseItem                    0x08002b16   Section        0  list.o(i.vListInitialiseItem)
    i.vListInsert                            0x08002b1c   Section        0  list.o(i.vListInsert)
    i.vListInsertEnd                         0x08002b50   Section        0  list.o(i.vListInsertEnd)
    i.vPortEnterCritical                     0x08002b68   Section        0  port.o(i.vPortEnterCritical)
    i.vPortExitCritical                      0x08002bbc   Section        0  port.o(i.vPortExitCritical)
    i.vPortFree                              0x08002bf8   Section        0  heap_4.o(i.vPortFree)
    i.vPortSetupTimerInterrupt               0x08002c8c   Section        0  port.o(i.vPortSetupTimerInterrupt)
    i.vPortValidateInterruptPriority         0x08002ca0   Section        0  port.o(i.vPortValidateInterruptPriority)
    i.vQueueWaitForMessageRestricted         0x08002d18   Section        0  queue.o(i.vQueueWaitForMessageRestricted)
    i.vTaskDelay                             0x08002d5c   Section        0  tasks.o(i.vTaskDelay)
    i.vTaskLED                               0x08002de8   Section        0  main.o(i.vTaskLED)
    vTaskLED                                 0x08002de9   Thumb Code    60  main.o(i.vTaskLED)
    i.vTaskMissedYield                       0x08002e28   Section        0  tasks.o(i.vTaskMissedYield)
    i.vTaskMsgPro                            0x08002e34   Section        0  main.o(i.vTaskMsgPro)
    vTaskMsgPro                              0x08002e35   Thumb Code    44  main.o(i.vTaskMsgPro)
    i.vTaskPlaceOnEventList                  0x08002e64   Section        0  tasks.o(i.vTaskPlaceOnEventList)
    i.vTaskPlaceOnEventListRestricted        0x08002ee0   Section        0  tasks.o(i.vTaskPlaceOnEventListRestricted)
    i.vTaskPlaceOnUnorderedEventList         0x08002f64   Section        0  tasks.o(i.vTaskPlaceOnUnorderedEventList)
    i.vTaskPriorityInherit                   0x08003018   Section        0  tasks.o(i.vTaskPriorityInherit)
    i.vTaskSetTimeOutState                   0x080030c8   Section        0  tasks.o(i.vTaskSetTimeOutState)
    i.vTaskStart                             0x080030f8   Section        0  main.o(i.vTaskStart)
    vTaskStart                               0x080030f9   Thumb Code    14  main.o(i.vTaskStart)
    i.vTaskStartScheduler                    0x08003108   Section        0  tasks.o(i.vTaskStartScheduler)
    i.vTaskSuspendAll                        0x08003190   Section        0  tasks.o(i.vTaskSuspendAll)
    i.vTaskSwitchContext                     0x080031a0   Section        0  tasks.o(i.vTaskSwitchContext)
    i.vTaskTaskUserIF                        0x0800322c   Section        0  main.o(i.vTaskTaskUserIF)
    vTaskTaskUserIF                          0x0800322d   Thumb Code    14  main.o(i.vTaskTaskUserIF)
    i.xEventGroupCreate                      0x0800323a   Section        0  event_groups.o(i.xEventGroupCreate)
    i.xEventGroupSetBits                     0x08003254   Section        0  event_groups.o(i.xEventGroupSetBits)
    i.xEventGroupSetBitsFromISR              0x08003324   Section        0  event_groups.o(i.xEventGroupSetBitsFromISR)
    i.xEventGroupWaitBits                    0x08003348   Section        0  event_groups.o(i.xEventGroupWaitBits)
    i.xPortStartScheduler                    0x0800349c   Section        0  port.o(i.xPortStartScheduler)
    i.xQueueCreateCountingSemaphore          0x080035d8   Section        0  queue.o(i.xQueueCreateCountingSemaphore)
    i.xQueueGenericCreate                    0x0800364c   Section        0  queue.o(i.xQueueGenericCreate)
    i.xQueueGenericReceive                   0x080036d4   Section        0  queue.o(i.xQueueGenericReceive)
    i.xQueueGenericReset                     0x08003880   Section        0  queue.o(i.xQueueGenericReset)
    i.xQueueGenericSend                      0x08003914   Section        0  queue.o(i.xQueueGenericSend)
    i.xQueueGenericSendFromISR               0x08003ab4   Section        0  queue.o(i.xQueueGenericSendFromISR)
    i.xTaskCheckForTimeOut                   0x08003ba4   Section        0  tasks.o(i.xTaskCheckForTimeOut)
    i.xTaskGenericCreate                     0x08003c30   Section        0  tasks.o(i.xTaskGenericCreate)
    i.xTaskGetSchedulerState                 0x08003da0   Section        0  tasks.o(i.xTaskGetSchedulerState)
    i.xTaskGetTickCount                      0x08003dc0   Section        0  tasks.o(i.xTaskGetTickCount)
    i.xTaskIncrementTick                     0x08003dcc   Section        0  tasks.o(i.xTaskIncrementTick)
    i.xTaskPriorityDisinherit                0x08003f18   Section        0  tasks.o(i.xTaskPriorityDisinherit)
    i.xTaskRemoveFromEventList               0x08003fe0   Section        0  tasks.o(i.xTaskRemoveFromEventList)
    i.xTaskRemoveFromUnorderedEventList      0x08004078   Section        0  tasks.o(i.xTaskRemoveFromUnorderedEventList)
    i.xTaskResumeAll                         0x08004128   Section        0  tasks.o(i.xTaskResumeAll)
    i.xTimerCreateTimerTask                  0x0800422c   Section        0  timers.o(i.xTimerCreateTimerTask)
    i.xTimerGenericCommand                   0x08004284   Section        0  timers.o(i.xTimerGenericCommand)
    i.xTimerPendFunctionCallFromISR          0x08004308   Section        0  timers.o(i.xTimerPendFunctionCallFromISR)
    .data                                    0x20000000   Section       38  main.o(.data)
    xHandleTaskUserIF                        0x20000000   Data           4  main.o(.data)
    xHandleTaskLED                           0x20000004   Data           4  main.o(.data)
    xHandleTaskMsgPro                        0x20000008   Data           4  main.o(.data)
    xHandleTaskStart                         0x2000000c   Data           4  main.o(.data)
    .data                                    0x20000028   Section       13  motor_control.o(.data)
    .data                                    0x20000036   Section        2  motor_data_process.o(.data)
    .data                                    0x20000038   Section        8  delay.o(.data)
    fac_us                                   0x20000038   Data           1  delay.o(.data)
    fac_ms                                   0x2000003a   Data           2  delay.o(.data)
    .data                                    0x20000040   Section        6  bsp_key.o(.data)
    .data                                    0x20000046   Section       16  stm32f4xx_rcc.o(.data)
    APBAHBPrescTable                         0x20000046   Data          16  stm32f4xx_rcc.o(.data)
    .data                                    0x20000058   Section       20  system_stm32f4xx.o(.data)
    .data                                    0x2000006c   Section       56  tasks.o(.data)
    pxDelayedTaskList                        0x20000070   Data           4  tasks.o(.data)
    pxOverflowDelayedTaskList                0x20000074   Data           4  tasks.o(.data)
    uxTasksDeleted                           0x20000078   Data           4  tasks.o(.data)
    uxCurrentNumberOfTasks                   0x2000007c   Data           4  tasks.o(.data)
    xTickCount                               0x20000080   Data           4  tasks.o(.data)
    uxTopReadyPriority                       0x20000084   Data           4  tasks.o(.data)
    xSchedulerRunning                        0x20000088   Data           4  tasks.o(.data)
    uxPendedTicks                            0x2000008c   Data           4  tasks.o(.data)
    xYieldPending                            0x20000090   Data           4  tasks.o(.data)
    xNumOfOverflows                          0x20000094   Data           4  tasks.o(.data)
    uxTaskNumber                             0x20000098   Data           4  tasks.o(.data)
    xNextTaskUnblockTime                     0x2000009c   Data           4  tasks.o(.data)
    uxSchedulerSuspended                     0x200000a0   Data           4  tasks.o(.data)
    .data                                    0x200000a4   Section       16  timers.o(.data)
    pxCurrentTimerList                       0x200000a4   Data           4  timers.o(.data)
    pxOverflowTimerList                      0x200000a8   Data           4  timers.o(.data)
    xTimerQueue                              0x200000ac   Data           4  timers.o(.data)
    xLastTime                                0x200000b0   Data           4  timers.o(.data)
    .data                                    0x200000b4   Section       24  heap_4.o(.data)
    xStart                                   0x200000b4   Data           8  heap_4.o(.data)
    pxEnd                                    0x200000bc   Data           4  heap_4.o(.data)
    xFreeBytesRemaining                      0x200000c0   Data           4  heap_4.o(.data)
    xMinimumEverFreeBytesRemaining           0x200000c4   Data           4  heap_4.o(.data)
    xBlockAllocatedBit                       0x200000c8   Data           4  heap_4.o(.data)
    .data                                    0x200000cc   Section       12  port.o(.data)
    uxCriticalNesting                        0x200000cc   Data           4  port.o(.data)
    ucMaxSysCallPriority                     0x200000d0   Data           1  port.o(.data)
    ulMaxPRIGROUPValue                       0x200000d4   Data           4  port.o(.data)
    .bss                                     0x200000d8   Section       40  main.o(.bss)
    .bss                                     0x20000100   Section       72  motor_data_process.o(.bss)
    .bss                                     0x20000148   Section       48  bsp_key.o(.bss)
    .bss                                     0x20000178   Section     2088  bsp_uart_fifo.o(.bss)
    g_tUart1                                 0x20000178   Data          40  bsp_uart_fifo.o(.bss)
    g_TxBuf1                                 0x200001a0   Data        1024  bsp_uart_fifo.o(.bss)
    g_RxBuf1                                 0x200005a0   Data        1024  bsp_uart_fifo.o(.bss)
    .bss                                     0x200009a0   Section      220  tasks.o(.bss)
    pxReadyTasksLists                        0x200009a0   Data         120  tasks.o(.bss)
    xDelayedTaskList1                        0x20000a18   Data          20  tasks.o(.bss)
    xDelayedTaskList2                        0x20000a2c   Data          20  tasks.o(.bss)
    xPendingReadyList                        0x20000a40   Data          20  tasks.o(.bss)
    xTasksWaitingTermination                 0x20000a54   Data          20  tasks.o(.bss)
    xSuspendedTaskList                       0x20000a68   Data          20  tasks.o(.bss)
    .bss                                     0x20000a7c   Section       40  timers.o(.bss)
    xActiveTimerList1                        0x20000a7c   Data          20  timers.o(.bss)
    xActiveTimerList2                        0x20000a90   Data          20  timers.o(.bss)
    .bss                                     0x20000aa4   Section    30720  heap_4.o(.bss)
    ucHeap                                   0x20000aa4   Data       30720  heap_4.o(.bss)
    STACK                                    0x200082a8   Section     1024  startup_stm32f40_41xxx.o(STACK)

    Global Symbols

    Symbol Name                              Value     Ov Type        Size  Object(Section)

    BuildAttributes$$THM_ISAv4$E$P$D$K$B$S$7EM$VFPi3$EXTD16$VFPS$VFMA$PE$A:L22UL41UL21$X:L11$S22US41US21$IEEE1$IW$USESV6$~STKCKD$USESV7$~SHL$OSPACE$EBA8$MICROLIB$REQ8$PRES8$EABIv2 0x00000000   Number         0  anon$$obj.o ABSOLUTE
    __ARM_use_no_argv                        0x00000000   Number         0  main.o ABSOLUTE
    __arm_fini_                               - Undefined Weak Reference
    __cpp_initialize__aeabi_                  - Undefined Weak Reference
    __cxa_finalize                            - Undefined Weak Reference
    __decompress                              - Undefined Weak Reference
    _clock_init                               - Undefined Weak Reference
    _microlib_exit                            - Undefined Weak Reference
    __Vectors_Size                           0x00000188   Number         0  startup_stm32f40_41xxx.o ABSOLUTE
    __Vectors                                0x08000000   Data           4  startup_stm32f40_41xxx.o(RESET)
    __Vectors_End                            0x08000188   Data           0  startup_stm32f40_41xxx.o(RESET)
    __main                                   0x08000189   Thumb Code     0  entry.o(.ARM.Collect$$$$00000000)
    _main_stk                                0x08000189   Thumb Code     0  entry2.o(.ARM.Collect$$$$00000001)
    _main_scatterload                        0x0800018d   Thumb Code     0  entry5.o(.ARM.Collect$$$$00000004)
    __main_after_scatterload                 0x08000191   Thumb Code     0  entry5.o(.ARM.Collect$$$$00000004)
    _main_clock                              0x08000191   Thumb Code     0  entry7b.o(.ARM.Collect$$$$00000008)
    _main_cpp_init                           0x08000191   Thumb Code     0  entry8b.o(.ARM.Collect$$$$0000000A)
    _main_init                               0x08000191   Thumb Code     0  entry9a.o(.ARM.Collect$$$$0000000B)
    __rt_lib_shutdown_fini                   0x08000199   Thumb Code     0  entry12b.o(.ARM.Collect$$$$0000000E)
    __rt_final_cpp                           0x0800019d   Thumb Code     0  entry10a.o(.ARM.Collect$$$$0000000F)
    __rt_final_exit                          0x0800019d   Thumb Code     0  entry11a.o(.ARM.Collect$$$$00000011)
    SVC_Handler                              0x080001a1   Thumb Code    28  port.o(.emb_text)
    __asm___6_port_c_39a90d8d__prvStartFirstTask 0x080001c1   Thumb Code    28  port.o(.emb_text)
    __asm___6_port_c_39a90d8d__prvEnableVFP  0x080001e1   Thumb Code    16  port.o(.emb_text)
    PendSV_Handler                           0x080001f5   Thumb Code    88  port.o(.emb_text)
    vPortGetIPSR                             0x08000251   Thumb Code     6  port.o(.emb_text)
    Reset_Handler                            0x08000259   Thumb Code     8  startup_stm32f40_41xxx.o(.text)
    ADC_IRQHandler                           0x08000273   Thumb Code     0  startup_stm32f40_41xxx.o(.text)
    CAN1_RX0_IRQHandler                      0x08000273   Thumb Code     0  startup_stm32f40_41xxx.o(.text)
    CAN1_RX1_IRQHandler                      0x08000273   Thumb Code     0  startup_stm32f40_41xxx.o(.text)
    CAN1_SCE_IRQHandler                      0x08000273   Thumb Code     0  startup_stm32f40_41xxx.o(.text)
    CAN1_TX_IRQHandler                       0x08000273   Thumb Code     0  startup_stm32f40_41xxx.o(.text)
    CAN2_RX1_IRQHandler                      0x08000273   Thumb Code     0  startup_stm32f40_41xxx.o(.text)
    CAN2_SCE_IRQHandler                      0x08000273   Thumb Code     0  startup_stm32f40_41xxx.o(.text)
    CAN2_TX_IRQHandler                       0x08000273   Thumb Code     0  startup_stm32f40_41xxx.o(.text)
    CRYP_IRQHandler                          0x08000273   Thumb Code     0  startup_stm32f40_41xxx.o(.text)
    DCMI_IRQHandler                          0x08000273   Thumb Code     0  startup_stm32f40_41xxx.o(.text)
    DMA1_Stream0_IRQHandler                  0x08000273   Thumb Code     0  startup_stm32f40_41xxx.o(.text)
    DMA1_Stream1_IRQHandler                  0x08000273   Thumb Code     0  startup_stm32f40_41xxx.o(.text)
    DMA1_Stream2_IRQHandler                  0x08000273   Thumb Code     0  startup_stm32f40_41xxx.o(.text)
    DMA1_Stream3_IRQHandler                  0x08000273   Thumb Code     0  startup_stm32f40_41xxx.o(.text)
    DMA1_Stream4_IRQHandler                  0x08000273   Thumb Code     0  startup_stm32f40_41xxx.o(.text)
    DMA1_Stream5_IRQHandler                  0x08000273   Thumb Code     0  startup_stm32f40_41xxx.o(.text)
    DMA1_Stream6_IRQHandler                  0x08000273   Thumb Code     0  startup_stm32f40_41xxx.o(.text)
    DMA1_Stream7_IRQHandler                  0x08000273   Thumb Code     0  startup_stm32f40_41xxx.o(.text)
    DMA2_Stream0_IRQHandler                  0x08000273   Thumb Code     0  startup_stm32f40_41xxx.o(.text)
    DMA2_Stream1_IRQHandler                  0x08000273   Thumb Code     0  startup_stm32f40_41xxx.o(.text)
    DMA2_Stream2_IRQHandler                  0x08000273   Thumb Code     0  startup_stm32f40_41xxx.o(.text)
    DMA2_Stream3_IRQHandler                  0x08000273   Thumb Code     0  startup_stm32f40_41xxx.o(.text)
    DMA2_Stream4_IRQHandler                  0x08000273   Thumb Code     0  startup_stm32f40_41xxx.o(.text)
    DMA2_Stream5_IRQHandler                  0x08000273   Thumb Code     0  startup_stm32f40_41xxx.o(.text)
    DMA2_Stream6_IRQHandler                  0x08000273   Thumb Code     0  startup_stm32f40_41xxx.o(.text)
    DMA2_Stream7_IRQHandler                  0x08000273   Thumb Code     0  startup_stm32f40_41xxx.o(.text)
    ETH_IRQHandler                           0x08000273   Thumb Code     0  startup_stm32f40_41xxx.o(.text)
    ETH_WKUP_IRQHandler                      0x08000273   Thumb Code     0  startup_stm32f40_41xxx.o(.text)
    EXTI0_IRQHandler                         0x08000273   Thumb Code     0  startup_stm32f40_41xxx.o(.text)
    EXTI15_10_IRQHandler                     0x08000273   Thumb Code     0  startup_stm32f40_41xxx.o(.text)
    EXTI1_IRQHandler                         0x08000273   Thumb Code     0  startup_stm32f40_41xxx.o(.text)
    EXTI2_IRQHandler                         0x08000273   Thumb Code     0  startup_stm32f40_41xxx.o(.text)
    EXTI3_IRQHandler                         0x08000273   Thumb Code     0  startup_stm32f40_41xxx.o(.text)
    EXTI4_IRQHandler                         0x08000273   Thumb Code     0  startup_stm32f40_41xxx.o(.text)
    FLASH_IRQHandler                         0x08000273   Thumb Code     0  startup_stm32f40_41xxx.o(.text)
    FPU_IRQHandler                           0x08000273   Thumb Code     0  startup_stm32f40_41xxx.o(.text)
    FSMC_IRQHandler                          0x08000273   Thumb Code     0  startup_stm32f40_41xxx.o(.text)
    HASH_RNG_IRQHandler                      0x08000273   Thumb Code     0  startup_stm32f40_41xxx.o(.text)
    I2C1_ER_IRQHandler                       0x08000273   Thumb Code     0  startup_stm32f40_41xxx.o(.text)
    I2C1_EV_IRQHandler                       0x08000273   Thumb Code     0  startup_stm32f40_41xxx.o(.text)
    I2C2_ER_IRQHandler                       0x08000273   Thumb Code     0  startup_stm32f40_41xxx.o(.text)
    I2C2_EV_IRQHandler                       0x08000273   Thumb Code     0  startup_stm32f40_41xxx.o(.text)
    I2C3_ER_IRQHandler                       0x08000273   Thumb Code     0  startup_stm32f40_41xxx.o(.text)
    I2C3_EV_IRQHandler                       0x08000273   Thumb Code     0  startup_stm32f40_41xxx.o(.text)
    OTG_FS_IRQHandler                        0x08000273   Thumb Code     0  startup_stm32f40_41xxx.o(.text)
    OTG_FS_WKUP_IRQHandler                   0x08000273   Thumb Code     0  startup_stm32f40_41xxx.o(.text)
    OTG_HS_EP1_IN_IRQHandler                 0x08000273   Thumb Code     0  startup_stm32f40_41xxx.o(.text)
    OTG_HS_EP1_OUT_IRQHandler                0x08000273   Thumb Code     0  startup_stm32f40_41xxx.o(.text)
    OTG_HS_IRQHandler                        0x08000273   Thumb Code     0  startup_stm32f40_41xxx.o(.text)
    OTG_HS_WKUP_IRQHandler                   0x08000273   Thumb Code     0  startup_stm32f40_41xxx.o(.text)
    PVD_IRQHandler                           0x08000273   Thumb Code     0  startup_stm32f40_41xxx.o(.text)
    RCC_IRQHandler                           0x08000273   Thumb Code     0  startup_stm32f40_41xxx.o(.text)
    RTC_Alarm_IRQHandler                     0x08000273   Thumb Code     0  startup_stm32f40_41xxx.o(.text)
    RTC_WKUP_IRQHandler                      0x08000273   Thumb Code     0  startup_stm32f40_41xxx.o(.text)
    SDIO_IRQHandler                          0x08000273   Thumb Code     0  startup_stm32f40_41xxx.o(.text)
    SPI1_IRQHandler                          0x08000273   Thumb Code     0  startup_stm32f40_41xxx.o(.text)
    SPI2_IRQHandler                          0x08000273   Thumb Code     0  startup_stm32f40_41xxx.o(.text)
    SPI3_IRQHandler                          0x08000273   Thumb Code     0  startup_stm32f40_41xxx.o(.text)
    TAMP_STAMP_IRQHandler                    0x08000273   Thumb Code     0  startup_stm32f40_41xxx.o(.text)
    TIM1_BRK_TIM9_IRQHandler                 0x08000273   Thumb Code     0  startup_stm32f40_41xxx.o(.text)
    TIM1_CC_IRQHandler                       0x08000273   Thumb Code     0  startup_stm32f40_41xxx.o(.text)
    TIM1_TRG_COM_TIM11_IRQHandler            0x08000273   Thumb Code     0  startup_stm32f40_41xxx.o(.text)
    TIM1_UP_TIM10_IRQHandler                 0x08000273   Thumb Code     0  startup_stm32f40_41xxx.o(.text)
    TIM2_IRQHandler                          0x08000273   Thumb Code     0  startup_stm32f40_41xxx.o(.text)
    TIM3_IRQHandler                          0x08000273   Thumb Code     0  startup_stm32f40_41xxx.o(.text)
    TIM4_IRQHandler                          0x08000273   Thumb Code     0  startup_stm32f40_41xxx.o(.text)
    TIM5_IRQHandler                          0x08000273   Thumb Code     0  startup_stm32f40_41xxx.o(.text)
    TIM6_DAC_IRQHandler                      0x08000273   Thumb Code     0  startup_stm32f40_41xxx.o(.text)
    TIM7_IRQHandler                          0x08000273   Thumb Code     0  startup_stm32f40_41xxx.o(.text)
    TIM8_BRK_TIM12_IRQHandler                0x08000273   Thumb Code     0  startup_stm32f40_41xxx.o(.text)
    TIM8_CC_IRQHandler                       0x08000273   Thumb Code     0  startup_stm32f40_41xxx.o(.text)
    TIM8_TRG_COM_TIM14_IRQHandler            0x08000273   Thumb Code     0  startup_stm32f40_41xxx.o(.text)
    TIM8_UP_TIM13_IRQHandler                 0x08000273   Thumb Code     0  startup_stm32f40_41xxx.o(.text)
    UART4_IRQHandler                         0x08000273   Thumb Code     0  startup_stm32f40_41xxx.o(.text)
    UART5_IRQHandler                         0x08000273   Thumb Code     0  startup_stm32f40_41xxx.o(.text)
    USART2_IRQHandler                        0x08000273   Thumb Code     0  startup_stm32f40_41xxx.o(.text)
    USART3_IRQHandler                        0x08000273   Thumb Code     0  startup_stm32f40_41xxx.o(.text)
    USART6_IRQHandler                        0x08000273   Thumb Code     0  startup_stm32f40_41xxx.o(.text)
    WWDG_IRQHandler                          0x08000273   Thumb Code     0  startup_stm32f40_41xxx.o(.text)
    __aeabi_memcpy                           0x0800027d   Thumb Code    36  memcpya.o(.text)
    __aeabi_memcpy4                          0x0800027d   Thumb Code     0  memcpya.o(.text)
    __aeabi_memcpy8                          0x0800027d   Thumb Code     0  memcpya.o(.text)
    __aeabi_memset                           0x080002a1   Thumb Code    14  memseta.o(.text)
    __aeabi_memset4                          0x080002a1   Thumb Code     0  memseta.o(.text)
    __aeabi_memset8                          0x080002a1   Thumb Code     0  memseta.o(.text)
    __aeabi_memclr                           0x080002af   Thumb Code     4  memseta.o(.text)
    __aeabi_memclr4                          0x080002af   Thumb Code     0  memseta.o(.text)
    __aeabi_memclr8                          0x080002af   Thumb Code     0  memseta.o(.text)
    _memset$wrapper                          0x080002b3   Thumb Code    18  memseta.o(.text)
    __scatterload                            0x080002c5   Thumb Code    28  init.o(.text)
    __scatterload_rt2                        0x080002c5   Thumb Code     0  init.o(.text)
    BusFault_Handler                         0x080003f1   Thumb Code     4  stm32f4xx_it.o(i.BusFault_Handler)
    CAN2_RX0_IRQHandler                      0x080003f5   Thumb Code    78  bsp_can.o(i.CAN2_RX0_IRQHandler)
    CAN_DeInit                               0x08000455   Thumb Code    50  stm32f4xx_can.o(i.CAN_DeInit)
    CAN_FilterInit                           0x0800048d   Thumb Code   258  stm32f4xx_can.o(i.CAN_FilterInit)
    CAN_ITConfig                             0x08000595   Thumb Code    18  stm32f4xx_can.o(i.CAN_ITConfig)
    CAN_Init                                 0x080005a7   Thumb Code   276  stm32f4xx_can.o(i.CAN_Init)
    CAN_Receive                              0x080006bb   Thumb Code   240  stm32f4xx_can.o(i.CAN_Receive)
    CAN_Transmit                             0x080007ab   Thumb Code   294  stm32f4xx_can.o(i.CAN_Transmit)
    DebugMon_Handler                         0x080008f3   Thumb Code     2  stm32f4xx_it.o(i.DebugMon_Handler)
    EXTI9_5_IRQHandler                       0x080008f5   Thumb Code   102  motor_control.o(i.EXTI9_5_IRQHandler)
    EXTI_ClearITPendingBit                   0x0800096d   Thumb Code     6  stm32f4xx_exti.o(i.EXTI_ClearITPendingBit)
    EXTI_GetITStatus                         0x08000979   Thumb Code    20  stm32f4xx_exti.o(i.EXTI_GetITStatus)
    EXTI_Init                                0x08000991   Thumb Code   142  stm32f4xx_exti.o(i.EXTI_Init)
    GPIO_Init                                0x08000a25   Thumb Code   144  stm32f4xx_gpio.o(i.GPIO_Init)
    GPIO_PinAFConfig                         0x08000ab5   Thumb Code    70  stm32f4xx_gpio.o(i.GPIO_PinAFConfig)
    GPIO_ResetBits                           0x08000afb   Thumb Code     4  stm32f4xx_gpio.o(i.GPIO_ResetBits)
    GPIO_SetBits                             0x08000aff   Thumb Code     4  stm32f4xx_gpio.o(i.GPIO_SetBits)
    HardFault_Handler                        0x08000b05   Thumb Code    38  stm32f4xx_it.o(i.HardFault_Handler)
    Incremental_position_closed_loop1        0x08000b5d   Thumb Code    90  motor_control.o(i.Incremental_position_closed_loop1)
    Incremental_position_closed_loop2        0x08000bbd   Thumb Code    98  motor_control.o(i.Incremental_position_closed_loop2)
    LED_Init                                 0x08000d19   Thumb Code   104  bsp_led.o(i.LED_Init)
    MemManage_Handler                        0x08000d89   Thumb Code     4  stm32f4xx_it.o(i.MemManage_Handler)
    Motor_Init                               0x08000d8d   Thumb Code    52  motor_control.o(i.Motor_Init)
    Motor_control                            0x08000dc9   Thumb Code   400  motor_control.o(i.Motor_control)
    Motor_operation                          0x08000f71   Thumb Code    74  motor_control.o(i.Motor_operation)
    Multiloop_position_closedloop_control1   0x08000fc1   Thumb Code    90  motor_control.o(i.Multiloop_position_closedloop_control1)
    NMI_Handler                              0x08001021   Thumb Code     2  stm32f4xx_it.o(i.NMI_Handler)
    NVIC_Init                                0x08001025   Thumb Code   106  misc.o(i.NVIC_Init)
    NVIC_PriorityGroupConfig                 0x0800109d   Thumb Code    10  misc.o(i.NVIC_PriorityGroupConfig)
    RCC_AHB1PeriphClockCmd                   0x080010b1   Thumb Code    26  stm32f4xx_rcc.o(i.RCC_AHB1PeriphClockCmd)
    RCC_APB1PeriphClockCmd                   0x080010d1   Thumb Code    26  stm32f4xx_rcc.o(i.RCC_APB1PeriphClockCmd)
    RCC_APB1PeriphResetCmd                   0x080010f1   Thumb Code    26  stm32f4xx_rcc.o(i.RCC_APB1PeriphResetCmd)
    RCC_APB2PeriphClockCmd                   0x08001111   Thumb Code    26  stm32f4xx_rcc.o(i.RCC_APB2PeriphClockCmd)
    RCC_GetClocksFreq                        0x08001131   Thumb Code   214  stm32f4xx_rcc.o(i.RCC_GetClocksFreq)
    RS485_InitTXE                            0x08001219   Thumb Code    46  bsp_uart_fifo.o(i.RS485_InitTXE)
    Read_encoder_data                        0x0800124d   Thumb Code    74  motor_control.o(i.Read_encoder_data)
    SYSCFG_EXTILineConfig                    0x0800129d   Thumb Code    60  stm32f4xx_syscfg.o(i.SYSCFG_EXTILineConfig)
    SysTick_CLKSourceConfig                  0x080013c9   Thumb Code    40  misc.o(i.SysTick_CLKSourceConfig)
    SysTick_Handler                          0x080013f1   Thumb Code    48  port.o(i.SysTick_Handler)
    SystemCoreClockUpdate                    0x08001425   Thumb Code   170  system_stm32f4xx.o(i.SystemCoreClockUpdate)
    SystemInit                               0x080014e5   Thumb Code    88  system_stm32f4xx.o(i.SystemInit)
    USART1_IRQHandler                        0x0800154d   Thumb Code    10  bsp_uart_fifo.o(i.USART1_IRQHandler)
    USART_ClearFlag                          0x0800155d   Thumb Code    18  stm32f4xx_usart.o(i.USART_ClearFlag)
    USART_Cmd                                0x0800156f   Thumb Code    24  stm32f4xx_usart.o(i.USART_Cmd)
    USART_GetITStatus                        0x08001587   Thumb Code    84  stm32f4xx_usart.o(i.USART_GetITStatus)
    USART_ITConfig                           0x080015db   Thumb Code    74  stm32f4xx_usart.o(i.USART_ITConfig)
    USART_Init                               0x08001625   Thumb Code   204  stm32f4xx_usart.o(i.USART_Init)
    USART_ReceiveData                        0x080016f9   Thumb Code    10  stm32f4xx_usart.o(i.USART_ReceiveData)
    USART_SendData                           0x08001703   Thumb Code     8  stm32f4xx_usart.o(i.USART_SendData)
    UsageFault_Handler                       0x0800182d   Thumb Code     4  stm32f4xx_it.o(i.UsageFault_Handler)
    __scatterload_copy                       0x08001831   Thumb Code    14  handlers.o(i.__scatterload_copy)
    __scatterload_null                       0x0800183f   Thumb Code     2  handlers.o(i.__scatterload_null)
    __scatterload_zeroinit                   0x08001841   Thumb Code    14  handlers.o(i.__scatterload_zeroinit)
    bsp_GetKey                               0x0800191d   Thumb Code    46  bsp_key.o(i.bsp_GetKey)
    bsp_Init                                 0x08001951   Thumb Code    42  bsp.o(i.bsp_Init)
    bsp_InitCan2                             0x0800197d   Thumb Code   224  bsp_can.o(i.bsp_InitCan2)
    bsp_InitKey                              0x08001a65   Thumb Code    12  bsp_key.o(i.bsp_InitKey)
    bsp_InitLed                              0x08001b2d   Thumb Code    20  bsp_led.o(i.bsp_InitLed)
    bsp_InitUart                             0x08001b41   Thumb Code    20  bsp_uart_fifo.o(i.bsp_InitUart)
    bsp_KeyScan                              0x08001b55   Thumb Code    22  bsp_key.o(i.bsp_KeyScan)
    bsp_LedOff                               0x08001b6d   Thumb Code    32  bsp_led.o(i.bsp_LedOff)
    bsp_LedOn                                0x08001b91   Thumb Code    32  bsp_led.o(i.bsp_LedOn)
    bsp_PutKey                               0x08001bb5   Thumb Code    28  bsp_key.o(i.bsp_PutKey)
    delay_init                               0x08001c05   Thumb Code    52  delay.o(i.delay_init)
    delay_ms                                 0x08001c41   Thumb Code    56  delay.o(i.delay_ms)
    delay_xms                                0x08001c79   Thumb Code    72  delay.o(i.delay_xms)
    main                                     0x08001cc5   Thumb Code    28  main.o(i.main)
    motor_data_process                       0x08001ce1   Thumb Code   788  motor_data_process.o(i.motor_data_process)
    motor_gpio_init                          0x08001ffd   Thumb Code   126  motor_control.o(i.motor_gpio_init)
    pvPortMalloc                             0x08002925   Thumb Code   296  heap_4.o(i.pvPortMalloc)
    pvTaskIncrementMutexHeldCount            0x08002a61   Thumb Code    26  tasks.o(i.pvTaskIncrementMutexHeldCount)
    pxPortInitialiseStack                    0x08002a81   Thumb Code    34  port.o(i.pxPortInitialiseStack)
    uxListRemove                             0x08002aa9   Thumb Code    40  list.o(i.uxListRemove)
    uxTaskResetEventItemValue                0x08002ad1   Thumb Code    24  tasks.o(i.uxTaskResetEventItemValue)
    vEventGroupSetBitsCallback               0x08002aed   Thumb Code    16  event_groups.o(i.vEventGroupSetBitsCallback)
    vListInitialise                          0x08002afd   Thumb Code    26  list.o(i.vListInitialise)
    vListInitialiseItem                      0x08002b17   Thumb Code     6  list.o(i.vListInitialiseItem)
    vListInsert                              0x08002b1d   Thumb Code    52  list.o(i.vListInsert)
    vListInsertEnd                           0x08002b51   Thumb Code    24  list.o(i.vListInsertEnd)
    vPortEnterCritical                       0x08002b69   Thumb Code    76  port.o(i.vPortEnterCritical)
    vPortExitCritical                        0x08002bbd   Thumb Code    56  port.o(i.vPortExitCritical)
    vPortFree                                0x08002bf9   Thumb Code   140  heap_4.o(i.vPortFree)
    vPortSetupTimerInterrupt                 0x08002c8d   Thumb Code    14  port.o(i.vPortSetupTimerInterrupt)
    vPortValidateInterruptPriority           0x08002ca1   Thumb Code   106  port.o(i.vPortValidateInterruptPriority)
    vQueueWaitForMessageRestricted           0x08002d19   Thumb Code    66  queue.o(i.vQueueWaitForMessageRestricted)
    vTaskDelay                               0x08002d5d   Thumb Code   120  tasks.o(i.vTaskDelay)
    vTaskMissedYield                         0x08002e29   Thumb Code     8  tasks.o(i.vTaskMissedYield)
    vTaskPlaceOnEventList                    0x08002e65   Thumb Code   108  tasks.o(i.vTaskPlaceOnEventList)
    vTaskPlaceOnEventListRestricted          0x08002ee1   Thumb Code   114  tasks.o(i.vTaskPlaceOnEventListRestricted)
    vTaskPlaceOnUnorderedEventList           0x08002f65   Thumb Code   160  tasks.o(i.vTaskPlaceOnUnorderedEventList)
    vTaskPriorityInherit                     0x08003019   Thumb Code   164  tasks.o(i.vTaskPriorityInherit)
    vTaskSetTimeOutState                     0x080030c9   Thumb Code    38  tasks.o(i.vTaskSetTimeOutState)
    vTaskStartScheduler                      0x08003109   Thumb Code   110  tasks.o(i.vTaskStartScheduler)
    vTaskSuspendAll                          0x08003191   Thumb Code    12  tasks.o(i.vTaskSuspendAll)
    vTaskSwitchContext                       0x080031a1   Thumb Code   118  tasks.o(i.vTaskSwitchContext)
    xEventGroupCreate                        0x0800323b   Thumb Code    26  event_groups.o(i.xEventGroupCreate)
    xEventGroupSetBits                       0x08003255   Thumb Code   206  event_groups.o(i.xEventGroupSetBits)
    xEventGroupSetBitsFromISR                0x08003325   Thumb Code    30  event_groups.o(i.xEventGroupSetBitsFromISR)
    xEventGroupWaitBits                      0x08003349   Thumb Code   334  event_groups.o(i.xEventGroupWaitBits)
    xPortStartScheduler                      0x0800349d   Thumb Code   288  port.o(i.xPortStartScheduler)
    xQueueCreateCountingSemaphore            0x080035d9   Thumb Code   116  queue.o(i.xQueueCreateCountingSemaphore)
    xQueueGenericCreate                      0x0800364d   Thumb Code   134  queue.o(i.xQueueGenericCreate)
    xQueueGenericReceive                     0x080036d5   Thumb Code   424  queue.o(i.xQueueGenericReceive)
    xQueueGenericReset                       0x08003881   Thumb Code   144  queue.o(i.xQueueGenericReset)
    xQueueGenericSend                        0x08003915   Thumb Code   412  queue.o(i.xQueueGenericSend)
    xQueueGenericSendFromISR                 0x08003ab5   Thumb Code   240  queue.o(i.xQueueGenericSendFromISR)
    xTaskCheckForTimeOut                     0x08003ba5   Thumb Code   132  tasks.o(i.xTaskCheckForTimeOut)
    xTaskGenericCreate                       0x08003c31   Thumb Code   340  tasks.o(i.xTaskGenericCreate)
    xTaskGetSchedulerState                   0x08003da1   Thumb Code    24  tasks.o(i.xTaskGetSchedulerState)
    xTaskGetTickCount                        0x08003dc1   Thumb Code     6  tasks.o(i.xTaskGetTickCount)
    xTaskIncrementTick                       0x08003dcd   Thumb Code   286  tasks.o(i.xTaskIncrementTick)
    xTaskPriorityDisinherit                  0x08003f19   Thumb Code   188  tasks.o(i.xTaskPriorityDisinherit)
    xTaskRemoveFromEventList                 0x08003fe1   Thumb Code   128  tasks.o(i.xTaskRemoveFromEventList)
    xTaskRemoveFromUnorderedEventList        0x08004079   Thumb Code   154  tasks.o(i.xTaskRemoveFromUnorderedEventList)
    xTaskResumeAll                           0x08004129   Thumb Code   224  tasks.o(i.xTaskResumeAll)
    xTimerCreateTimerTask                    0x0800422d   Thumb Code    72  timers.o(i.xTimerCreateTimerTask)
    xTimerGenericCommand                     0x08004285   Thumb Code   128  timers.o(i.xTimerGenericCommand)
    xTimerPendFunctionCallFromISR            0x08004309   Thumb Code    48  timers.o(i.xTimerPendFunctionCallFromISR)
    Region$$Table$$Base                      0x0800433c   Number         0  anon$$obj.o(Region$$Table)
    Region$$Table$$Limit                     0x0800435c   Number         0  anon$$obj.o(Region$$Table)
    xTimers                                  0x20000010   Data           4  main.o(.data)
    xQueue1                                  0x20000014   Data           4  main.o(.data)
    xQueue2                                  0x20000018   Data           4  main.o(.data)
    encoder_init_flag                        0x2000001c   Data           4  main.o(.data)
    Motor_rotate_event                       0x20000020   Data           4  main.o(.data)
    led_flag                                 0x20000024   Data           1  main.o(.data)
    timer_count                              0x20000025   Data           1  main.o(.data)
    Motor_Id                                 0x20000028   Data           4  motor_control.o(.data)
    MaxSpeed                                 0x2000002c   Data           2  motor_control.o(.data)
    key_press                                0x2000002e   Data           1  motor_control.o(.data)
    target_angle                             0x20000030   Data           2  motor_control.o(.data)
    key_test                                 0x20000032   Data           1  motor_control.o(.data)
    loop_finish                              0x20000033   Data           1  motor_control.o(.data)
    ask_count                                0x20000034   Data           1  motor_control.o(.data)
    encoder_init                             0x20000036   Data           2  motor_data_process.o(.data)
    uwTick                                   0x2000003c   Data           4  delay.o(.data)
    s_tKey                                   0x20000040   Data           6  bsp_key.o(.data)
    SystemCoreClock                          0x20000058   Data           4  system_stm32f4xx.o(.data)
    AHBPrescTable                            0x2000005c   Data          16  system_stm32f4xx.o(.data)
    pxCurrentTCB                             0x2000006c   Data           4  tasks.o(.data)
    g_tCanTxMsg                              0x200000d8   Data          20  main.o(.bss)
    g_tCanRxMsg                              0x200000ec   Data          20  main.o(.bss)
    MS4005                                   0x20000100   Data          72  motor_data_process.o(.bss)
    s_tBtn                                   0x20000148   Data          48  bsp_key.o(.bss)
    __initial_sp                             0x200086a8   Data           0  startup_stm32f40_41xxx.o(STACK)



==============================================================================

Memory Map of the image

  Image Entry point : 0x08000189

  Load Region LR_IROM1 (Base: 0x08000000, Size: 0x00004434, Max: 0x00080000, ABSOLUTE)

    Execution Region ER_IROM1 (Exec base: 0x08000000, Load base: 0x08000000, Size: 0x0000435c, Max: 0x00080000, ABSOLUTE)

    Exec Addr    Load Addr    Size         Type   Attr      Idx    E Section Name        Object

    0x08000000   0x08000000   0x00000188   Data   RO         1080    RESET               startup_stm32f40_41xxx.o
    0x08000188   0x08000188   0x00000000   Code   RO         3528  * .ARM.Collect$$$$00000000  mc_w.l(entry.o)
    0x08000188   0x08000188   0x00000004   Code   RO         3539    .ARM.Collect$$$$00000001  mc_w.l(entry2.o)
    0x0800018c   0x0800018c   0x00000004   Code   RO         3542    .ARM.Collect$$$$00000004  mc_w.l(entry5.o)
    0x08000190   0x08000190   0x00000000   Code   RO         3544    .ARM.Collect$$$$00000008  mc_w.l(entry7b.o)
    0x08000190   0x08000190   0x00000000   Code   RO         3546    .ARM.Collect$$$$0000000A  mc_w.l(entry8b.o)
    0x08000190   0x08000190   0x00000008   Code   RO         3547    .ARM.Collect$$$$0000000B  mc_w.l(entry9a.o)
    0x08000198   0x08000198   0x00000004   Code   RO         3554    .ARM.Collect$$$$0000000E  mc_w.l(entry12b.o)
    0x0800019c   0x0800019c   0x00000000   Code   RO         3549    .ARM.Collect$$$$0000000F  mc_w.l(entry10a.o)
    0x0800019c   0x0800019c   0x00000000   Code   RO         3551    .ARM.Collect$$$$00000011  mc_w.l(entry11a.o)
    0x0800019c   0x0800019c   0x00000004   Code   RO         3540    .ARM.Collect$$$$00002712  mc_w.l(entry2.o)
    0x080001a0   0x080001a0   0x000000b6   Code   RO         3463    .emb_text           port.o
    0x08000256   0x08000256   0x00000002   PAD
    0x08000258   0x08000258   0x00000024   Code   RO         1081    .text               startup_stm32f40_41xxx.o
    0x0800027c   0x0800027c   0x00000024   Code   RO         3531    .text               mc_w.l(memcpya.o)
    0x080002a0   0x080002a0   0x00000024   Code   RO         3533    .text               mc_w.l(memseta.o)
    0x080002c4   0x080002c4   0x00000024   Code   RO         3555    .text               mc_w.l(init.o)
    0x080002e8   0x080002e8   0x00000044   Code   RO            4    i.AppObjCreate      main.o
    0x0800032c   0x0800032c   0x000000c4   Code   RO            5    i.AppTaskCreate     main.o
    0x080003f0   0x080003f0   0x00000004   Code   RO          724    i.BusFault_Handler  stm32f4xx_it.o
    0x080003f4   0x080003f4   0x00000060   Code   RO         1045    i.CAN2_RX0_IRQHandler  bsp_can.o
    0x08000454   0x08000454   0x00000038   Code   RO         2206    i.CAN_DeInit        stm32f4xx_can.o
    0x0800048c   0x0800048c   0x00000108   Code   RO         2208    i.CAN_FilterInit    stm32f4xx_can.o
    0x08000594   0x08000594   0x00000012   Code   RO         2214    i.CAN_ITConfig      stm32f4xx_can.o
    0x080005a6   0x080005a6   0x00000114   Code   RO         2215    i.CAN_Init          stm32f4xx_can.o
    0x080006ba   0x080006ba   0x000000f0   Code   RO         2218    i.CAN_Receive       stm32f4xx_can.o
    0x080007aa   0x080007aa   0x00000126   Code   RO         2223    i.CAN_Transmit      stm32f4xx_can.o
    0x080008d0   0x080008d0   0x00000022   Code   RO          787    i.ConfigUartNVIC    bsp_uart_fifo.o
    0x080008f2   0x080008f2   0x00000002   Code   RO          725    i.DebugMon_Handler  stm32f4xx_it.o
    0x080008f4   0x080008f4   0x00000078   Code   RO          268    i.EXTI9_5_IRQHandler  motor_control.o
    0x0800096c   0x0800096c   0x0000000c   Code   RO         2562    i.EXTI_ClearITPendingBit  stm32f4xx_exti.o
    0x08000978   0x08000978   0x00000018   Code   RO         2566    i.EXTI_GetITStatus  stm32f4xx_exti.o
    0x08000990   0x08000990   0x00000094   Code   RO         2567    i.EXTI_Init         stm32f4xx_exti.o
    0x08000a24   0x08000a24   0x00000090   Code   RO         1137    i.GPIO_Init         stm32f4xx_gpio.o
    0x08000ab4   0x08000ab4   0x00000046   Code   RO         1138    i.GPIO_PinAFConfig  stm32f4xx_gpio.o
    0x08000afa   0x08000afa   0x00000004   Code   RO         1144    i.GPIO_ResetBits    stm32f4xx_gpio.o
    0x08000afe   0x08000afe   0x00000004   Code   RO         1145    i.GPIO_SetBits      stm32f4xx_gpio.o
    0x08000b02   0x08000b02   0x00000002   PAD
    0x08000b04   0x08000b04   0x00000058   Code   RO          726    i.HardFault_Handler  stm32f4xx_it.o
    0x08000b5c   0x08000b5c   0x00000060   Code   RO          269    i.Incremental_position_closed_loop1  motor_control.o
    0x08000bbc   0x08000bbc   0x00000068   Code   RO          270    i.Incremental_position_closed_loop2  motor_control.o
    0x08000c24   0x08000c24   0x000000ac   Code   RO          788    i.InitHardUart      bsp_uart_fifo.o
    0x08000cd0   0x08000cd0   0x00000018   Code   RO          624    i.IsKeyDown0        bsp_key.o
    0x08000ce8   0x08000ce8   0x00000018   Code   RO          625    i.IsKeyDown1        bsp_key.o
    0x08000d00   0x08000d00   0x00000018   Code   RO          626    i.IsKeyDownWKUP     bsp_key.o
    0x08000d18   0x08000d18   0x00000070   Code   RO          576    i.LED_Init          bsp_led.o
    0x08000d88   0x08000d88   0x00000004   Code   RO          727    i.MemManage_Handler  stm32f4xx_it.o
    0x08000d8c   0x08000d8c   0x0000003c   Code   RO          272    i.Motor_Init        motor_control.o
    0x08000dc8   0x08000dc8   0x000001a8   Code   RO          274    i.Motor_control     motor_control.o
    0x08000f70   0x08000f70   0x00000050   Code   RO          276    i.Motor_operation   motor_control.o
    0x08000fc0   0x08000fc0   0x00000060   Code   RO          278    i.Multiloop_position_closedloop_control1  motor_control.o
    0x08001020   0x08001020   0x00000002   Code   RO          728    i.NMI_Handler       stm32f4xx_it.o
    0x08001022   0x08001022   0x00000002   PAD
    0x08001024   0x08001024   0x00000078   Code   RO         1088    i.NVIC_Init         misc.o
    0x0800109c   0x0800109c   0x00000014   Code   RO         1089    i.NVIC_PriorityGroupConfig  misc.o
    0x080010b0   0x080010b0   0x00000020   Code   RO         1238    i.RCC_AHB1PeriphClockCmd  stm32f4xx_rcc.o
    0x080010d0   0x080010d0   0x00000020   Code   RO         1247    i.RCC_APB1PeriphClockCmd  stm32f4xx_rcc.o
    0x080010f0   0x080010f0   0x00000020   Code   RO         1249    i.RCC_APB1PeriphResetCmd  stm32f4xx_rcc.o
    0x08001110   0x08001110   0x00000020   Code   RO         1250    i.RCC_APB2PeriphClockCmd  stm32f4xx_rcc.o
    0x08001130   0x08001130   0x000000e8   Code   RO         1259    i.RCC_GetClocksFreq  stm32f4xx_rcc.o
    0x08001218   0x08001218   0x00000034   Code   RO          789    i.RS485_InitTXE     bsp_uart_fifo.o
    0x0800124c   0x0800124c   0x00000050   Code   RO          280    i.Read_encoder_data  motor_control.o
    0x0800129c   0x0800129c   0x00000040   Code   RO         1579    i.SYSCFG_EXTILineConfig  stm32f4xx_syscfg.o
    0x080012dc   0x080012dc   0x000000ec   Code   RO         2627    i.SetSysClock       system_stm32f4xx.o
    0x080013c8   0x080013c8   0x00000028   Code   RO         1092    i.SysTick_CLKSourceConfig  misc.o
    0x080013f0   0x080013f0   0x00000034   Code   RO         3464    i.SysTick_Handler   port.o
    0x08001424   0x08001424   0x000000c0   Code   RO         2628    i.SystemCoreClockUpdate  system_stm32f4xx.o
    0x080014e4   0x080014e4   0x00000068   Code   RO         2629    i.SystemInit        system_stm32f4xx.o
    0x0800154c   0x0800154c   0x00000010   Code   RO          796    i.USART1_IRQHandler  bsp_uart_fifo.o
    0x0800155c   0x0800155c   0x00000012   Code   RO         2369    i.USART_ClearFlag   stm32f4xx_usart.o
    0x0800156e   0x0800156e   0x00000018   Code   RO         2373    i.USART_Cmd         stm32f4xx_usart.o
    0x08001586   0x08001586   0x00000054   Code   RO         2377    i.USART_GetITStatus  stm32f4xx_usart.o
    0x080015da   0x080015da   0x0000004a   Code   RO         2379    i.USART_ITConfig    stm32f4xx_usart.o
    0x08001624   0x08001624   0x000000d4   Code   RO         2380    i.USART_Init        stm32f4xx_usart.o
    0x080016f8   0x080016f8   0x0000000a   Code   RO         2387    i.USART_ReceiveData  stm32f4xx_usart.o
    0x08001702   0x08001702   0x00000008   Code   RO         2390    i.USART_SendData    stm32f4xx_usart.o
    0x0800170a   0x0800170a   0x000000e6   Code   RO          799    i.UartIRQ           bsp_uart_fifo.o
    0x080017f0   0x080017f0   0x0000003c   Code   RO          801    i.UartVarInit       bsp_uart_fifo.o
    0x0800182c   0x0800182c   0x00000004   Code   RO          729    i.UsageFault_Handler  stm32f4xx_it.o
    0x08001830   0x08001830   0x0000000e   Code   RO         3559    i.__scatterload_copy  mc_w.l(handlers.o)
    0x0800183e   0x0800183e   0x00000002   Code   RO         3560    i.__scatterload_null  mc_w.l(handlers.o)
    0x08001840   0x08001840   0x0000000e   Code   RO         3561    i.__scatterload_zeroinit  mc_w.l(handlers.o)
    0x0800184e   0x0800184e   0x00000002   PAD
    0x08001850   0x08001850   0x000000cc   Code   RO          628    i.bsp_DetectKey     bsp_key.o
    0x0800191c   0x0800191c   0x00000034   Code   RO          629    i.bsp_GetKey        bsp_key.o
    0x08001950   0x08001950   0x0000002a   Code   RO          527    i.bsp_Init          bsp.o
    0x0800197a   0x0800197a   0x00000002   PAD
    0x0800197c   0x0800197c   0x000000e8   Code   RO         1046    i.bsp_InitCan2      bsp_can.o
    0x08001a64   0x08001a64   0x0000000c   Code   RO          632    i.bsp_InitKey       bsp_key.o
    0x08001a70   0x08001a70   0x00000054   Code   RO          633    i.bsp_InitKeyHard   bsp_key.o
    0x08001ac4   0x08001ac4   0x00000068   Code   RO          634    i.bsp_InitKeyVar    bsp_key.o
    0x08001b2c   0x08001b2c   0x00000014   Code   RO          577    i.bsp_InitLed       bsp_led.o
    0x08001b40   0x08001b40   0x00000014   Code   RO          802    i.bsp_InitUart      bsp_uart_fifo.o
    0x08001b54   0x08001b54   0x00000016   Code   RO          635    i.bsp_KeyScan       bsp_key.o
    0x08001b6a   0x08001b6a   0x00000002   PAD
    0x08001b6c   0x08001b6c   0x00000024   Code   RO          578    i.bsp_LedOff        bsp_led.o
    0x08001b90   0x08001b90   0x00000024   Code   RO          579    i.bsp_LedOn         bsp_led.o
    0x08001bb4   0x08001bb4   0x00000020   Code   RO          636    i.bsp_PutKey        bsp_key.o
    0x08001bd4   0x08001bd4   0x00000030   Code   RO         1047    i.can_NVIC_Config   bsp_can.o
    0x08001c04   0x08001c04   0x0000003c   Code   RO          482    i.delay_init        delay.o
    0x08001c40   0x08001c40   0x00000038   Code   RO          483    i.delay_ms          delay.o
    0x08001c78   0x08001c78   0x0000004c   Code   RO          485    i.delay_xms         delay.o
    0x08001cc4   0x08001cc4   0x0000001c   Code   RO            6    i.main              main.o
    0x08001ce0   0x08001ce0   0x0000031c   Code   RO          453    i.motor_data_process  motor_data_process.o
    0x08001ffc   0x08001ffc   0x00000084   Code   RO          292    i.motor_gpio_init   motor_control.o
    0x08002080   0x08002080   0x00000054   Code   RO         2977    i.prvAddCurrentTaskToDelayedList  tasks.o
    0x080020d4   0x080020d4   0x00000042   Code   RO         2978    i.prvAllocateTCBAndStack  tasks.o
    0x08002116   0x08002116   0x00000002   PAD
    0x08002118   0x08002118   0x00000068   Code   RO         3298    i.prvCheckForValidListAndQueue  timers.o
    0x08002180   0x08002180   0x00000064   Code   RO         2979    i.prvCheckTasksWaitingTermination  tasks.o
    0x080021e4   0x080021e4   0x0000002a   Code   RO         2811    i.prvCopyDataFromQueue  queue.o
    0x0800220e   0x0800220e   0x00000080   Code   RO         2812    i.prvCopyDataToQueue  queue.o
    0x0800228e   0x0800228e   0x00000012   Code   RO         2980    i.prvDeleteTCB      tasks.o
    0x080022a0   0x080022a0   0x00000028   Code   RO         3299    i.prvGetNextExpireTime  timers.o
    0x080022c8   0x080022c8   0x0000007c   Code   RO         3414    i.prvHeapInit       heap_4.o
    0x08002344   0x08002344   0x00000028   Code   RO         2981    i.prvIdleTask       tasks.o
    0x0800236c   0x0800236c   0x00000062   Code   RO         2982    i.prvInitialiseTCBVariables  tasks.o
    0x080023ce   0x080023ce   0x00000002   PAD
    0x080023d0   0x080023d0   0x00000068   Code   RO         2983    i.prvInitialiseTaskLists  tasks.o
    0x08002438   0x08002438   0x00000068   Code   RO         3415    i.prvInsertBlockIntoFreeList  heap_4.o
    0x080024a0   0x080024a0   0x00000058   Code   RO         3300    i.prvInsertTimerInActiveList  timers.o
    0x080024f8   0x080024f8   0x0000001a   Code   RO         2813    i.prvIsQueueEmpty   queue.o
    0x08002512   0x08002512   0x0000001e   Code   RO         2814    i.prvIsQueueFull    queue.o
    0x08002530   0x08002530   0x00000064   Code   RO         3301    i.prvProcessExpiredTimer  timers.o
    0x08002594   0x08002594   0x00000124   Code   RO         3302    i.prvProcessReceivedCommands  timers.o
    0x080026b8   0x080026b8   0x00000074   Code   RO         3303    i.prvProcessTimerOrBlockTask  timers.o
    0x0800272c   0x0800272c   0x00000034   Code   RO         2985    i.prvResetNextTaskUnblockTime  tasks.o
    0x08002760   0x08002760   0x0000002c   Code   RO         3304    i.prvSampleTimeNow  timers.o
    0x0800278c   0x0800278c   0x000000a0   Code   RO         3305    i.prvSwitchTimerLists  timers.o
    0x0800282c   0x0800282c   0x00000040   Code   RO         3465    i.prvTaskExitError  port.o
    0x0800286c   0x0800286c   0x0000001e   Code   RO         2671    i.prvTestWaitCondition  event_groups.o
    0x0800288a   0x0800288a   0x0000001a   Code   RO         3306    i.prvTimerTask      timers.o
    0x080028a4   0x080028a4   0x0000007e   Code   RO         2815    i.prvUnlockQueue    queue.o
    0x08002922   0x08002922   0x00000002   PAD
    0x08002924   0x08002924   0x0000013c   Code   RO         3416    i.pvPortMalloc      heap_4.o
    0x08002a60   0x08002a60   0x00000020   Code   RO         2988    i.pvTaskIncrementMutexHeldCount  tasks.o
    0x08002a80   0x08002a80   0x00000028   Code   RO         3466    i.pxPortInitialiseStack  port.o
    0x08002aa8   0x08002aa8   0x00000028   Code   RO         2775    i.uxListRemove      list.o
    0x08002ad0   0x08002ad0   0x0000001c   Code   RO         2995    i.uxTaskResetEventItemValue  tasks.o
    0x08002aec   0x08002aec   0x00000010   Code   RO         2675    i.vEventGroupSetBitsCallback  event_groups.o
    0x08002afc   0x08002afc   0x0000001a   Code   RO         2776    i.vListInitialise   list.o
    0x08002b16   0x08002b16   0x00000006   Code   RO         2777    i.vListInitialiseItem  list.o
    0x08002b1c   0x08002b1c   0x00000034   Code   RO         2778    i.vListInsert       list.o
    0x08002b50   0x08002b50   0x00000018   Code   RO         2779    i.vListInsertEnd    list.o
    0x08002b68   0x08002b68   0x00000054   Code   RO         3468    i.vPortEnterCritical  port.o
    0x08002bbc   0x08002bbc   0x0000003c   Code   RO         3469    i.vPortExitCritical  port.o
    0x08002bf8   0x08002bf8   0x00000094   Code   RO         3417    i.vPortFree         heap_4.o
    0x08002c8c   0x08002c8c   0x00000014   Code   RO         3470    i.vPortSetupTimerInterrupt  port.o
    0x08002ca0   0x08002ca0   0x00000078   Code   RO         3471    i.vPortValidateInterruptPriority  port.o
    0x08002d18   0x08002d18   0x00000042   Code   RO         2823    i.vQueueWaitForMessageRestricted  queue.o
    0x08002d5a   0x08002d5a   0x00000002   PAD
    0x08002d5c   0x08002d5c   0x0000008c   Code   RO         2996    i.vTaskDelay        tasks.o
    0x08002de8   0x08002de8   0x00000040   Code   RO            7    i.vTaskLED          main.o
    0x08002e28   0x08002e28   0x0000000c   Code   RO         3000    i.vTaskMissedYield  tasks.o
    0x08002e34   0x08002e34   0x00000030   Code   RO            8    i.vTaskMsgPro       main.o
    0x08002e64   0x08002e64   0x0000007c   Code   RO         3002    i.vTaskPlaceOnEventList  tasks.o
    0x08002ee0   0x08002ee0   0x00000084   Code   RO         3003    i.vTaskPlaceOnEventListRestricted  tasks.o
    0x08002f64   0x08002f64   0x000000b4   Code   RO         3004    i.vTaskPlaceOnUnorderedEventList  tasks.o
    0x08003018   0x08003018   0x000000b0   Code   RO         3005    i.vTaskPriorityInherit  tasks.o
    0x080030c8   0x080030c8   0x00000030   Code   RO         3009    i.vTaskSetTimeOutState  tasks.o
    0x080030f8   0x080030f8   0x0000000e   Code   RO            9    i.vTaskStart        main.o
    0x08003106   0x08003106   0x00000002   PAD
    0x08003108   0x08003108   0x00000088   Code   RO         3010    i.vTaskStartScheduler  tasks.o
    0x08003190   0x08003190   0x00000010   Code   RO         3012    i.vTaskSuspendAll   tasks.o
    0x080031a0   0x080031a0   0x0000008c   Code   RO         3013    i.vTaskSwitchContext  tasks.o
    0x0800322c   0x0800322c   0x0000000e   Code   RO           10    i.vTaskTaskUserIF   main.o
    0x0800323a   0x0800323a   0x0000001a   Code   RO         2678    i.xEventGroupCreate  event_groups.o
    0x08003254   0x08003254   0x000000ce   Code   RO         2680    i.xEventGroupSetBits  event_groups.o
    0x08003322   0x08003322   0x00000002   PAD
    0x08003324   0x08003324   0x00000024   Code   RO         2681    i.xEventGroupSetBitsFromISR  event_groups.o
    0x08003348   0x08003348   0x00000154   Code   RO         2683    i.xEventGroupWaitBits  event_groups.o
    0x0800349c   0x0800349c   0x0000013c   Code   RO         3472    i.xPortStartScheduler  port.o
    0x080035d8   0x080035d8   0x00000074   Code   RO         2824    i.xQueueCreateCountingSemaphore  queue.o
    0x0800364c   0x0800364c   0x00000086   Code   RO         2826    i.xQueueGenericCreate  queue.o
    0x080036d2   0x080036d2   0x00000002   PAD
    0x080036d4   0x080036d4   0x000001ac   Code   RO         2827    i.xQueueGenericReceive  queue.o
    0x08003880   0x08003880   0x00000094   Code   RO         2828    i.xQueueGenericReset  queue.o
    0x08003914   0x08003914   0x000001a0   Code   RO         2829    i.xQueueGenericSend  queue.o
    0x08003ab4   0x08003ab4   0x000000f0   Code   RO         2830    i.xQueueGenericSendFromISR  queue.o
    0x08003ba4   0x08003ba4   0x0000008c   Code   RO         3014    i.xTaskCheckForTimeOut  tasks.o
    0x08003c30   0x08003c30   0x00000170   Code   RO         3015    i.xTaskGenericCreate  tasks.o
    0x08003da0   0x08003da0   0x00000020   Code   RO         3019    i.xTaskGetSchedulerState  tasks.o
    0x08003dc0   0x08003dc0   0x0000000c   Code   RO         3020    i.xTaskGetTickCount  tasks.o
    0x08003dcc   0x08003dcc   0x0000014c   Code   RO         3022    i.xTaskIncrementTick  tasks.o
    0x08003f18   0x08003f18   0x000000c8   Code   RO         3025    i.xTaskPriorityDisinherit  tasks.o
    0x08003fe0   0x08003fe0   0x00000098   Code   RO         3026    i.xTaskRemoveFromEventList  tasks.o
    0x08004078   0x08004078   0x000000b0   Code   RO         3027    i.xTaskRemoveFromUnorderedEventList  tasks.o
    0x08004128   0x08004128   0x00000104   Code   RO         3028    i.xTaskResumeAll    tasks.o
    0x0800422c   0x0800422c   0x00000058   Code   RO         3310    i.xTimerCreateTimerTask  timers.o
    0x08004284   0x08004284   0x00000084   Code   RO         3311    i.xTimerGenericCommand  timers.o
    0x08004308   0x08004308   0x00000034   Code   RO         3314    i.xTimerPendFunctionCallFromISR  timers.o
    0x0800433c   0x0800433c   0x00000020   Data   RO         3557    Region$$Table       anon$$obj.o


    Execution Region RW_IRAM1 (Exec base: 0x20000000, Load base: 0x0800435c, Size: 0x000086a8, Max: 0x00020000, ABSOLUTE)

    Exec Addr    Load Addr    Size         Type   Attr      Idx    E Section Name        Object

    0x20000000   0x0800435c   0x00000026   Data   RW           12    .data               main.o
    0x20000026   0x08004382   0x00000002   PAD
    0x20000028   0x08004384   0x0000000d   Data   RW          293    .data               motor_control.o
    0x20000035   0x08004391   0x00000001   PAD
    0x20000036   0x08004392   0x00000002   Data   RW          455    .data               motor_data_process.o
    0x20000038   0x08004394   0x00000008   Data   RW          486    .data               delay.o
    0x20000040   0x0800439c   0x00000006   Data   RW          639    .data               bsp_key.o
    0x20000046   0x080043a2   0x00000010   Data   RW         1291    .data               stm32f4xx_rcc.o
    0x20000056   0x080043b2   0x00000002   PAD
    0x20000058   0x080043b4   0x00000014   Data   RW         2630    .data               system_stm32f4xx.o
    0x2000006c   0x080043c8   0x00000038   Data   RW         3031    .data               tasks.o
    0x200000a4   0x08004400   0x00000010   Data   RW         3316    .data               timers.o
    0x200000b4   0x08004410   0x00000018   Data   RW         3422    .data               heap_4.o
    0x200000cc   0x08004428   0x0000000c   Data   RW         3473    .data               port.o
    0x200000d8        -       0x00000028   Zero   RW           11    .bss                main.o
    0x20000100        -       0x00000048   Zero   RW          454    .bss                motor_data_process.o
    0x20000148        -       0x00000030   Zero   RW          638    .bss                bsp_key.o
    0x20000178        -       0x00000828   Zero   RW          811    .bss                bsp_uart_fifo.o
    0x200009a0        -       0x000000dc   Zero   RW         3030    .bss                tasks.o
    0x20000a7c        -       0x00000028   Zero   RW         3315    .bss                timers.o
    0x20000aa4        -       0x00007800   Zero   RW         3421    .bss                heap_4.o
    0x200082a4   0x08004434   0x00000004   PAD
    0x200082a8        -       0x00000400   Zero   RW         1078    STACK               startup_stm32f40_41xxx.o


==============================================================================

Image component sizes


      Code (inc. data)   RO Data    RW Data    ZI Data      Debug   Object Name

        42          0          0          0          0        531   bsp.o
       376         30          0          0          0       1925   bsp_can.o
       582         64          0          6         48       6386   bsp_key.o
       204         16          0          0          0       2298   bsp_led.o
       584         36          0          0       2088       6231   bsp_uart_fifo.o
       192         12          0          8          0       2357   delay.o
       654         12          0          0          0      16728   event_groups.o
       692         62          0         24      30720       4599   heap_4.o
       148          0          0          0          0       3418   list.o
       432        104          0         38         40     307055   main.o
       180         24          0          0          0       2461   misc.o
      1192         86          0         13          0       6865   motor_control.o
       796         30          0          2         72       1119   motor_data_process.o
       938         90          0         12          0       9165   port.o
      1900         12          0          0          0      12978   queue.o
        36          8        392          0       1024        968   startup_stm32f40_41xxx.o
      1148         12          0          0          0       5637   stm32f4xx_can.o
       184         16          0          0          0       2484   stm32f4xx_exti.o
       222          0          0          0          0       3355   stm32f4xx_gpio.o
       104         50          0          0          0       3153   stm32f4xx_it.o
       360         42          0         16          0       5860   stm32f4xx_rcc.o
        64          4          0          0          0        740   stm32f4xx_syscfg.o
       430          8          0          0          0       6141   stm32f4xx_usart.o
       532         54          0         20          0       2713   system_stm32f4xx.o
      3398        440          0         56        220      25345   tasks.o
      1242        102          0         16         40      15947   timers.o

    ----------------------------------------------------------------------
     16656       1314        424        216      34256     456459   Object Totals
         0          0         32          0          0          0   (incl. Generated)
        24          0          0          5          4          0   (incl. Padding)

    ----------------------------------------------------------------------

      Code (inc. data)   RO Data    RW Data    ZI Data      Debug   Library Member Name

         0          0          0          0          0          0   entry.o
         0          0          0          0          0          0   entry10a.o
         0          0          0          0          0          0   entry11a.o
         4          0          0          0          0          0   entry12b.o
         8          4          0          0          0          0   entry2.o
         4          0          0          0          0          0   entry5.o
         0          0          0          0          0          0   entry7b.o
         0          0          0          0          0          0   entry8b.o
         8          4          0          0          0          0   entry9a.o
        30          0          0          0          0          0   handlers.o
        36          8          0          0          0         68   init.o
        36          0          0          0          0         68   memcpya.o
        36          0          0          0          0        108   memseta.o

    ----------------------------------------------------------------------
       164         16          0          0          0        244   Library Totals
         2          0          0          0          0          0   (incl. Padding)

    ----------------------------------------------------------------------

      Code (inc. data)   RO Data    RW Data    ZI Data      Debug   Library Name

       162         16          0          0          0        244   mc_w.l

    ----------------------------------------------------------------------
       164         16          0          0          0        244   Library Totals

    ----------------------------------------------------------------------

==============================================================================


      Code (inc. data)   RO Data    RW Data    ZI Data      Debug   

     16820       1330        424        216      34256     441355   Grand Totals
     16820       1330        424        216      34256     441355   ELF Image Totals
     16820       1330        424        216          0          0   ROM Totals

==============================================================================

    Total RO  Size (Code + RO Data)                17244 (  16.84kB)
    Total RW  Size (RW Data + ZI Data)             34472 (  33.66kB)
    Total ROM Size (Code + RO Data + RW Data)      17460 (  17.05kB)

==============================================================================

