Component: ARM Compiler 5.06 update 7 (build 960) Tool: armlink [4d3601]

==============================================================================

Section Cross References

    system_stm32f0xx.o(i.SystemCoreClockUpdate) refers to uidiv.o(.text) for __aeabi_uidivmod
    system_stm32f0xx.o(i.SystemCoreClockUpdate) refers to system_stm32f0xx.o(.data) for .data
    system_stm32f0xx.o(i.SystemInit) refers to system_stm32f0xx.o(i.SetSysClock) for SetSysClock
    startup_stm32f030x8.o(RESET) refers to startup_stm32f030x8.o(STACK) for __initial_sp
    startup_stm32f030x8.o(RESET) refers to startup_stm32f030x8.o(.text) for Reset_Handler
    startup_stm32f030x8.o(RESET) refers to stm32f0xx_it.o(i.NMI_Handler) for NMI_Handler
    startup_stm32f030x8.o(RESET) refers to stm32f0xx_it.o(i.HardFault_Handler) for HardFault_Handler
    startup_stm32f030x8.o(RESET) refers to stm32f0xx_it.o(i.SVC_Handler) for SVC_Handler
    startup_stm32f030x8.o(RESET) refers to stm32f0xx_it.o(i.PendSV_Handler) for PendSV_Handler
    startup_stm32f030x8.o(RESET) refers to stm32f0xx_it.o(i.SysTick_Handler) for SysTick_Handler
    startup_stm32f030x8.o(RESET) refers to main.o(i.EXTI0_1_IRQHandler) for EXTI0_1_IRQHandler
    startup_stm32f030x8.o(RESET) refers to main.o(i.EXTI2_3_IRQHandler) for EXTI2_3_IRQHandler
    startup_stm32f030x8.o(RESET) refers to usart1.o(i.DMA1_Channel2_3_IRQHandler) for DMA1_Channel2_3_IRQHandler
    startup_stm32f030x8.o(RESET) refers to tim.o(i.TIM3_IRQHandler) for TIM3_IRQHandler
    startup_stm32f030x8.o(RESET) refers to tim.o(i.TIM14_IRQHandler) for TIM14_IRQHandler
    startup_stm32f030x8.o(RESET) refers to usart1.o(i.USART1_IRQHandler) for USART1_IRQHandler
    startup_stm32f030x8.o(.text) refers to system_stm32f0xx.o(i.SystemInit) for SystemInit
    startup_stm32f030x8.o(.text) refers to entry.o(.ARM.Collect$$$$00000000) for __main
    usart1.o(i.DMA1_Channel2_3_IRQHandler) refers to stm32f0xx_dma.o(i.DMA_GetITStatus) for DMA_GetITStatus
    usart1.o(i.DMA1_Channel2_3_IRQHandler) refers to stm32f0xx_dma.o(i.DMA_ClearITPendingBit) for DMA_ClearITPendingBit
    usart1.o(i.DMA1_Channel2_3_IRQHandler) refers to usart1.o(.data) for .data
    usart1.o(i.USART1_DmaSendBuf) refers to stm32f0xx_dma.o(i.DMA_Cmd) for DMA_Cmd
    usart1.o(i.USART1_DmaSendBuf) refers to memcpya.o(.text) for __aeabi_memcpy
    usart1.o(i.USART1_DmaSendBuf) refers to usart1.o(.data) for .data
    usart1.o(i.USART1_DmaSendBuf) refers to usart1.o(.bss) for .bss
    usart1.o(i.USART1_IRQHandler) refers to stm32f0xx_usart.o(i.USART_GetITStatus) for USART_GetITStatus
    usart1.o(i.USART1_IRQHandler) refers to stm32f0xx_usart.o(i.USART_ClearITPendingBit) for USART_ClearITPendingBit
    usart1.o(i.USART1_IRQHandler) refers to stm32f0xx_usart.o(i.USART_ReceiveData) for USART_ReceiveData
    usart1.o(i.USART1_IRQHandler) refers to my_fifo.o(i.fifo_goint_uint8_t) for fifo_goint_uint8_t
    usart1.o(i.USART1_IRQHandler) refers to usart1.o(.data) for .data
    usart1.o(i.USART1_Init) refers to stm32f0xx_rcc.o(i.RCC_AHBPeriphClockCmd) for RCC_AHBPeriphClockCmd
    usart1.o(i.USART1_Init) refers to stm32f0xx_rcc.o(i.RCC_APB2PeriphClockCmd) for RCC_APB2PeriphClockCmd
    usart1.o(i.USART1_Init) refers to stm32f0xx_gpio.o(i.GPIO_PinAFConfig) for GPIO_PinAFConfig
    usart1.o(i.USART1_Init) refers to stm32f0xx_gpio.o(i.GPIO_Init) for GPIO_Init
    usart1.o(i.USART1_Init) refers to stm32f0xx_usart.o(i.USART_Init) for USART_Init
    usart1.o(i.USART1_Init) refers to stm32f0xx_usart.o(i.USART_ClearFlag) for USART_ClearFlag
    usart1.o(i.USART1_Init) refers to stm32f0xx_usart.o(i.USART_ITConfig) for USART_ITConfig
    usart1.o(i.USART1_Init) refers to stm32f0xx_misc.o(i.NVIC_Init) for NVIC_Init
    usart1.o(i.USART1_Init) refers to stm32f0xx_usart.o(i.USART_DMACmd) for USART_DMACmd
    usart1.o(i.USART1_Init) refers to stm32f0xx_usart.o(i.USART_Cmd) for USART_Cmd
    usart1.o(i.USART1_Init) refers to stm32f0xx_dma.o(i.DMA_Init) for DMA_Init
    usart1.o(i.USART1_Init) refers to stm32f0xx_dma.o(i.DMA_ClearITPendingBit) for DMA_ClearITPendingBit
    usart1.o(i.USART1_Init) refers to stm32f0xx_dma.o(i.DMA_ITConfig) for DMA_ITConfig
    usart1.o(i.USART1_Init) refers to my_fifo.o(i.fifo_apply) for fifo_apply
    usart1.o(i.USART1_Init) refers to usart1.o(.bss) for .bss
    usart1.o(i.USART1_Init) refers to usart1.o(.data) for .data
    usart1.o(i.USART1_SendBuf) refers to stm32f0xx_usart.o(i.USART_GetFlagStatus) for USART_GetFlagStatus
    usart1.o(i.USART1_SendBuf) refers to stm32f0xx_usart.o(i.USART_SendData) for USART_SendData
    usart1.o(i.fputc) refers to stm32f0xx_usart.o(i.USART_GetFlagStatus) for USART_GetFlagStatus
    usart1.o(i.fputc) refers to stm32f0xx_usart.o(i.USART_SendData) for USART_SendData
    my_fifo.o(i.fifo_apply) refers to my_fifo.o(.bss) for .bss
    my_fifo.o(i.fifo_clear) refers to my_fifo.o(.bss) for .bss
[...]
    printf1.o(i.__0vfprintf$1) refers to usart1.o(i.fputc) for fputc
    printf1.o(i.__0vprintf$1) refers to printf1.o(i._printf_core) for _printf_core
    printf1.o(i.__0vprintf$1) refers to usart1.o(i.fputc) for fputc
    printf1.o(i.__0vprintf$1) refers to stdout.o(.data) for __stdout
    printf1.o(i.__0vsnprintf$1) refers to printf1.o(i._printf_core) for _printf_core
    printf1.o(i.__0vsnprintf$1) refers to printf1.o(i._snputc) for _snputc
    printf1.o(i.__0vsprintf$1) refers to printf1.o(i._printf_core) for _printf_core
    printf1.o(i.__0vsprintf$1) refers to printf1.o(i._sputc) for _sputc
    printf1.o(i._printf_core) refers to uidiv.o(.text) for __aeabi_uidivmod
    printf2.o(i.__0fprintf$2) refers to printf2.o(i._printf_core) for _printf_core
    printf2.o(i.__0fprintf$2) refers to usart1.o(i.fputc) for fputc
    printf2.o(i.__0printf$2) refers to printf2.o(i._printf_core) for _printf_core
    printf2.o(i.__0printf$2) refers to usart1.o(i.fputc) for fputc
    printf2.o(i.__0printf$2) refers to stdout.o(.data) for __stdout
    printf2.o(i.__0snprintf$2) refers to printf2.o(i._printf_core) for _printf_core
    printf2.o(i.__0snprintf$2) refers to printf2.o(i._snputc) for _snputc
    printf2.o(i.__0sprintf$2) refers to printf2.o(i._printf_core) for _printf_core
    printf2.o(i.__0sprintf$2) refers to printf2.o(i._sputc) for _sputc
    printf2.o(i.__0vfprintf$2) refers to printf2.o(i._printf_core) for _printf_core
    printf2.o(i.__0vfprintf$2) refers to usart1.o(i.fputc) for fputc
    printf2.o(i.__0vprintf$2) refers to printf2.o(i._printf_core) for _printf_core
    printf2.o(i.__0vprintf$2) refers to usart1.o(i.fputc) for fputc
    printf2.o(i.__0vprintf$2) refers to stdout.o(.data) for __stdout
    printf2.o(i.__0vsnprintf$2) refers to printf2.o(i._printf_core) for _printf_core
    printf2.o(i.__0vsnprintf$2) refers to printf2.o(i._snputc) for _snputc
    printf2.o(i.__0vsprintf$2) refers to printf2.o(i._printf_core) for _printf_core
    printf2.o(i.__0vsprintf$2) refers to printf2.o(i._sputc) for _sputc
    printf3.o(i.__0fprintf$3) refers to printf3.o(i._printf_core) for _printf_core
    printf3.o(i.__0fprintf$3) refers to usart1.o(i.fputc) for fputc
    printf3.o(i.__0printf$3) refers to printf3.o(i._printf_core) for _printf_core
    printf3.o(i.__0printf$3) refers to usart1.o(i.fputc) for fputc
    printf3.o(i.__0printf$3) refers to stdout.o(.data) for __stdout
    printf3.o(i.__0snprintf$3) refers to printf3.o(i._printf_core) for _printf_core
    printf3.o(i.__0snprintf$3) refers to printf3.o(i._snputc) for _snputc
    printf3.o(i.__0sprintf$3) refers to printf3.o(i._printf_core) for _printf_core
    printf3.o(i.__0sprintf$3) refers to printf3.o(i._sputc) for _sputc
    printf3.o(i.__0vfprintf$3) refers to printf3.o(i._printf_core) for _printf_core
    printf3.o(i.__0vfprintf$3) refers to usart1.o(i.fputc) for fputc
    printf3.o(i.__0vprintf$3) refers to printf3.o(i._printf_core) for _printf_core
    printf3.o(i.__0vprintf$3) refers to usart1.o(i.fputc) for fputc
    printf3.o(i.__0vprintf$3) refers to stdout.o(.data) for __stdout
    printf3.o(i.__0vsnprintf$3) refers to printf3.o(i._printf_core) for _printf_core
    printf3.o(i.__0vsnprintf$3) refers to printf3.o(i._snputc) for _snputc
    printf3.o(i.__0vsprintf$3) refers to printf3.o(i._printf_core) for _printf_core
    printf3.o(i.__0vsprintf$3) refers to printf3.o(i._sputc) for _sputc
    printf3.o(i._printf_core) refers to uidiv.o(.text) for __aeabi_uidivmod
    printf4.o(i.__0fprintf$4) refers to printf4.o(i._printf_core) for _printf_core
    printf4.o(i.__0fprintf$4) refers to usart1.o(i.fputc) for fputc
    printf4.o(i.__0printf$4) refers to printf4.o(i._printf_core) for _printf_core
    printf4.o(i.__0printf$4) refers to usart1.o(i.fputc) for fputc
    printf4.o(i.__0printf$4) refers to stdout.o(.data) for __stdout
    printf4.o(i.__0snprintf$4) refers to printf4.o(i._printf_core) for _printf_core
    printf4.o(i.__0snprintf$4) refers to printf4.o(i._snputc) for _snputc
    printf4.o(i.__0sprintf$4) refers to printf4.o(i._printf_core) for _printf_core
    printf4.o(i.__0sprintf$4) refers to printf4.o(i._sputc) for _sputc
    printf4.o(i.__0vfprintf$4) refers to printf4.o(i._printf_core) for _printf_core
    printf4.o(i.__0vfprintf$4) refers to usart1.o(i.fputc) for fputc
    printf4.o(i.__0vprintf$4) refers to printf4.o(i._printf_core) for _printf_core
    printf4.o(i.__0vprintf$4) refers to usart1.o(i.fputc) for fputc
    printf4.o(i.__0vprintf$4) refers to stdout.o(.data) for __stdout
    printf4.o(i.__0vsnprintf$4) refers to printf4.o(i._printf_core) for _printf_core
    printf4.o(i.__0vsnprintf$4) refers to printf4.o(i._snputc) for _snputc
    printf4.o(i.__0vsprintf$4) refers to printf4.o(i._printf_core) for _printf_core
    printf4.o(i.__0vsprintf$4) refers to printf4.o(i._sputc) for _sputc
    printf4.o(i._printf_core) refers to uldiv.o(.text) for __aeabi_uldivmod
    printf5.o(i.__0fprintf$5) refers to printf5.o(i._printf_core) for _printf_core
    printf5.o(i.__0fprintf$5) refers to usart1.o(i.fputc) for fputc
    printf5.o(i.__0printf$5) refers to printf5.o(i._printf_core) for _printf_core
    printf5.o(i.__0printf$5) refers to usart1.o(i.fputc) for fputc
    printf5.o(i.__0printf$5) refers to stdout.o(.data) for __stdout
    printf5.o(i.__0snprintf$5) refers to printf5.o(i._printf_core) for _printf_core
    printf5.o(i.__0snprintf$5) refers to printf5.o(i._snputc) for _snputc
    printf5.o(i.__0sprintf$5) refers to printf5.o(i._printf_core) for _printf_core
    printf5.o(i.__0sprintf$5) refers to printf5.o(i._sputc) for _sputc
    printf5.o(i.__0vfprintf$5) refers to printf5.o(i._printf_core) for _printf_core
    printf5.o(i.__0vfprintf$5) refers to usart1.o(i.fputc) for fputc
    printf5.o(i.__0vprintf$5) refers to printf5.o(i._printf_core) for _printf_core
    printf5.o(i.__0vprintf$5) refers to usart1.o(i.fputc) for fputc
    printf5.o(i.__0vprintf$5) refers to stdout.o(.data) for __stdout
    printf5.o(i.__0vsnprintf$5) refers to printf5.o(i._printf_core) for _printf_core
    printf5.o(i.__0vsnprintf$5) refers to printf5.o(i._snputc) for _snputc
    printf5.o(i.__0vsprintf$5) refers to printf5.o(i._printf_core) for _printf_core
    printf5.o(i.__0vsprintf$5) refers to printf5.o(i._sputc) for _sputc
    printf5.o(i._printf_core) refers to uldiv.o(.text) for __aeabi_uldivmod
    printf6.o(i.__0fprintf$6) refers to printf6.o(i._printf_core) for _printf_core
    printf6.o(i.__0fprintf$6) refers to usart1.o(i.fputc) for fputc
    printf6.o(i.__0printf$6) refers to printf6.o(i._printf_core) for _printf_core
    printf6.o(i.__0printf$6) refers to usart1.o(i.fputc) for fputc
    printf6.o(i.__0printf$6) refers to stdout.o(.data) for __stdout
    printf6.o(i.__0snprintf$6) refers to printf6.o(i._printf_core) for _printf_core
    printf6.o(i.__0snprintf$6) refers to printf6.o(i._snputc) for _snputc
    printf6.o(i.__0sprintf$6) refers to printf6.o(i._printf_core) for _printf_core
    printf6.o(i.__0sprintf$6) refers to printf6.o(i._sputc) for _sputc
    printf6.o(i.__0vfprintf$6) refers to printf6.o(i._printf_core) for _printf_core
    printf6.o(i.__0vfprintf$6) refers to usart1.o(i.fputc) for fputc
    printf6.o(i.__0vprintf$6) refers to printf6.o(i._printf_core) for _printf_core
    printf6.o(i.__0vprintf$6) refers to usart1.o(i.fputc) for fputc
    printf6.o(i.__0vprintf$6) refers to stdout.o(.data) for __stdout
    printf6.o(i.__0vsnprintf$6) refers to printf6.o(i._printf_core) for _printf_core
    printf6.o(i.__0vsnprintf$6) refers to printf6.o(i._snputc) for _snputc
    printf6.o(i.__0vsprintf$6) refers to printf6.o(i._printf_core) for _printf_core
    printf6.o(i.__0vsprintf$6) refers to printf6.o(i._sputc) for _sputc
    printf6.o(i._printf_core) refers to printf6.o(i._printf_pre_padding) for _printf_pre_padding
    printf6.o(i._printf_core) refers to printf6.o(i._printf_post_padding) for _printf_post_padding
    printf6.o(i._printf_core) refers to uidiv.o(.text) for __aeabi_uidivmod
    printf7.o(i.__0fprintf$7) refers to printf7.o(i._printf_core) for _printf_core
    printf7.o(i.__0fprintf$7) refers to usart1.o(i.fputc) for fputc
    printf7.o(i.__0printf$7) refers to printf7.o(i._printf_core) for _printf_core
    printf7.o(i.__0printf$7) refers to usart1.o(i.fputc) for fputc
    printf7.o(i.__0printf$7) refers to stdout.o(.data) for __stdout
    printf7.o(i.__0snprintf$7) refers to printf7.o(i._printf_core) for _printf_core
    printf7.o(i.__0snprintf$7) refers to printf7.o(i._snputc) for _snputc
    printf7.o(i.__0sprintf$7) refers to printf7.o(i._printf_core) for _printf_core
    printf7.o(i.__0sprintf$7) refers to printf7.o(i._sputc) for _sputc
    printf7.o(i.__0vfprintf$7) refers to printf7.o(i._printf_core) for _printf_core
    printf7.o(i.__0vfprintf$7) refers to usart1.o(i.fputc) for fputc
    printf7.o(i.__0vprintf$7) refers to printf7.o(i._printf_core) for _printf_core
    printf7.o(i.__0vprintf$7) refers to usart1.o(i.fputc) for fputc
    printf7.o(i.__0vprintf$7) refers to stdout.o(.data) for __stdout
    printf7.o(i.__0vsnprintf$7) refers to printf7.o(i._printf_core) for _printf_core
    printf7.o(i.__0vsnprintf$7) refers to printf7.o(i._snputc) for _snputc
    printf7.o(i.__0vsprintf$7) refers to printf7.o(i._printf_core) for _printf_core
    printf7.o(i.__0vsprintf$7) refers to printf7.o(i._sputc) for _sputc
    printf7.o(i._printf_core) refers to printf7.o(i._printf_pre_padding) for _printf_pre_padding
    printf7.o(i._printf_core) refers to printf7.o(i._printf_post_padding) for _printf_post_padding
    printf7.o(i._printf_core) refers to uldiv.o(.text) for __aeabi_uldivmod
    printf8.o(i.__0fprintf$8) refers to printf8.o(i._printf_core) for _printf_core
    printf8.o(i.__0fprintf$8) refers to usart1.o(i.fputc) for fputc
    printf8.o(i.__0printf$8) refers to printf8.o(i._printf_core) for _printf_core
    printf8.o(i.__0printf$8) refers to usart1.o(i.fputc) for fputc
    printf8.o(i.__0printf$8) refers to stdout.o(.data) for __stdout
    printf8.o(i.__0snprintf$8) refers to printf8.o(i._printf_core) for _printf_core
    printf8.o(i.__0snprintf$8) refers to printf8.o(i._snputc) for _snputc
    printf8.o(i.__0sprintf$8) refers to printf8.o(i._printf_core) for _printf_core
    printf8.o(i.__0sprintf$8) refers to printf8.o(i._sputc) for _sputc
    printf8.o(i.__0vfprintf$8) refers to printf8.o(i._printf_core) for _printf_core
    printf8.o(i.__0vfprintf$8) refers to usart1.o(i.fputc) for fputc
    printf8.o(i.__0vprintf$8) refers to printf8.o(i._printf_core) for _printf_core
    printf8.o(i.__0vprintf$8) refers to usart1.o(i.fputc) for fputc
    printf8.o(i.__0vprintf$8) refers to stdout.o(.data) for __stdout
    printf8.o(i.__0vsnprintf$8) refers to printf8.o(i._printf_core) for _printf_core
    printf8.o(i.__0vsnprintf$8) refers to printf8.o(i._snputc) for _snputc
    printf8.o(i.__0vsprintf$8) refers to printf8.o(i._printf_core) for _printf_core
    printf8.o(i.__0vsprintf$8) refers to printf8.o(i._sputc) for _sputc
    printf8.o(i._printf_core) refers to printf8.o(i._printf_pre_padding) for _printf_pre_padding
    printf8.o(i._printf_core) refers to printf8.o(i._printf_post_padding) for _printf_post_padding
    printf8.o(i._printf_core) refers to uldiv.o(.text) for __aeabi_uldivmod
    printfa.o(i.__0fprintf) refers (Special) to iusefp.o(.text) for __I$use$fp
    printfa.o(i.__0fprintf) refers to printfa.o(i._printf_core) for _printf_core
    printfa.o(i.__0fprintf) refers to usart1.o(i.fputc) for fputc
    printfa.o(i.__0printf) refers (Special) to iusefp.o(.text) for __I$use$fp
    printfa.o(i.__0printf) refers to printfa.o(i._printf_core) for _printf_core
    printfa.o(i.__0printf) refers to usart1.o(i.fputc) for fputc
    printfa.o(i.__0printf) refers to stdout.o(.data) for __stdout
    printfa.o(i.__0snprintf) refers (Special) to iusefp.o(.text) for __I$use$fp
    printfa.o(i.__0snprintf) refers to printfa.o(i._printf_core) for _printf_core
    printfa.o(i.__0snprintf) refers to printfa.o(i._snputc) for _snputc
    printfa.o(i.__0sprintf) refers (Special) to iusefp.o(.text) for __I$use$fp
    printfa.o(i.__0sprintf) refers to printfa.o(i._printf_core) for _printf_core
    printfa.o(i.__0sprintf) refers to printfa.o(i._sputc) for _sputc
    printfa.o(i.__0vfprintf) refers (Special) to iusefp.o(.text) for __I$use$fp
    printfa.o(i.__0vfprintf) refers to printfa.o(i._printf_core) for _printf_core
    printfa.o(i.__0vfprintf) refers to usart1.o(i.fputc) for fputc
    printfa.o(i.__0vprintf) refers (Special) to iusefp.o(.text) for __I$use$fp
    printfa.o(i.__0vprintf) refers to printfa.o(i._printf_core) for _printf_core
    printfa.o(i.__0vprintf) refers to usart1.o(i.fputc) for fputc
    printfa.o(i.__0vprintf) refers to stdout.o(.data) for __stdout
    printfa.o(i.__0vsnprintf) refers (Special) to iusefp.o(.text) for __I$use$fp
    printfa.o(i.__0vsnprintf) refers to printfa.o(i._printf_core) for _printf_core
    printfa.o(i.__0vsnprintf) refers to printfa.o(i._snputc) for _snputc
    printfa.o(i.__0vsprintf) refers (Special) to iusefp.o(.text) for __I$use$fp
    printfa.o(i.__0vsprintf) refers to printfa.o(i._printf_core) for _printf_core
    printfa.o(i.__0vsprintf) refers to printfa.o(i._sputc) for _sputc
    printfa.o(i._fp_digits) refers (Special) to iusefp.o(.text) for __I$use$fp
    printfa.o(i._fp_digits) refers to dmul.o(.text) for __aeabi_dmul
    printfa.o(i._fp_digits) refers to ddiv.o(.text) for __aeabi_ddiv
    printfa.o(i._fp_digits) refers to cdrcmple.o(.text) for __aeabi_cdrcmple
    printfa.o(i._fp_digits) refers to dadd.o(.text) for __aeabi_dadd
    printfa.o(i._fp_digits) refers to dfixul.o(.text) for __aeabi_d2ulz
    printfa.o(i._fp_digits) refers to uldiv.o(.text) for __aeabi_uldivmod
    printfa.o(i._printf_core) refers (Special) to iusefp.o(.text) for __I$use$fp
    printfa.o(i._printf_core) refers to printfa.o(i._printf_pre_padding) for _printf_pre_padding
    printfa.o(i._printf_core) refers to uldiv.o(.text) for __aeabi_uldivmod
    printfa.o(i._printf_core) refers to printfa.o(i._printf_post_padding) for _printf_post_padding
    printfa.o(i._printf_core) refers to printfa.o(i._fp_digits) for _fp_digits
    printfa.o(i._printf_core) refers to uidiv.o(.text) for __aeabi_uidivmod
    printfa.o(i._printf_post_padding) refers (Special) to iusefp.o(.text) for __I$use$fp
    printfa.o(i._printf_pre_padding) refers (Special) to iusefp.o(.text) for __I$use$fp
    printfa.o(i._snputc) refers (Special) to iusefp.o(.text) for __I$use$fp
    printfa.o(i._sputc) refers (Special) to iusefp.o(.text) for __I$use$fp
    fdiv.o(.text) refers (Special) to iusefp.o(.text) for __I$use$fp
    fdiv.o(.text) refers to fepilogue.o(.text) for _float_round
    dmul.o(.text) refers (Special) to iusefp.o(.text) for __I$use$fp
    dmul.o(.text) refers to depilogue.o(.text) for _double_epilogue
    ddiv.o(.text) refers (Special) to iusefp.o(.text) for __I$use$fp
    ddiv.o(.text) refers to depilogue.o(.text) for _double_round
    dscalb.o(.text) refers (Special) to iusefp.o(.text) for __I$use$fp
    ffltui.o(.text) refers (Special) to iusefp.o(.text) for __I$use$fp
    ffltui.o(.text) refers to fepilogue.o(.text) for _float_epilogue
    dfltui.o(.text) refers (Special) to iusefp.o(.text) for __I$use$fp
    dfltui.o(.text) refers to depilogue.o(.text) for _double_epilogue
    dfixi.o(.text) refers (Special) to iusefp.o(.text) for __I$use$fp
    dfixi.o(.text) refers to llushr.o(.text) for __aeabi_llsr
    entry2.o(.ARM.Collect$$$$00000001) refers to entry2.o(.ARM.Collect$$$$00002712) for __lit__00000000
    entry2.o(.ARM.Collect$$$$00002712) refers to startup_stm32f030x8.o(STACK) for __initial_sp
    entry2.o(__vectab_stack_and_reset_area) refers to startup_stm32f030x8.o(STACK) for __initial_sp
    entry2.o(__vectab_stack_and_reset_area) refers to entry.o(.ARM.Collect$$$$00000000) for __main
    entry5.o(.ARM.Collect$$$$00000004) refers to init.o(.text) for __scatterload
    entry9a.o(.ARM.Collect$$$$0000000B) refers to main.o(i.main) for main
    entry9b.o(.ARM.Collect$$$$0000000C) refers to main.o(i.main) for main
    uldiv.o(.text) refers to llushr.o(.text) for __aeabi_llsr
    uldiv.o(.text) refers to llshl.o(.text) for __aeabi_llsl
    depilogue.o(.text) refers to depilogue.o(i.__ARM_clz) for __ARM_clz
    depilogue.o(.text) refers to llshl.o(.text) for __aeabi_llsl
    depilogue.o(.text) refers to llushr.o(.text) for __aeabi_llsr
    dadd.o(.text) refers to llshl.o(.text) for __aeabi_llsl
    dadd.o(.text) refers to llsshr.o(.text) for __aeabi_lasr
    dadd.o(.text) refers to depilogue.o(.text) for _double_epilogue
    dfixul.o(.text) refers to llushr.o(.text) for __aeabi_llsr
    dfixul.o(.text) refers to llshl.o(.text) for __aeabi_llsl
    init.o(.text) refers to entry5.o(.ARM.Collect$$$$00000004) for __main_after_scatterload


==============================================================================

Removing Unused input sections from the image.

    Removing system_stm32f0xx.o(.rev16_text), (4 bytes).
    Removing system_stm32f0xx.o(.revsh_text), (4 bytes).
    Removing system_stm32f0xx.o(i.SystemCoreClockUpdate), (112 bytes).
    Removing system_stm32f0xx.o(.data), (20 bytes).
    Removing startup_stm32f030x8.o(HEAP), (512 bytes).
    Removing usart1.o(.rev16_text), (4 bytes).
    Removing usart1.o(.revsh_text), (4 bytes).
    Removing usart1.o(i.USART1_DmaSendBuf), (92 bytes).
    Removing my_fifo.o(.rev16_text), (4 bytes).
    Removing my_fifo.o(.revsh_text), (4 bytes).
    Removing my_fifo.o(i.fifo_clear), (36 bytes).
    Removing my_fifo.o(i.fifo_goint_double), (104 bytes).
    Removing my_fifo.o(i.fifo_goint_float), (100 bytes).
    Removing my_fifo.o(i.fifo_goint_int16_t), (100 bytes).
    Removing my_fifo.o(i.fifo_goint_int32_t), (100 bytes).
    Removing my_fifo.o(i.fifo_goint_int64_t), (104 bytes).
    Removing my_fifo.o(i.fifo_goint_int8_t), (92 bytes).
    Removing my_fifo.o(i.fifo_goint_uint16_t), (100 bytes).
    Removing my_fifo.o(i.fifo_goint_uint32_t), (100 bytes).
    Removing my_fifo.o(i.fifo_goint_uint64_t), (104 bytes).
    Removing my_fifo.o(i.fifo_indata_light), (28 bytes).
    Removing my_fifo.o(i.fifo_init), (24 bytes).
    Removing my_fifo.o(i.fifo_read_double), (104 bytes).
    Removing my_fifo.o(i.fifo_read_float), (100 bytes).
    Removing my_fifo.o(i.fifo_read_int16_t), (100 bytes).
    Removing my_fifo.o(i.fifo_read_int32_t), (100 bytes).
    Removing my_fifo.o(i.fifo_read_int64_t), (104 bytes).
    Removing my_fifo.o(i.fifo_read_int8_t), (96 bytes).
    Removing my_fifo.o(i.fifo_read_uint16_t), (100 bytes).
    Removing my_fifo.o(i.fifo_read_uint32_t), (100 bytes).
    Removing my_fifo.o(i.fifo_read_uint64_t), (104 bytes).
    Removing my_fifo.o(i.fifo_read_uint8_t), (96 bytes).
    Removing my_fifo.o(i.fifo_remalight), (24 bytes).
    Removing tim.o(.rev16_text), (4 bytes).
    Removing tim.o(.revsh_text), (4 bytes).
    Removing tim.o(i.HAL_GetTick), (12 bytes).
    Removing tim.o(i.get_dt), (64 bytes).
    Removing tim.o(i.systim_start), (92 bytes).
    Removing tim.o(i.tim_start), (100 bytes).
    Removing tim.o(.data), (4 bytes).
    Removing my_flash.o(.rev16_text), (4 bytes).
    Removing my_flash.o(.revsh_text), (4 bytes).
    Removing my_flash.o(i.doseFlashHasPackedMessage), (32 bytes).
    Removing my_flash.o(i.flashReadWriteTest), (108 bytes).
    Removing my_flash.o(i.getValuablePackedMessageLengthofFlash), (28 bytes).
    Removing my_flash.o(i.isItOddNumber), (8 bytes).
    Removing my_flash.o(i.myFlash_ReadData), (36 bytes).
    Removing my_flash.o(i.myFlash_WriteData), (20 bytes).
    Removing my_flash.o(i.readPackedMessageFromFlash), (64 bytes).
    Removing my_flash.o(i.writeMessageToFlash), (164 bytes).
    Removing ads1255.o(.rev16_text), (4 bytes).
    Removing ads1255.o(.revsh_text), (4 bytes).
    Removing ads1255.o(i.ADS1255_ATANDBY), (28 bytes).
    Removing ads1255.o(i.ADS1255_AdjSYS), (94 bytes).
    Removing ads1255.o(i.ADS1255_OneRead_AdcData), (60 bytes).
    Removing ads1255.o(i.ADS1255_RDATA), (34 bytes).
    Removing ads1255.o(i.ADS1255_RESET), (28 bytes).
    Removing ads1255.o(i.ADS1255_SELFGCAL), (28 bytes).
    Removing ads1255.o(i.ADS1255_SELFOCAL), (28 bytes).
    Removing ads1255.o(i.ADS1255_SYSGCAL), (28 bytes).
    Removing ads1255.o(i.ADS1255_SYSOCAL), (28 bytes).
    Removing stm32f0xx_dma.o(.rev16_text), (4 bytes).
    Removing stm32f0xx_dma.o(.revsh_text), (4 bytes).
    Removing stm32f0xx_dma.o(i.DMA_ClearFlag), (12 bytes).
    Removing stm32f0xx_dma.o(i.DMA_Cmd), (24 bytes).
    Removing stm32f0xx_dma.o(i.DMA_DeInit), (108 bytes).
    Removing stm32f0xx_dma.o(i.DMA_GetCurrDataCounter), (6 bytes).
    Removing stm32f0xx_dma.o(i.DMA_GetFlagStatus), (20 bytes).
    Removing stm32f0xx_dma.o(i.DMA_SetCurrDataCounter), (4 bytes).
    Removing stm32f0xx_dma.o(i.DMA_StructInit), (26 bytes).
    Removing stm32f0xx_exti.o(.rev16_text), (4 bytes).
    Removing stm32f0xx_exti.o(.revsh_text), (4 bytes).
    Removing stm32f0xx_exti.o(i.EXTI_ClearFlag), (12 bytes).
    Removing stm32f0xx_exti.o(i.EXTI_ClearITPendingBit), (12 bytes).
    Removing stm32f0xx_exti.o(i.EXTI_DeInit), (32 bytes).
    Removing stm32f0xx_exti.o(i.EXTI_GenerateSWInterrupt), (16 bytes).
    Removing stm32f0xx_exti.o(i.EXTI_GetFlagStatus), (20 bytes).
    Removing stm32f0xx_exti.o(i.EXTI_GetITStatus), (20 bytes).
    Removing stm32f0xx_exti.o(i.EXTI_StructInit), (14 bytes).
    Removing stm32f0xx_flash.o(.rev16_text), (4 bytes).
    Removing stm32f0xx_flash.o(.revsh_text), (4 bytes).
    Removing stm32f0xx_flash.o(i.FLASH_ClearFlag), (12 bytes).
    Removing stm32f0xx_flash.o(i.FLASH_EraseAllPages), (52 bytes).
    Removing stm32f0xx_flash.o(i.FLASH_ErasePage), (56 bytes).
    Removing stm32f0xx_flash.o(i.FLASH_GetFlagStatus), (20 bytes).
    Removing stm32f0xx_flash.o(i.FLASH_GetPrefetchBufferStatus), (20 bytes).
    Removing stm32f0xx_flash.o(i.FLASH_GetStatus), (40 bytes).
    Removing stm32f0xx_flash.o(i.FLASH_ITConfig), (24 bytes).
    Removing stm32f0xx_flash.o(i.FLASH_Lock), (16 bytes).
    Removing stm32f0xx_flash.o(i.FLASH_OB_BOOTConfig), (64 bytes).
    Removing stm32f0xx_flash.o(i.FLASH_OB_EnableWRP), (88 bytes).
    Removing stm32f0xx_flash.o(i.FLASH_OB_Erase), (116 bytes).
    Removing stm32f0xx_flash.o(i.FLASH_OB_GetRDP), (20 bytes).
    Removing stm32f0xx_flash.o(i.FLASH_OB_GetUser), (16 bytes).
    Removing stm32f0xx_flash.o(i.FLASH_OB_GetWRP), (12 bytes).
    Removing stm32f0xx_flash.o(i.FLASH_OB_Launch), (20 bytes).
    Removing stm32f0xx_flash.o(i.FLASH_OB_Lock), (16 bytes).
    Removing stm32f0xx_flash.o(i.FLASH_OB_ProgramData), (56 bytes).
    Removing stm32f0xx_flash.o(i.FLASH_OB_RDPConfig), (92 bytes).
    Removing stm32f0xx_flash.o(i.FLASH_OB_SRAMParityConfig), (64 bytes).
    Removing stm32f0xx_flash.o(i.FLASH_OB_Unlock), (32 bytes).
    Removing stm32f0xx_flash.o(i.FLASH_OB_UserConfig), (72 bytes).
    Removing stm32f0xx_flash.o(i.FLASH_OB_VDDAConfig), (64 bytes).
    Removing stm32f0xx_flash.o(i.FLASH_OB_WriteUser), (64 bytes).
    Removing stm32f0xx_flash.o(i.FLASH_PrefetchBufferCmd), (24 bytes).
    Removing stm32f0xx_flash.o(i.FLASH_ProgramHalfWord), (52 bytes).
    Removing stm32f0xx_flash.o(i.FLASH_ProgramWord), (76 bytes).
    Removing stm32f0xx_flash.o(i.FLASH_SetLatency), (20 bytes).
    Removing stm32f0xx_flash.o(i.FLASH_Unlock), (32 bytes).
    Removing stm32f0xx_flash.o(i.FLASH_WaitForLastOperation), (34 bytes).
    Removing stm32f0xx_gpio.o(.rev16_text), (4 bytes).
    Removing stm32f0xx_gpio.o(.revsh_text), (4 bytes).
    Removing stm32f0xx_gpio.o(i.GPIO_DeInit), (96 bytes).
    Removing stm32f0xx_gpio.o(i.GPIO_PinLockConfig), (26 bytes).
    Removing stm32f0xx_gpio.o(i.GPIO_ReadInputData), (4 bytes).
    Removing stm32f0xx_gpio.o(i.GPIO_ReadInputDataBit), (14 bytes).
    Removing stm32f0xx_gpio.o(i.GPIO_ReadOutputData), (4 bytes).
    Removing stm32f0xx_gpio.o(i.GPIO_ReadOutputDataBit), (14 bytes).
    Removing stm32f0xx_gpio.o(i.GPIO_ResetBits), (4 bytes).
    Removing stm32f0xx_gpio.o(i.GPIO_StructInit), (24 bytes).
    Removing stm32f0xx_gpio.o(i.GPIO_Write), (4 bytes).
    Removing stm32f0xx_gpio.o(i.GPIO_WriteBit), (12 bytes).
    Removing stm32f0xx_rcc.o(.rev16_text), (4 bytes).
    Removing stm32f0xx_rcc.o(.revsh_text), (4 bytes).
    Removing stm32f0xx_rcc.o(i.RCC_ADCCLKConfig), (44 bytes).
    Removing stm32f0xx_rcc.o(i.RCC_AHBPeriphResetCmd), (24 bytes).
    Removing stm32f0xx_rcc.o(i.RCC_APB1PeriphClockCmd), (24 bytes).
    Removing stm32f0xx_rcc.o(i.RCC_APB1PeriphResetCmd), (24 bytes).
    Removing stm32f0xx_rcc.o(i.RCC_APB2PeriphResetCmd), (24 bytes).
    Removing stm32f0xx_rcc.o(i.RCC_AdjustHSI14CalibrationValue), (20 bytes).
    Removing stm32f0xx_rcc.o(i.RCC_AdjustHSICalibrationValue), (20 bytes).
    Removing stm32f0xx_rcc.o(i.RCC_BackupResetCmd), (28 bytes).
    Removing stm32f0xx_rcc.o(i.RCC_CECCLKConfig), (24 bytes).
    Removing stm32f0xx_rcc.o(i.RCC_ClearFlag), (20 bytes).
    Removing stm32f0xx_rcc.o(i.RCC_ClearITPendingBit), (12 bytes).
    Removing stm32f0xx_rcc.o(i.RCC_ClockSecuritySystemCmd), (28 bytes).
    Removing stm32f0xx_rcc.o(i.RCC_DeInit), (92 bytes).
    Removing stm32f0xx_rcc.o(i.RCC_GetFlagStatus), (52 bytes).
    Removing stm32f0xx_rcc.o(i.RCC_GetITStatus), (20 bytes).
    Removing stm32f0xx_rcc.o(i.RCC_GetSYSCLKSource), (16 bytes).
    Removing stm32f0xx_rcc.o(i.RCC_HCLKConfig), (20 bytes).
    Removing stm32f0xx_rcc.o(i.RCC_HSEConfig), (16 bytes).
    Removing stm32f0xx_rcc.o(i.RCC_HSI14ADCRequestCmd), (24 bytes).
    Removing stm32f0xx_rcc.o(i.RCC_HSI14Cmd), (28 bytes).
    Removing stm32f0xx_rcc.o(i.RCC_HSICmd), (28 bytes).
    Removing stm32f0xx_rcc.o(i.RCC_I2CCLKConfig), (24 bytes).
    Removing stm32f0xx_rcc.o(i.RCC_ITConfig), (24 bytes).
    Removing stm32f0xx_rcc.o(i.RCC_LSEConfig), (32 bytes).
    Removing stm32f0xx_rcc.o(i.RCC_LSEDriveConfig), (24 bytes).
    Removing stm32f0xx_rcc.o(i.RCC_LSICmd), (28 bytes).
    Removing stm32f0xx_rcc.o(i.RCC_MCOConfig), (12 bytes).
    Removing stm32f0xx_rcc.o(i.RCC_PCLKConfig), (20 bytes).
    Removing stm32f0xx_rcc.o(i.RCC_PLLCmd), (28 bytes).
    Removing stm32f0xx_rcc.o(i.RCC_PLLConfig), (28 bytes).
    Removing stm32f0xx_rcc.o(i.RCC_PREDIV1Config), (20 bytes).
    Removing stm32f0xx_rcc.o(i.RCC_RTCCLKCmd), (28 bytes).
    Removing stm32f0xx_rcc.o(i.RCC_RTCCLKConfig), (16 bytes).
    Removing stm32f0xx_rcc.o(i.RCC_SYSCLKConfig), (20 bytes).
    Removing stm32f0xx_rcc.o(i.RCC_USARTCLKConfig), (24 bytes).
    Removing stm32f0xx_rcc.o(i.RCC_WaitForHSEStartUp), (44 bytes).
    Removing stm32f0xx_syscfg.o(.rev16_text), (4 bytes).
    Removing stm32f0xx_syscfg.o(.revsh_text), (4 bytes).
    Removing stm32f0xx_syscfg.o(i.SYSCFG_BreakConfig), (16 bytes).
    Removing stm32f0xx_syscfg.o(i.SYSCFG_ClearFlag), (16 bytes).
    Removing stm32f0xx_syscfg.o(i.SYSCFG_DMAChannelRemapConfig), (24 bytes).
    Removing stm32f0xx_syscfg.o(i.SYSCFG_DeInit), (36 bytes).
    Removing stm32f0xx_syscfg.o(i.SYSCFG_GetFlagStatus), (20 bytes).
    Removing stm32f0xx_syscfg.o(i.SYSCFG_I2CFastModePlusConfig), (24 bytes).
    Removing stm32f0xx_syscfg.o(i.SYSCFG_MemoryRemapConfig), (20 bytes).
    Removing stm32f0xx_tim.o(.rev16_text), (4 bytes).
    Removing stm32f0xx_tim.o(.revsh_text), (4 bytes).
    Removing stm32f0xx_tim.o(i.TI1_Config), (40 bytes).
    Removing stm32f0xx_tim.o(i.TI2_Config), (48 bytes).
    Removing stm32f0xx_tim.o(i.TIM_ARRPreloadConfig), (18 bytes).
    Removing stm32f0xx_tim.o(i.TIM_BDTRConfig), (34 bytes).
    Removing stm32f0xx_tim.o(i.TIM_BDTRStructInit), (18 bytes).
    Removing stm32f0xx_tim.o(i.TIM_CCPreloadControl), (20 bytes).
    Removing stm32f0xx_tim.o(i.TIM_CCxCmd), (22 bytes).
    Removing stm32f0xx_tim.o(i.TIM_CCxNCmd), (22 bytes).
    Removing stm32f0xx_tim.o(i.TIM_ClearFlag), (6 bytes).
    Removing stm32f0xx_tim.o(i.TIM_ClearOC1Ref), (12 bytes).
    Removing stm32f0xx_tim.o(i.TIM_ClearOC2Ref), (14 bytes).
    Removing stm32f0xx_tim.o(i.TIM_ClearOC3Ref), (12 bytes).
    Removing stm32f0xx_tim.o(i.TIM_ClearOC4Ref), (14 bytes).
    Removing stm32f0xx_tim.o(i.TIM_Cmd), (20 bytes).
    Removing stm32f0xx_tim.o(i.TIM_CounterModeConfig), (12 bytes).
    Removing stm32f0xx_tim.o(i.TIM_CtrlPWMOutputs), (24 bytes).
    Removing stm32f0xx_tim.o(i.TIM_DMACmd), (16 bytes).
    Removing stm32f0xx_tim.o(i.TIM_DMAConfig), (8 bytes).
    Removing stm32f0xx_tim.o(i.TIM_DeInit), (180 bytes).
    Removing stm32f0xx_tim.o(i.TIM_ETRClockMode1Config), (28 bytes).
    Removing stm32f0xx_tim.o(i.TIM_ETRClockMode2Config), (20 bytes).
    Removing stm32f0xx_tim.o(i.TIM_ETRConfig), (18 bytes).
    Removing stm32f0xx_tim.o(i.TIM_EncoderInterfaceConfig), (48 bytes).
    Removing stm32f0xx_tim.o(i.TIM_ForcedOC1Config), (12 bytes).
    Removing stm32f0xx_tim.o(i.TIM_ForcedOC2Config), (20 bytes).
    Removing stm32f0xx_tim.o(i.TIM_ForcedOC3Config), (12 bytes).
    Removing stm32f0xx_tim.o(i.TIM_ForcedOC4Config), (20 bytes).
    Removing stm32f0xx_tim.o(i.TIM_GenerateEvent), (4 bytes).
    Removing stm32f0xx_tim.o(i.TIM_GetCapture1), (4 bytes).
    Removing stm32f0xx_tim.o(i.TIM_GetCapture2), (4 bytes).
    Removing stm32f0xx_tim.o(i.TIM_GetCapture3), (4 bytes).
    Removing stm32f0xx_tim.o(i.TIM_GetCapture4), (4 bytes).
    Removing stm32f0xx_tim.o(i.TIM_GetCounter), (4 bytes).
    Removing stm32f0xx_tim.o(i.TIM_GetFlagStatus), (14 bytes).
    Removing stm32f0xx_tim.o(i.TIM_GetPrescaler), (4 bytes).
    Removing stm32f0xx_tim.o(i.TIM_ICInit), (184 bytes).
    Removing stm32f0xx_tim.o(i.TIM_ICStructInit), (16 bytes).
    Removing stm32f0xx_tim.o(i.TIM_ITConfig), (16 bytes).
    Removing stm32f0xx_tim.o(i.TIM_ITRxExternalClockConfig), (18 bytes).
    Removing stm32f0xx_tim.o(i.TIM_InternalClockConfig), (10 bytes).
    Removing stm32f0xx_tim.o(i.TIM_OC1FastConfig), (12 bytes).
    Removing stm32f0xx_tim.o(i.TIM_OC1Init), (124 bytes).
    Removing stm32f0xx_tim.o(i.TIM_OC1NPolarityConfig), (12 bytes).
    Removing stm32f0xx_tim.o(i.TIM_OC1PolarityConfig), (12 bytes).
    Removing stm32f0xx_tim.o(i.TIM_OC1PreloadConfig), (12 bytes).
    Removing stm32f0xx_tim.o(i.TIM_OC2FastConfig), (20 bytes).
    Removing stm32f0xx_tim.o(i.TIM_OC2Init), (144 bytes).
    Removing stm32f0xx_tim.o(i.TIM_OC2NPolarityConfig), (14 bytes).
    Removing stm32f0xx_tim.o(i.TIM_OC2PolarityConfig), (14 bytes).
    Removing stm32f0xx_tim.o(i.TIM_OC2PreloadConfig), (20 bytes).
    Removing stm32f0xx_tim.o(i.TIM_OC3FastConfig), (12 bytes).
    Removing stm32f0xx_tim.o(i.TIM_OC3Init), (136 bytes).
    Removing stm32f0xx_tim.o(i.TIM_OC3NPolarityConfig), (20 bytes).
    Removing stm32f0xx_tim.o(i.TIM_OC3PolarityConfig), (20 bytes).
    Removing stm32f0xx_tim.o(i.TIM_OC3PreloadConfig), (12 bytes).
    Removing stm32f0xx_tim.o(i.TIM_OC4FastConfig), (20 bytes).
    Removing stm32f0xx_tim.o(i.TIM_OC4Init), (100 bytes).
    Removing stm32f0xx_tim.o(i.TIM_OC4PolarityConfig), (20 bytes).
    Removing stm32f0xx_tim.o(i.TIM_OC4PreloadConfig), (20 bytes).
    Removing stm32f0xx_tim.o(i.TIM_OCStructInit), (20 bytes).
    Removing stm32f0xx_tim.o(i.TIM_PWMIConfig), (104 bytes).
    Removing stm32f0xx_tim.o(i.TIM_PrescalerConfig), (6 bytes).
    Removing stm32f0xx_tim.o(i.TIM_RemapConfig), (6 bytes).
    Removing stm32f0xx_tim.o(i.TIM_SelectCCDMA), (18 bytes).
    Removing stm32f0xx_tim.o(i.TIM_SelectCOM), (18 bytes).
    Removing stm32f0xx_tim.o(i.TIM_SelectHallSensor), (18 bytes).
    Removing stm32f0xx_tim.o(i.TIM_SelectInputTrigger), (12 bytes).
    Removing stm32f0xx_tim.o(i.TIM_SelectMasterSlaveMode), (16 bytes).
    Removing stm32f0xx_tim.o(i.TIM_SelectOCREFClear), (16 bytes).
    Removing stm32f0xx_tim.o(i.TIM_SelectOCxM), (70 bytes).
    Removing stm32f0xx_tim.o(i.TIM_SelectOnePulseMode), (16 bytes).
    Removing stm32f0xx_tim.o(i.TIM_SelectOutputTrigger), (16 bytes).
    Removing stm32f0xx_tim.o(i.TIM_SelectSlaveMode), (16 bytes).
    Removing stm32f0xx_tim.o(i.TIM_SetAutoreload), (4 bytes).
    Removing stm32f0xx_tim.o(i.TIM_SetClockDivision), (20 bytes).
    Removing stm32f0xx_tim.o(i.TIM_SetCompare1), (4 bytes).
    Removing stm32f0xx_tim.o(i.TIM_SetCompare2), (4 bytes).
    Removing stm32f0xx_tim.o(i.TIM_SetCompare3), (4 bytes).
    Removing stm32f0xx_tim.o(i.TIM_SetCompare4), (4 bytes).
    Removing stm32f0xx_tim.o(i.TIM_SetCounter), (4 bytes).
    Removing stm32f0xx_tim.o(i.TIM_SetIC1Prescaler), (16 bytes).
    Removing stm32f0xx_tim.o(i.TIM_SetIC2Prescaler), (24 bytes).
    Removing stm32f0xx_tim.o(i.TIM_SetIC3Prescaler), (16 bytes).
    Removing stm32f0xx_tim.o(i.TIM_SetIC4Prescaler), (24 bytes).
    Removing stm32f0xx_tim.o(i.TIM_TIxExternalClockConfig), (48 bytes).
    Removing stm32f0xx_tim.o(i.TIM_TimeBaseInit), (116 bytes).
    Removing stm32f0xx_tim.o(i.TIM_TimeBaseStructInit), (18 bytes).
    Removing stm32f0xx_tim.o(i.TIM_UpdateDisableConfig), (18 bytes).
    Removing stm32f0xx_tim.o(i.TIM_UpdateRequestConfig), (18 bytes).
    Removing stm32f0xx_usart.o(.rev16_text), (4 bytes).
    Removing stm32f0xx_usart.o(.revsh_text), (4 bytes).
    Removing stm32f0xx_usart.o(i.USART_AddressDetectionConfig), (16 bytes).
    Removing stm32f0xx_usart.o(i.USART_AutoBaudRateCmd), (20 bytes).
    Removing stm32f0xx_usart.o(i.USART_AutoBaudRateConfig), (18 bytes).
    Removing stm32f0xx_usart.o(i.USART_ClockInit), (28 bytes).
    Removing stm32f0xx_usart.o(i.USART_ClockStructInit), (12 bytes).
    Removing stm32f0xx_usart.o(i.USART_DECmd), (20 bytes).
    Removing stm32f0xx_usart.o(i.USART_DEPolarityConfig), (18 bytes).
    Removing stm32f0xx_usart.o(i.USART_DMAReceptionErrorConfig), (18 bytes).
    Removing stm32f0xx_usart.o(i.USART_DataInvCmd), (20 bytes).
    Removing stm32f0xx_usart.o(i.USART_DeInit), (64 bytes).
    Removing stm32f0xx_usart.o(i.USART_DirectionModeCmd), (16 bytes).
    Removing stm32f0xx_usart.o(i.USART_HalfDuplexCmd), (18 bytes).
    Removing stm32f0xx_usart.o(i.USART_InvPinCmd), (16 bytes).
    Removing stm32f0xx_usart.o(i.USART_IrDACmd), (18 bytes).
    Removing stm32f0xx_usart.o(i.USART_IrDAConfig), (16 bytes).
    Removing stm32f0xx_usart.o(i.USART_LINBreakDetectLengthConfig), (16 bytes).
    Removing stm32f0xx_usart.o(i.USART_LINCmd), (20 bytes).
    Removing stm32f0xx_usart.o(i.USART_MSBFirstCmd), (20 bytes).
    Removing stm32f0xx_usart.o(i.USART_MuteModeCmd), (20 bytes).
    Removing stm32f0xx_usart.o(i.USART_MuteModeWakeUpConfig), (18 bytes).
    Removing stm32f0xx_usart.o(i.USART_OneBitMethodCmd), (20 bytes).
    Removing stm32f0xx_usart.o(i.USART_OverSampling8Cmd), (20 bytes).
    Removing stm32f0xx_usart.o(i.USART_OverrunDetectionConfig), (18 bytes).
    Removing stm32f0xx_usart.o(i.USART_ReceiverTimeOutCmd), (20 bytes).
    Removing stm32f0xx_usart.o(i.USART_RequestCmd), (16 bytes).
    Removing stm32f0xx_usart.o(i.USART_STOPModeCmd), (18 bytes).
    Removing stm32f0xx_usart.o(i.USART_SWAPPinCmd), (20 bytes).
    Removing stm32f0xx_usart.o(i.USART_SetAddress), (18 bytes).
    Removing stm32f0xx_usart.o(i.USART_SetAutoRetryCount), (20 bytes).
    Removing stm32f0xx_usart.o(i.USART_SetBlockLength), (18 bytes).
    Removing stm32f0xx_usart.o(i.USART_SetDEAssertionTime), (20 bytes).
    Removing stm32f0xx_usart.o(i.USART_SetDEDeassertionTime), (20 bytes).
    Removing stm32f0xx_usart.o(i.USART_SetGuardTime), (16 bytes).
    Removing stm32f0xx_usart.o(i.USART_SetPrescaler), (16 bytes).
    Removing stm32f0xx_usart.o(i.USART_SetReceiverTimeOut), (16 bytes).
    Removing stm32f0xx_usart.o(i.USART_SmartCardCmd), (18 bytes).
    Removing stm32f0xx_usart.o(i.USART_SmartCardNACKCmd), (18 bytes).
    Removing stm32f0xx_usart.o(i.USART_StopModeWakeUpSourceConfig), (18 bytes).
    Removing stm32f0xx_usart.o(i.USART_StructInit), (22 bytes).
    Removing stm32f0xx_misc.o(.rev16_text), (4 bytes).
    Removing stm32f0xx_misc.o(.revsh_text), (4 bytes).
    Removing stm32f0xx_misc.o(i.NVIC_SystemLPConfig), (24 bytes).
    Removing stm32f0xx_misc.o(i.SysTick_CLKSourceConfig), (24 bytes).
    Removing main.o(.rev16_text), (4 bytes).
    Removing main.o(.revsh_text), (4 bytes).
    Removing main.o(.data), (4 bytes).
    Removing main.o(.data), (1 bytes).
    Removing stm32f0xx_it.o(.rev16_text), (4 bytes).
    Removing stm32f0xx_it.o(.revsh_text), (4 bytes).
    Removing fdiv.o(.text), (124 bytes).
    Removing ffltui.o(.text), (14 bytes).
    Removing fepilogue.o(.text), (130 bytes).
    Removing dadd.o(.text), (360 bytes).
    Removing dfixul.o(.text), (64 bytes).
    Removing cdrcmple.o(.text), (40 bytes).

317 unused section(s) (total 10889 bytes) removed from the image.

==============================================================================

Image Symbol Table

    Local Symbols

    Symbol Name                              Value     Ov Type        Size  Object(Section)

    ../clib/microlib/division.c              0x00000000   Number         0  uidiv.o ABSOLUTE
    ../clib/microlib/division.c              0x00000000   Number         0  uldiv.o ABSOLUTE
    ../clib/microlib/init/entry.s            0x00000000   Number         0  entry11a.o ABSOLUTE
    ../clib/microlib/init/entry.s            0x00000000   Number         0  entry7b.o ABSOLUTE
    ../clib/microlib/init/entry.s            0x00000000   Number         0  entry10a.o ABSOLUTE
    ../clib/microlib/init/entry.s            0x00000000   Number         0  entry10b.o ABSOLUTE
    ../clib/microlib/init/entry.s            0x00000000   Number         0  entry8a.o ABSOLUTE
    ../clib/microlib/init/entry.s            0x00000000   Number         0  entry8b.o ABSOLUTE
    ../clib/microlib/init/entry.s            0x00000000   Number         0  entry9a.o ABSOLUTE
    ../clib/microlib/init/entry.s            0x00000000   Number         0  entry11b.o ABSOLUTE
    ../clib/microlib/init/entry.s            0x00000000   Number         0  entry12b.o ABSOLUTE
    ../clib/microlib/init/entry.s            0x00000000   Number         0  entry.o ABSOLUTE
    ../clib/microlib/init/entry.s            0x00000000   Number         0  entry2.o ABSOLUTE
    ../clib/microlib/init/entry.s            0x00000000   Number         0  entry9b.o ABSOLUTE
    ../clib/microlib/init/entry.s            0x00000000   Number         0  entry5.o ABSOLUTE
    ../clib/microlib/init/entry.s            0x00000000   Number         0  entry12a.o ABSOLUTE
    ../clib/microlib/init/entry.s            0x00000000   Number         0  entry7a.o ABSOLUTE
    ../clib/microlib/longlong.c              0x00000000   Number         0  llshl.o ABSOLUTE
    ../clib/microlib/longlong.c              0x00000000   Number         0  llushr.o ABSOLUTE
    ../clib/microlib/longlong.c              0x00000000   Number         0  llsshr.o ABSOLUTE
    ../clib/microlib/printf/printf.c         0x00000000   Number         0  printf8.o ABSOLUTE
    ../clib/microlib/printf/printf.c         0x00000000   Number         0  printf7.o ABSOLUTE
    ../clib/microlib/printf/printf.c         0x00000000   Number         0  printfb.o ABSOLUTE
    ../clib/microlib/printf/printf.c         0x00000000   Number         0  printf6.o ABSOLUTE
    ../clib/microlib/printf/printf.c         0x00000000   Number         0  printf2.o ABSOLUTE
    ../clib/microlib/printf/printf.c         0x00000000   Number         0  printf5.o ABSOLUTE
    ../clib/microlib/printf/printf.c         0x00000000   Number         0  printf4.o ABSOLUTE
    ../clib/microlib/printf/printf.c         0x00000000   Number         0  printf3.o ABSOLUTE
    ../clib/microlib/printf/printf.c         0x00000000   Number         0  printf1.o ABSOLUTE
    ../clib/microlib/printf/printf.c         0x00000000   Number         0  printf0.o ABSOLUTE
    ../clib/microlib/printf/printf.c         0x00000000   Number         0  printfa.o ABSOLUTE
    ../clib/microlib/printf/stubs.s          0x00000000   Number         0  stubs.o ABSOLUTE
    ../clib/microlib/stdio/streams.c         0x00000000   Number         0  stdout.o ABSOLUTE
    ../clib/microlib/string/memcpy.c         0x00000000   Number         0  memcpya.o ABSOLUTE
    ../clib/microlib/string/memcpy.c         0x00000000   Number         0  memcpyb.o ABSOLUTE
    ../clib/microlib/string/memset.c         0x00000000   Number         0  memseta.o ABSOLUTE
    ../clib/microlib/stubs.s                 0x00000000   Number         0  iusefp.o ABSOLUTE
    ../fplib/microlib/fpadd.c                0x00000000   Number         0  dadd.o ABSOLUTE
    ../fplib/microlib/fpdiv.c                0x00000000   Number         0  ddiv.o ABSOLUTE
    ../fplib/microlib/fpdiv.c                0x00000000   Number         0  fdiv.o ABSOLUTE
    ../fplib/microlib/fpepilogue.c           0x00000000   Number         0  depilogue.o ABSOLUTE
    ../fplib/microlib/fpepilogue.c           0x00000000   Number         0  fepilogue.o ABSOLUTE
    ../fplib/microlib/fpfix.c                0x00000000   Number         0  dfixul.o ABSOLUTE
    ../fplib/microlib/fpfix.c                0x00000000   Number         0  dfixi.o ABSOLUTE
    ../fplib/microlib/fpflt.c                0x00000000   Number         0  dfltui.o ABSOLUTE
    ../fplib/microlib/fpflt.c                0x00000000   Number         0  ffltui.o ABSOLUTE
    ../fplib/microlib/fpmul.c                0x00000000   Number         0  dmul.o ABSOLUTE
    ../fplib/microlib/fpscalb.c              0x00000000   Number         0  dscalb.o ABSOLUTE
    ..\..\BSP\ADS1255.c                      0x00000000   Number         0  ads1255.o ABSOLUTE
    ..\..\BSP\TIM.c                          0x00000000   Number         0  tim.o ABSOLUTE
    ..\..\BSP\USART1.c                       0x00000000   Number         0  usart1.o ABSOLUTE
    ..\..\BSP\my_fifo.c                      0x00000000   Number         0  my_fifo.o ABSOLUTE
    ..\..\BSP\my_flash.c                     0x00000000   Number         0  my_flash.o ABSOLUTE
    ..\..\Libraries\CMSIS\Device\ST\STM32F0xx\Source\Templates\arm\startup_stm32f030x8.s 0x00000000   Number         0  startup_stm32f030x8.o ABSOLUTE
    ..\..\Libraries\STM32F0xx_StdPeriph_Driver\src\stm32f0xx_dma.c 0x00000000   Number         0  stm32f0xx_dma.o ABSOLUTE
    ..\..\Libraries\STM32F0xx_StdPeriph_Driver\src\stm32f0xx_exti.c 0x00000000   Number         0  stm32f0xx_exti.o ABSOLUTE
    ..\..\Libraries\STM32F0xx_StdPeriph_Driver\src\stm32f0xx_flash.c 0x00000000   Number         0  stm32f0xx_flash.o ABSOLUTE
    ..\..\Libraries\STM32F0xx_StdPeriph_Driver\src\stm32f0xx_gpio.c 0x00000000   Number         0  stm32f0xx_gpio.o ABSOLUTE
    ..\..\Libraries\STM32F0xx_StdPeriph_Driver\src\stm32f0xx_misc.c 0x00000000   Number         0  stm32f0xx_misc.o ABSOLUTE
    ..\..\Libraries\STM32F0xx_StdPeriph_Driver\src\stm32f0xx_rcc.c 0x00000000   Number         0  stm32f0xx_rcc.o ABSOLUTE
    ..\..\Libraries\STM32F0xx_StdPeriph_Driver\src\stm32f0xx_syscfg.c 0x00000000   Number         0  stm32f0xx_syscfg.o ABSOLUTE
    ..\..\Libraries\STM32F0xx_StdPeriph_Driver\src\stm32f0xx_tim.c 0x00000000   Number         0  stm32f0xx_tim.o ABSOLUTE
    ..\..\Libraries\STM32F0xx_StdPeriph_Driver\src\stm32f0xx_usart.c 0x00000000   Number         0  stm32f0xx_usart.o ABSOLUTE
    ..\\..\\BSP\\ADS1255.c                   0x00000000   Number         0  ads1255.o ABSOLUTE
    ..\\..\\BSP\\TIM.c                       0x00000000   Number         0  tim.o ABSOLUTE
    ..\\..\\BSP\\USART1.c                    0x00000000   Number         0  usart1.o ABSOLUTE
    ..\\..\\BSP\\my_fifo.c                   0x00000000   Number         0  my_fifo.o ABSOLUTE
    ..\\..\\BSP\\my_flash.c                  0x00000000   Number         0  my_flash.o ABSOLUTE
    ..\\..\\Libraries\\STM32F0xx_StdPeriph_Driver\\src\\stm32f0xx_dma.c 0x00000000   Number         0  stm32f0xx_dma.o ABSOLUTE
    ..\\..\\Libraries\\STM32F0xx_StdPeriph_Driver\\src\\stm32f0xx_exti.c 0x00000000   Number         0  stm32f0xx_exti.o ABSOLUTE
    ..\\..\\Libraries\\STM32F0xx_StdPeriph_Driver\\src\\stm32f0xx_flash.c 0x00000000   Number         0  stm32f0xx_flash.o ABSOLUTE
    ..\\..\\Libraries\\STM32F0xx_StdPeriph_Driver\\src\\stm32f0xx_gpio.c 0x00000000   Number         0  stm32f0xx_gpio.o ABSOLUTE
    ..\\..\\Libraries\\STM32F0xx_StdPeriph_Driver\\src\\stm32f0xx_misc.c 0x00000000   Number         0  stm32f0xx_misc.o ABSOLUTE
    ..\\..\\Libraries\\STM32F0xx_StdPeriph_Driver\\src\\stm32f0xx_rcc.c 0x00000000   Number         0  stm32f0xx_rcc.o ABSOLUTE
    ..\\..\\Libraries\\STM32F0xx_StdPeriph_Driver\\src\\stm32f0xx_syscfg.c 0x00000000   Number         0  stm32f0xx_syscfg.o ABSOLUTE
    ..\\..\\Libraries\\STM32F0xx_StdPeriph_Driver\\src\\stm32f0xx_tim.c 0x00000000   Number         0  stm32f0xx_tim.o ABSOLUTE
    ..\\..\\Libraries\\STM32F0xx_StdPeriph_Driver\\src\\stm32f0xx_usart.c 0x00000000   Number         0  stm32f0xx_usart.o ABSOLUTE
    ..\\main.c                               0x00000000   Number         0  main.o ABSOLUTE
    ..\\stm32f0xx_it.c                       0x00000000   Number         0  stm32f0xx_it.o ABSOLUTE
    ..\\system_stm32f0xx.c                   0x00000000   Number         0  system_stm32f0xx.o ABSOLUTE
    ..\main.c                                0x00000000   Number         0  main.o ABSOLUTE
    ..\stm32f0xx_it.c                        0x00000000   Number         0  stm32f0xx_it.o ABSOLUTE
    ..\system_stm32f0xx.c                    0x00000000   Number         0  system_stm32f0xx.o ABSOLUTE
    cdrcmple.s                               0x00000000   Number         0  cdrcmple.o ABSOLUTE
    dc.s                                     0x00000000   Number         0  dc.o ABSOLUTE
    handlers.s                               0x00000000   Number         0  handlers.o ABSOLUTE
    init.s                                   0x00000000   Number         0  init.o ABSOLUTE
    RESET                                    0x08000000   Section      192  startup_stm32f030x8.o(RESET)
    .ARM.Collect$$$$00000000                 0x080000c0   Section        0  entry.o(.ARM.Collect$$$$00000000)
    .ARM.Collect$$$$00000001                 0x080000c0   Section        4  entry2.o(.ARM.Collect$$$$00000001)
    .ARM.Collect$$$$00000004                 0x080000c4   Section        4  entry5.o(.ARM.Collect$$$$00000004)
    .ARM.Collect$$$$00000008                 0x080000c8   Section        0  entry7b.o(.ARM.Collect$$$$00000008)
    .ARM.Collect$$$$0000000A                 0x080000c8   Section        0  entry8b.o(.ARM.Collect$$$$0000000A)
    .ARM.Collect$$$$0000000B                 0x080000c8   Section        8  entry9a.o(.ARM.Collect$$$$0000000B)
    .ARM.Collect$$$$0000000E                 0x080000d0   Section        4  entry12b.o(.ARM.Collect$$$$0000000E)
    .ARM.Collect$$$$0000000F                 0x080000d4   Section        0  entry10a.o(.ARM.Collect$$$$0000000F)
    .ARM.Collect$$$$00000011                 0x080000d4   Section        0  entry11a.o(.ARM.Collect$$$$00000011)
    .ARM.Collect$$$$00002712                 0x080000d4   Section        4  entry2.o(.ARM.Collect$$$$00002712)
    __lit__00000000                          0x080000d4   Data           4  entry2.o(.ARM.Collect$$$$00002712)
    .text                                    0x080000d8   Section       28  startup_stm32f030x8.o(.text)
    .text                                    0x080000f4   Section        0  uidiv.o(.text)
    .text                                    0x08000120   Section        0  dmul.o(.text)
    .text                                    0x080001f0   Section        0  ddiv.o(.text)
    .text                                    0x080002e0   Section        0  dscalb.o(.text)
    .text                                    0x0800030c   Section        0  dfltui.o(.text)
    .text                                    0x08000328   Section        0  dfixi.o(.text)
    .text                                    0x08000370   Section        0  llushr.o(.text)
    .text                                    0x08000392   Section        0  iusefp.o(.text)
    .text                                    0x08000392   Section        0  depilogue.o(.text)
    .text                                    0x08000450   Section       36  init.o(.text)
    .text                                    0x08000474   Section        0  llshl.o(.text)
    i.ADC_SendData                           0x08000494   Section        0  main.o(i.ADC_SendData)
    i.ADS1255_AdjSELF                        0x080004cc   Section        0  ads1255.o(i.ADS1255_AdjSELF)
    i.ADS1255_ContinuousRead_AdcData         0x08000506   Section        0  ads1255.o(i.ADS1255_ContinuousRead_AdcData)
    i.ADS1255_DRDY                           0x08000536   Section        0  ads1255.o(i.ADS1255_DRDY)
    i.ADS1255_DataFormatting                 0x08000544   Section        0  ads1255.o(i.ADS1255_DataFormatting)
    i.ADS1255_IO_Init                        0x080005b0   Section        0  ads1255.o(i.ADS1255_IO_Init)
    i.ADS1255_RDATAC                         0x08000670   Section        0  ads1255.o(i.ADS1255_RDATAC)
    i.ADS1255_SDATAC                         0x08000692   Section        0  ads1255.o(i.ADS1255_SDATAC)
    i.ADS1255_SELFCAL                        0x080006b4   Section        0  ads1255.o(i.ADS1255_SELFCAL)
    i.ADS1255_SYNC                           0x080006d0   Section        0  ads1255.o(i.ADS1255_SYNC)
    i.ADS1255_WAKEUP                         0x080006ec   Section        0  ads1255.o(i.ADS1255_WAKEUP)
    i.ADS1255_config                         0x08000708   Section        0  ads1255.o(i.ADS1255_config)
    i.ADS1255_read_bit                       0x080007ae   Section        0  ads1255.o(i.ADS1255_read_bit)
    i.ADS1255_read_reg                       0x080007e8   Section        0  ads1255.o(i.ADS1255_read_reg)
    i.ADS1255_write_bit                      0x08000828   Section        0  ads1255.o(i.ADS1255_write_bit)
    i.ADS1255_write_reg                      0x0800086c   Section        0  ads1255.o(i.ADS1255_write_reg)
    i.DMA1_Channel2_3_IRQHandler             0x080008a8   Section        0  usart1.o(i.DMA1_Channel2_3_IRQHandler)
    i.DMA_ClearITPendingBit                  0x080008c8   Section        0  stm32f0xx_dma.o(i.DMA_ClearITPendingBit)
    i.DMA_GetITStatus                        0x080008d4   Section        0  stm32f0xx_dma.o(i.DMA_GetITStatus)
    i.DMA_ITConfig                           0x080008e8   Section        0  stm32f0xx_dma.o(i.DMA_ITConfig)
    i.DMA_Init                               0x080008f8   Section        0  stm32f0xx_dma.o(i.DMA_Init)
    i.EXTI0_1_IRQHandler                     0x08000934   Section        0  main.o(i.EXTI0_1_IRQHandler)
    i.EXTI2_3_IRQHandler                     0x08000994   Section        0  main.o(i.EXTI2_3_IRQHandler)
    i.EXTI_Init                              0x080009e4   Section        0  stm32f0xx_exti.o(i.EXTI_Init)
    i.GPIO_Init                              0x08000a50   Section        0  stm32f0xx_gpio.o(i.GPIO_Init)
    i.GPIO_PinAFConfig                       0x08000ac0   Section        0  stm32f0xx_gpio.o(i.GPIO_PinAFConfig)
    i.GPIO_SetBits                           0x08000ae0   Section        0  stm32f0xx_gpio.o(i.GPIO_SetBits)
    i.HardFault_Handler                      0x08000ae4   Section        0  stm32f0xx_it.o(i.HardFault_Handler)
    i.Measure_GPIO_EXTI_Config               0x08000ae8   Section        0  main.o(i.Measure_GPIO_EXTI_Config)
    i.NMI_Handler                            0x08000ba4   Section        0  stm32f0xx_it.o(i.NMI_Handler)
    i.NVIC_Init                              0x08000ba8   Section        0  stm32f0xx_misc.o(i.NVIC_Init)
    i.PendSV_Handler                         0x08000bf8   Section        0  stm32f0xx_it.o(i.PendSV_Handler)
    i.RCC_AHBPeriphClockCmd                  0x08000bfc   Section        0  stm32f0xx_rcc.o(i.RCC_AHBPeriphClockCmd)
    i.RCC_APB2PeriphClockCmd                 0x08000c14   Section        0  stm32f0xx_rcc.o(i.RCC_APB2PeriphClockCmd)
    i.RCC_GetClocksFreq                      0x08000c2c   Section        0  stm32f0xx_rcc.o(i.RCC_GetClocksFreq)
    i.SVC_Handler                            0x08000d1c   Section        0  stm32f0xx_it.o(i.SVC_Handler)
    i.SYSCFG_EXTILineConfig                  0x08000d20   Section        0  stm32f0xx_syscfg.o(i.SYSCFG_EXTILineConfig)
    i.SetSysClock                            0x08000d48   Section        0  system_stm32f0xx.o(i.SetSysClock)
    SetSysClock                              0x08000d49   Thumb Code    88  system_stm32f0xx.o(i.SetSysClock)
    i.SysTick_Handler                        0x08000da8   Section        0  stm32f0xx_it.o(i.SysTick_Handler)
    i.SystemInit                             0x08000dac   Section        0  system_stm32f0xx.o(i.SystemInit)
    i.TIM14_IRQHandler                       0x08000e0c   Section        0  tim.o(i.TIM14_IRQHandler)
    i.TIM3_IRQHandler                        0x08000e6c   Section        0  tim.o(i.TIM3_IRQHandler)
    i.TIM_ClearITPendingBit                  0x08000e98   Section        0  stm32f0xx_tim.o(i.TIM_ClearITPendingBit)
    i.TIM_GetITStatus                        0x08000e9e   Section        0  stm32f0xx_tim.o(i.TIM_GetITStatus)
    i.USART1_IRQHandler                      0x08000eb8   Section        0  usart1.o(i.USART1_IRQHandler)
    i.USART1_Init                            0x08000f20   Section        0  usart1.o(i.USART1_Init)
    i.USART1_SendBuf                         0x0800102c   Section        0  usart1.o(i.USART1_SendBuf)
    i.USART_ClearFlag                        0x08001058   Section        0  stm32f0xx_usart.o(i.USART_ClearFlag)
    i.USART_ClearITPendingBit                0x0800105c   Section        0  stm32f0xx_usart.o(i.USART_ClearITPendingBit)
    i.USART_Cmd                              0x08001066   Section        0  stm32f0xx_usart.o(i.USART_Cmd)
    i.USART_DMACmd                           0x0800107a   Section        0  stm32f0xx_usart.o(i.USART_DMACmd)
    i.USART_GetFlagStatus                    0x0800108a   Section        0  stm32f0xx_usart.o(i.USART_GetFlagStatus)
    i.USART_GetITStatus                      0x08001098   Section        0  stm32f0xx_usart.o(i.USART_GetITStatus)
    i.USART_ITConfig                         0x080010d0   Section        0  stm32f0xx_usart.o(i.USART_ITConfig)
    i.USART_Init                             0x080010fc   Section        0  stm32f0xx_usart.o(i.USART_Init)
    i.USART_ReceiveData                      0x08001188   Section        0  stm32f0xx_usart.o(i.USART_ReceiveData)
    i.USART_SendData                         0x08001190   Section        0  stm32f0xx_usart.o(i.USART_SendData)
    i.__0printf$1                            0x08001198   Section        0  printf1.o(i.__0printf$1)
    i.__ARM_clz                              0x080011b8   Section        0  depilogue.o(i.__ARM_clz)
    i.__scatterload_copy                     0x080011e6   Section       14  handlers.o(i.__scatterload_copy)
    i.__scatterload_null                     0x080011f4   Section        2  handlers.o(i.__scatterload_null)
    i.__scatterload_zeroinit                 0x080011f6   Section       14  handlers.o(i.__scatterload_zeroinit)
    i._printf_core                           0x08001204   Section        0  printf1.o(i._printf_core)
    _printf_core                             0x08001205   Thumb Code   332  printf1.o(i._printf_core)
    i.delay_ms                               0x08001354   Section        0  tim.o(i.delay_ms)
    i.delay_us                               0x08001368   Section        0  tim.o(i.delay_us)
    i.fifo_apply                             0x08001378   Section        0  my_fifo.o(i.fifo_apply)
    i.fifo_count_space                       0x080013d4   Section        0  my_fifo.o(i.fifo_count_space)
    i.fifo_goint_uint8_t                     0x080013e4   Section        0  my_fifo.o(i.fifo_goint_uint8_t)
    i.fputc                                  0x08001440   Section        0  usart1.o(i.fputc)
    i.main                                   0x08001464   Section        0  main.o(i.main)
    .data                                    0x20000000   Section        8  usart1.o(.data)
    .data                                    0x20000008   Section       20  tim.o(.data)
    no_inc_seconds                           0x20000008   Data           1  tim.o(.data)
    measuring_count_snapshot_1s              0x2000000a   Data           2  tim.o(.data)
    .data                                    0x2000001c   Section       16  stm32f0xx_rcc.o(.data)
    APBAHBPrescTable                         0x2000001c   Data          16  stm32f0xx_rcc.o(.data)
    .data                                    0x20000030   Section       34  main.o(.data)
    .data                                    0x20000054   Section        4  stdout.o(.data)
    .bss                                     0x20000058   Section      256  usart1.o(.bss)
    .bss                                     0x20000158   Section      184  my_fifo.o(.bss)
    .bss                                     0x20000210   Section     1440  main.o(.bss)
    STACK                                    0x200007b0   Section     1024  startup_stm32f030x8.o(STACK)

    Global Symbols

    Symbol Name                              Value     Ov Type        Size  Object(Section)

    BuildAttributes$$THM_ISAv3M$S$PE$A:L22$X:L11$S22$IEEE1$IW$USESV6$~STKCKD$USESV7$~SHL$OTIME$ROPI$EBA8$MICROLIB$REQ8$PRES8$EABIv2 0x00000000   Number         0  anon$$obj.o ABSOLUTE
    __ARM_use_no_argv                        0x00000000   Number         0  main.o ABSOLUTE
    _printf_a                                0x00000000   Number         0  stubs.o ABSOLUTE
    _printf_c                                0x00000000   Number         0  stubs.o ABSOLUTE
    _printf_charcount                        0x00000000   Number         0  stubs.o ABSOLUTE
    _printf_d                                0x00000000   Number         0  stubs.o ABSOLUTE
    _printf_e                                0x00000000   Number         0  stubs.o ABSOLUTE
    _printf_f                                0x00000000   Number         0  stubs.o ABSOLUTE
    _printf_flags                            0x00000000   Number         0  stubs.o ABSOLUTE
    _printf_fp_dec                           0x00000000   Number         0  stubs.o ABSOLUTE
    _printf_fp_hex                           0x00000000   Number         0  stubs.o ABSOLUTE
    _printf_g                                0x00000000   Number         0  stubs.o ABSOLUTE
    _printf_i                                0x00000000   Number         0  stubs.o ABSOLUTE
    _printf_int_dec                          0x00000000   Number         0  stubs.o ABSOLUTE
    _printf_l                                0x00000000   Number         0  stubs.o ABSOLUTE
    _printf_lc                               0x00000000   Number         0  stubs.o ABSOLUTE
    _printf_ll                               0x00000000   Number         0  stubs.o ABSOLUTE
    _printf_lld                              0x00000000   Number         0  stubs.o ABSOLUTE
    _printf_lli                              0x00000000   Number         0  stubs.o ABSOLUTE
    _printf_llo                              0x00000000   Number         0  stubs.o ABSOLUTE
    _printf_llu                              0x00000000   Number         0  stubs.o ABSOLUTE
    _printf_llx                              0x00000000   Number         0  stubs.o ABSOLUTE
    _printf_longlong_dec                     0x00000000   Number         0  stubs.o ABSOLUTE
    _printf_longlong_hex                     0x00000000   Number         0  stubs.o ABSOLUTE
    _printf_longlong_oct                     0x00000000   Number         0  stubs.o ABSOLUTE
    _printf_ls                               0x00000000   Number         0  stubs.o ABSOLUTE
    _printf_mbtowc                           0x00000000   Number         0  stubs.o ABSOLUTE
    _printf_n                                0x00000000   Number         0  stubs.o ABSOLUTE
    _printf_o                                0x00000000   Number         0  stubs.o ABSOLUTE
    _printf_p                                0x00000000   Number         0  stubs.o ABSOLUTE
    _printf_percent                          0x00000000   Number         0  stubs.o ABSOLUTE
    _printf_pre_padding                      0x00000000   Number         0  stubs.o ABSOLUTE
    _printf_return_value                     0x00000000   Number         0  stubs.o ABSOLUTE
    _printf_s                                0x00000000   Number         0  stubs.o ABSOLUTE
    _printf_sizespec                         0x00000000   Number         0  stubs.o ABSOLUTE
    _printf_str                              0x00000000   Number         0  stubs.o ABSOLUTE
    _printf_truncate_signed                  0x00000000   Number         0  stubs.o ABSOLUTE
    _printf_truncate_unsigned                0x00000000   Number         0  stubs.o ABSOLUTE
    _printf_u                                0x00000000   Number         0  stubs.o ABSOLUTE
    _printf_wc                               0x00000000   Number         0  stubs.o ABSOLUTE
    _printf_wctomb                           0x00000000   Number         0  stubs.o ABSOLUTE
    _printf_widthprec                        0x00000000   Number         0  stubs.o ABSOLUTE
    _printf_x                                0x00000000   Number         0  stubs.o ABSOLUTE
    __arm_fini_                               - Undefined Weak Reference
    __cpp_initialize__aeabi_                  - Undefined Weak Reference
    __cxa_finalize                            - Undefined Weak Reference
    __decompress                              - Undefined Weak Reference
    _clock_init                               - Undefined Weak Reference
    _microlib_exit                            - Undefined Weak Reference
    __Vectors_Size                           0x000000c0   Number         0  startup_stm32f030x8.o ABSOLUTE
    __Vectors                                0x08000000   Data           4  startup_stm32f030x8.o(RESET)
    __Vectors_End                            0x080000c0   Data           0  startup_stm32f030x8.o(RESET)
    __main                                   0x080000c1   Thumb Code     0  entry.o(.ARM.Collect$$$$00000000)
    _main_stk                                0x080000c1   Thumb Code     0  entry2.o(.ARM.Collect$$$$00000001)
    _main_scatterload                        0x080000c5   Thumb Code     0  entry5.o(.ARM.Collect$$$$00000004)
    __main_after_scatterload                 0x080000c9   Thumb Code     0  entry5.o(.ARM.Collect$$$$00000004)
    _main_clock                              0x080000c9   Thumb Code     0  entry7b.o(.ARM.Collect$$$$00000008)
    _main_cpp_init                           0x080000c9   Thumb Code     0  entry8b.o(.ARM.Collect$$$$0000000A)
    _main_init                               0x080000c9   Thumb Code     0  entry9a.o(.ARM.Collect$$$$0000000B)
    __rt_lib_shutdown_fini                   0x080000d1   Thumb Code     0  entry12b.o(.ARM.Collect$$$$0000000E)
    __rt_final_cpp                           0x080000d5   Thumb Code     0  entry10a.o(.ARM.Collect$$$$0000000F)
    __rt_final_exit                          0x080000d5   Thumb Code     0  entry11a.o(.ARM.Collect$$$$00000011)
    Reset_Handler                            0x080000d9   Thumb Code     8  startup_stm32f030x8.o(.text)
    ADC1_COMP_IRQHandler                     0x080000eb   Thumb Code     0  startup_stm32f030x8.o(.text)
    CEC_IRQHandler                           0x080000eb   Thumb Code     0  startup_stm32f030x8.o(.text)
    DMA1_Channel1_IRQHandler                 0x080000eb   Thumb Code     0  startup_stm32f030x8.o(.text)
    DMA1_Channel4_5_IRQHandler               0x080000eb   Thumb Code     0  startup_stm32f030x8.o(.text)
    EXTI4_15_IRQHandler                      0x080000eb   Thumb Code     0  startup_stm32f030x8.o(.text)
    FLASH_IRQHandler                         0x080000eb   Thumb Code     0  startup_stm32f030x8.o(.text)
    I2C1_IRQHandler                          0x080000eb   Thumb Code     0  startup_stm32f030x8.o(.text)
    I2C2_IRQHandler                          0x080000eb   Thumb Code     0  startup_stm32f030x8.o(.text)
    PVD_IRQHandler                           0x080000eb   Thumb Code     0  startup_stm32f030x8.o(.text)
    RCC_IRQHandler                           0x080000eb   Thumb Code     0  startup_stm32f030x8.o(.text)
    RTC_IRQHandler                           0x080000eb   Thumb Code     0  startup_stm32f030x8.o(.text)
    SPI1_IRQHandler                          0x080000eb   Thumb Code     0  startup_stm32f030x8.o(.text)
    SPI2_IRQHandler                          0x080000eb   Thumb Code     0  startup_stm32f030x8.o(.text)
    TIM15_IRQHandler                         0x080000eb   Thumb Code     0  startup_stm32f030x8.o(.text)
    TIM16_IRQHandler                         0x080000eb   Thumb Code     0  startup_stm32f030x8.o(.text)
    TIM17_IRQHandler                         0x080000eb   Thumb Code     0  startup_stm32f030x8.o(.text)
    TIM1_BRK_UP_TRG_COM_IRQHandler           0x080000eb   Thumb Code     0  startup_stm32f030x8.o(.text)
    TIM1_CC_IRQHandler                       0x080000eb   Thumb Code     0  startup_stm32f030x8.o(.text)
    TIM2_IRQHandler                          0x080000eb   Thumb Code     0  startup_stm32f030x8.o(.text)
    TIM6_DAC_IRQHandler                      0x080000eb   Thumb Code     0  startup_stm32f030x8.o(.text)
    TS_IRQHandler                            0x080000eb   Thumb Code     0  startup_stm32f030x8.o(.text)
    USART2_IRQHandler                        0x080000eb   Thumb Code     0  startup_stm32f030x8.o(.text)
    WWDG_IRQHandler                          0x080000eb   Thumb Code     0  startup_stm32f030x8.o(.text)
    __aeabi_uidiv                            0x080000f5   Thumb Code     0  uidiv.o(.text)
    __aeabi_uidivmod                         0x080000f5   Thumb Code    44  uidiv.o(.text)
    __aeabi_dmul                             0x08000121   Thumb Code   202  dmul.o(.text)
    __aeabi_ddiv                             0x080001f1   Thumb Code   234  ddiv.o(.text)
    __ARM_scalbn                             0x080002e1   Thumb Code    44  dscalb.o(.text)
    scalbn                                   0x080002e1   Thumb Code     0  dscalb.o(.text)
    __aeabi_ui2d                             0x0800030d   Thumb Code    24  dfltui.o(.text)
    __aeabi_d2iz                             0x08000329   Thumb Code    62  dfixi.o(.text)
    __aeabi_llsr                             0x08000371   Thumb Code    34  llushr.o(.text)
    _ll_ushift_r                             0x08000371   Thumb Code     0  llushr.o(.text)
    __I$use$fp                               0x08000393   Thumb Code     0  iusefp.o(.text)
    _double_round                            0x08000393   Thumb Code    26  depilogue.o(.text)
    _double_epilogue                         0x080003ad   Thumb Code   164  depilogue.o(.text)
    __scatterload                            0x08000451   Thumb Code    28  init.o(.text)
    __scatterload_rt2                        0x08000451   Thumb Code     0  init.o(.text)
    __aeabi_llsl                             0x08000475   Thumb Code    32  llshl.o(.text)
    _ll_shift_l                              0x08000475   Thumb Code     0  llshl.o(.text)
    ADC_SendData                             0x08000495   Thumb Code    48  main.o(i.ADC_SendData)
    ADS1255_AdjSELF                          0x080004cd   Thumb Code    58  ads1255.o(i.ADS1255_AdjSELF)
    ADS1255_ContinuousRead_AdcData           0x08000507   Thumb Code    48  ads1255.o(i.ADS1255_ContinuousRead_AdcData)
    ADS1255_DRDY                             0x08000537   Thumb Code    12  ads1255.o(i.ADS1255_DRDY)
    ADS1255_DataFormatting                   0x08000545   Thumb Code    94  ads1255.o(i.ADS1255_DataFormatting)
    ADS1255_IO_Init                          0x080005b1   Thumb Code   186  ads1255.o(i.ADS1255_IO_Init)
    ADS1255_RDATAC                           0x08000671   Thumb Code    34  ads1255.o(i.ADS1255_RDATAC)
    ADS1255_SDATAC                           0x08000693   Thumb Code    34  ads1255.o(i.ADS1255_SDATAC)
    ADS1255_SELFCAL                          0x080006b5   Thumb Code    28  ads1255.o(i.ADS1255_SELFCAL)
    ADS1255_SYNC                             0x080006d1   Thumb Code    28  ads1255.o(i.ADS1255_SYNC)
    ADS1255_WAKEUP                           0x080006ed   Thumb Code    28  ads1255.o(i.ADS1255_WAKEUP)
    ADS1255_config                           0x08000709   Thumb Code   166  ads1255.o(i.ADS1255_config)
    ADS1255_read_bit                         0x080007af   Thumb Code    58  ads1255.o(i.ADS1255_read_bit)
    ADS1255_read_reg                         0x080007e9   Thumb Code    64  ads1255.o(i.ADS1255_read_reg)
    ADS1255_write_bit                        0x08000829   Thumb Code    68  ads1255.o(i.ADS1255_write_bit)
    ADS1255_write_reg                        0x0800086d   Thumb Code    60  ads1255.o(i.ADS1255_write_reg)
    DMA1_Channel2_3_IRQHandler               0x080008a9   Thumb Code    26  usart1.o(i.DMA1_Channel2_3_IRQHandler)
    DMA_ClearITPendingBit                    0x080008c9   Thumb Code     6  stm32f0xx_dma.o(i.DMA_ClearITPendingBit)
    DMA_GetITStatus                          0x080008d5   Thumb Code    16  stm32f0xx_dma.o(i.DMA_GetITStatus)
    DMA_ITConfig                             0x080008e9   Thumb Code    16  stm32f0xx_dma.o(i.DMA_ITConfig)
    DMA_Init                                 0x080008f9   Thumb Code    56  stm32f0xx_dma.o(i.DMA_Init)
    EXTI0_1_IRQHandler                       0x08000935   Thumb Code    82  main.o(i.EXTI0_1_IRQHandler)
    EXTI2_3_IRQHandler                       0x08000995   Thumb Code    66  main.o(i.EXTI2_3_IRQHandler)
    EXTI_Init                                0x080009e5   Thumb Code   102  stm32f0xx_exti.o(i.EXTI_Init)
    GPIO_Init                                0x08000a51   Thumb Code   112  stm32f0xx_gpio.o(i.GPIO_Init)
    GPIO_PinAFConfig                         0x08000ac1   Thumb Code    32  stm32f0xx_gpio.o(i.GPIO_PinAFConfig)
    GPIO_SetBits                             0x08000ae1   Thumb Code     4  stm32f0xx_gpio.o(i.GPIO_SetBits)
    HardFault_Handler                        0x08000ae5   Thumb Code     2  stm32f0xx_it.o(i.HardFault_Handler)
    Measure_GPIO_EXTI_Config                 0x08000ae9   Thumb Code   182  main.o(i.Measure_GPIO_EXTI_Config)
    NMI_Handler                              0x08000ba5   Thumb Code     2  stm32f0xx_it.o(i.NMI_Handler)
    NVIC_Init                                0x08000ba9   Thumb Code    70  stm32f0xx_misc.o(i.NVIC_Init)
    PendSV_Handler                           0x08000bf9   Thumb Code     2  stm32f0xx_it.o(i.PendSV_Handler)
    RCC_AHBPeriphClockCmd                    0x08000bfd   Thumb Code    18  stm32f0xx_rcc.o(i.RCC_AHBPeriphClockCmd)
    RCC_APB2PeriphClockCmd                   0x08000c15   Thumb Code    18  stm32f0xx_rcc.o(i.RCC_APB2PeriphClockCmd)
    RCC_GetClocksFreq                        0x08000c2d   Thumb Code   214  stm32f0xx_rcc.o(i.RCC_GetClocksFreq)
    SVC_Handler                              0x08000d1d   Thumb Code     2  stm32f0xx_it.o(i.SVC_Handler)
    SYSCFG_EXTILineConfig                    0x08000d21   Thumb Code    34  stm32f0xx_syscfg.o(i.SYSCFG_EXTILineConfig)
    SysTick_Handler                          0x08000da9   Thumb Code     2  stm32f0xx_it.o(i.SysTick_Handler)
    SystemInit                               0x08000dad   Thumb Code    84  system_stm32f0xx.o(i.SystemInit)
    TIM14_IRQHandler                         0x08000e0d   Thumb Code    74  tim.o(i.TIM14_IRQHandler)
    TIM3_IRQHandler                          0x08000e6d   Thumb Code    34  tim.o(i.TIM3_IRQHandler)
    TIM_ClearITPendingBit                    0x08000e99   Thumb Code     6  stm32f0xx_tim.o(i.TIM_ClearITPendingBit)
    TIM_GetITStatus                          0x08000e9f   Thumb Code    24  stm32f0xx_tim.o(i.TIM_GetITStatus)
    USART1_IRQHandler                        0x08000eb9   Thumb Code    86  usart1.o(i.USART1_IRQHandler)
    USART1_Init                              0x08000f21   Thumb Code   248  usart1.o(i.USART1_Init)
    USART1_SendBuf                           0x0800102d   Thumb Code    40  usart1.o(i.USART1_SendBuf)
    USART_ClearFlag                          0x08001059   Thumb Code     4  stm32f0xx_usart.o(i.USART_ClearFlag)
    USART_ClearITPendingBit                  0x0800105d   Thumb Code    10  stm32f0xx_usart.o(i.USART_ClearITPendingBit)
    USART_Cmd                                0x08001067   Thumb Code    20  stm32f0xx_usart.o(i.USART_Cmd)
    USART_DMACmd                             0x0800107b   Thumb Code    16  stm32f0xx_usart.o(i.USART_DMACmd)
    USART_GetFlagStatus                      0x0800108b   Thumb Code    14  stm32f0xx_usart.o(i.USART_GetFlagStatus)
    USART_GetITStatus                        0x08001099   Thumb Code    56  stm32f0xx_usart.o(i.USART_GetITStatus)
    USART_ITConfig                           0x080010d1   Thumb Code    42  stm32f0xx_usart.o(i.USART_ITConfig)
    USART_Init                               0x080010fd   Thumb Code   128  stm32f0xx_usart.o(i.USART_Init)
    USART_ReceiveData                        0x08001189   Thumb Code     8  stm32f0xx_usart.o(i.USART_ReceiveData)
    USART_SendData                           0x08001191   Thumb Code     8  stm32f0xx_usart.o(i.USART_SendData)
    __0printf$1                              0x08001199   Thumb Code    24  printf1.o(i.__0printf$1)
    __1printf$1                              0x08001199   Thumb Code     0  printf1.o(i.__0printf$1)
    __2printf                                0x08001199   Thumb Code     0  printf1.o(i.__0printf$1)
    __ARM_clz                                0x080011b9   Thumb Code    46  depilogue.o(i.__ARM_clz)
    __scatterload_copy                       0x080011e7   Thumb Code    14  handlers.o(i.__scatterload_copy)
    __scatterload_null                       0x080011f5   Thumb Code     2  handlers.o(i.__scatterload_null)
    __scatterload_zeroinit                   0x080011f7   Thumb Code    14  handlers.o(i.__scatterload_zeroinit)
    delay_ms                                 0x08001355   Thumb Code    16  tim.o(i.delay_ms)
    delay_us                                 0x08001369   Thumb Code    14  tim.o(i.delay_us)
    fifo_apply                               0x08001379   Thumb Code    88  my_fifo.o(i.fifo_apply)
    fifo_count_space                         0x080013d5   Thumb Code    14  my_fifo.o(i.fifo_count_space)
    fifo_goint_uint8_t                       0x080013e5   Thumb Code    86  my_fifo.o(i.fifo_goint_uint8_t)
    fputc                                    0x08001441   Thumb Code    30  usart1.o(i.fputc)
    main                                     0x08001465   Thumb Code   220  main.o(i.main)
    Region$$Table$$Base                      0x0800158c   Number         0  anon$$obj.o(Region$$Table)
    Region$$Table$$Limit                     0x080015ac   Number         0  anon$$obj.o(Region$$Table)
    UART1_STATE                              0x20000000   Data           1  usart1.o(.data)
    UART1_FifoNaber                          0x20000004   Data           4  usart1.o(.data)
    SysTimMs                                 0x2000000c   Data           4  tim.o(.data)
    last_cnt                                 0x20000010   Data           4  tim.o(.data)
    now                                      0x20000014   Data           4  tim.o(.data)
    frq                                      0x20000018   Data           4  tim.o(.data)
    read_ok_flag                             0x20000030   Data           1  main.o(.data)
    measuring_count                          0x20000034   Data           4  main.o(.data)
    measuring_count_last                     0x20000038   Data           4  main.o(.data)
    tiaoshi_count                            0x2000003c   Data           4  main.o(.data)
    VolF                                     0x20000040   Data           8  main.o(.data)
    SendBuf                                  0x20000048   Data          10  main.o(.data)
    __stdout                                 0x20000054   Data           4  stdout.o(.data)
    UART1_SendBuf                            0x20000058   Data         256  usart1.o(.bss)
    g_myunion                                0x20000158   Data         128  my_fifo.o(.bss)
    g_fifo_data                              0x200001d8   Data          56  my_fifo.o(.bss)
    Vol                                      0x20000210   Data        1440  main.o(.bss)
    __initial_sp                             0x20000bb0   Data           0  startup_stm32f030x8.o(STACK)



==============================================================================

Memory Map of the image

  Image Entry point : 0x080000c1

  Load Region LR_IROM1 (Base: 0x08000000, Size: 0x00001604, Max: 0x00004000, ABSOLUTE)

    Execution Region ER_IROM1 (Exec base: 0x08000000, Load base: 0x08000000, Size: 0x000015ac, Max: 0x00004000, ABSOLUTE)

    Exec Addr    Load Addr    Size         Type   Attr      Idx    E Section Name        Object

    0x08000000   0x08000000   0x000000c0   Data   RO          121    RESET               startup_stm32f030x8.o
    0x080000c0   0x080000c0   0x00000000   Code   RO         2404  * .ARM.Collect$$$$00000000  mc_p.l(entry.o)
    0x080000c0   0x080000c0   0x00000004   Code   RO         2690    .ARM.Collect$$$$00000001  mc_p.l(entry2.o)
    0x080000c4   0x080000c4   0x00000004   Code   RO         2693    .ARM.Collect$$$$00000004  mc_p.l(entry5.o)
    0x080000c8   0x080000c8   0x00000000   Code   RO         2695    .ARM.Collect$$$$00000008  mc_p.l(entry7b.o)
    0x080000c8   0x080000c8   0x00000000   Code   RO         2697    .ARM.Collect$$$$0000000A  mc_p.l(entry8b.o)
    0x080000c8   0x080000c8   0x00000008   Code   RO         2698    .ARM.Collect$$$$0000000B  mc_p.l(entry9a.o)
    0x080000d0   0x080000d0   0x00000004   Code   RO         2705    .ARM.Collect$$$$0000000E  mc_p.l(entry12b.o)
    0x080000d4   0x080000d4   0x00000000   Code   RO         2700    .ARM.Collect$$$$0000000F  mc_p.l(entry10a.o)
    0x080000d4   0x080000d4   0x00000000   Code   RO         2702    .ARM.Collect$$$$00000011  mc_p.l(entry11a.o)
    0x080000d4   0x080000d4   0x00000004   Code   RO         2691    .ARM.Collect$$$$00002712  mc_p.l(entry2.o)
    0x080000d8   0x080000d8   0x0000001c   Code   RO          122    .text               startup_stm32f030x8.o
    0x080000f4   0x080000f4   0x0000002c   Code   RO         2407    .text               mc_p.l(uidiv.o)
    0x08000120   0x08000120   0x000000d0   Code   RO         2678    .text               mf_p.l(dmul.o)
    0x080001f0   0x080001f0   0x000000f0   Code   RO         2680    .text               mf_p.l(ddiv.o)
    0x080002e0   0x080002e0   0x0000002c   Code   RO         2682    .text               mf_p.l(dscalb.o)
    0x0800030c   0x0800030c   0x0000001c   Code   RO         2686    .text               mf_p.l(dfltui.o)
    0x08000328   0x08000328   0x00000048   Code   RO         2688    .text               mf_p.l(dfixi.o)
    0x08000370   0x08000370   0x00000022   Code   RO         2709    .text               mc_p.l(llushr.o)
    0x08000392   0x08000392   0x00000000   Code   RO         2711    .text               mc_p.l(iusefp.o)
    0x08000392   0x08000392   0x000000be   Code   RO         2714    .text               mf_p.l(depilogue.o)
    0x08000450   0x08000450   0x00000024   Code   RO         2724    .text               mc_p.l(init.o)
    0x08000474   0x08000474   0x00000020   Code   RO         2726    .text               mc_p.l(llshl.o)
    0x08000494   0x08000494   0x00000038   Code   RO         2306    i.ADC_SendData      main.o
    0x080004cc   0x080004cc   0x0000003a   Code   RO          524    i.ADS1255_AdjSELF   ads1255.o
    0x08000506   0x08000506   0x00000030   Code   RO          526    i.ADS1255_ContinuousRead_AdcData  ads1255.o
    0x08000536   0x08000536   0x0000000c   Code   RO          527    i.ADS1255_DRDY      ads1255.o
    0x08000542   0x08000542   0x00000002   PAD
    0x08000544   0x08000544   0x0000006c   Code   RO          528    i.ADS1255_DataFormatting  ads1255.o
    0x080005b0   0x080005b0   0x000000c0   Code   RO          529    i.ADS1255_IO_Init   ads1255.o
    0x08000670   0x08000670   0x00000022   Code   RO          532    i.ADS1255_RDATAC    ads1255.o
    0x08000692   0x08000692   0x00000022   Code   RO          534    i.ADS1255_SDATAC    ads1255.o
    0x080006b4   0x080006b4   0x0000001c   Code   RO          535    i.ADS1255_SELFCAL   ads1255.o
    0x080006d0   0x080006d0   0x0000001c   Code   RO          538    i.ADS1255_SYNC      ads1255.o
    0x080006ec   0x080006ec   0x0000001c   Code   RO          541    i.ADS1255_WAKEUP    ads1255.o
    0x08000708   0x08000708   0x000000a6   Code   RO          542    i.ADS1255_config    ads1255.o
    0x080007ae   0x080007ae   0x0000003a   Code   RO          543    i.ADS1255_read_bit  ads1255.o
    0x080007e8   0x080007e8   0x00000040   Code   RO          544    i.ADS1255_read_reg  ads1255.o
    0x08000828   0x08000828   0x00000044   Code   RO          545    i.ADS1255_write_bit  ads1255.o
    0x0800086c   0x0800086c   0x0000003c   Code   RO          546    i.ADS1255_write_reg  ads1255.o
    0x080008a8   0x080008a8   0x00000020   Code   RO          128    i.DMA1_Channel2_3_IRQHandler  usart1.o
    0x080008c8   0x080008c8   0x0000000c   Code   RO          681    i.DMA_ClearITPendingBit  stm32f0xx_dma.o
    0x080008d4   0x080008d4   0x00000014   Code   RO          686    i.DMA_GetITStatus   stm32f0xx_dma.o
    0x080008e8   0x080008e8   0x00000010   Code   RO          687    i.DMA_ITConfig      stm32f0xx_dma.o
    0x080008f8   0x080008f8   0x0000003c   Code   RO          688    i.DMA_Init          stm32f0xx_dma.o
    0x08000934   0x08000934   0x00000060   Code   RO         2307    i.EXTI0_1_IRQHandler  main.o
    0x08000994   0x08000994   0x00000050   Code   RO         2308    i.EXTI2_3_IRQHandler  main.o
    0x080009e4   0x080009e4   0x0000006c   Code   RO          766    i.EXTI_Init         stm32f0xx_exti.o
    0x08000a50   0x08000a50   0x00000070   Code   RO         1010    i.GPIO_Init         stm32f0xx_gpio.o
    0x08000ac0   0x08000ac0   0x00000020   Code   RO         1011    i.GPIO_PinAFConfig  stm32f0xx_gpio.o
    0x08000ae0   0x08000ae0   0x00000004   Code   RO         1018    i.GPIO_SetBits      stm32f0xx_gpio.o
    0x08000ae4   0x08000ae4   0x00000002   Code   RO         2359    i.HardFault_Handler  stm32f0xx_it.o
    0x08000ae6   0x08000ae6   0x00000002   PAD
    0x08000ae8   0x08000ae8   0x000000bc   Code   RO         2309    i.Measure_GPIO_EXTI_Config  main.o
    0x08000ba4   0x08000ba4   0x00000002   Code   RO         2360    i.NMI_Handler       stm32f0xx_it.o
    0x08000ba6   0x08000ba6   0x00000002   PAD
    0x08000ba8   0x08000ba8   0x00000050   Code   RO         2274    i.NVIC_Init         stm32f0xx_misc.o
    0x08000bf8   0x08000bf8   0x00000002   Code   RO         2361    i.PendSV_Handler    stm32f0xx_it.o
    0x08000bfa   0x08000bfa   0x00000002   PAD
    0x08000bfc   0x08000bfc   0x00000018   Code   RO         1102    i.RCC_AHBPeriphClockCmd  stm32f0xx_rcc.o
    0x08000c14   0x08000c14   0x00000018   Code   RO         1106    i.RCC_APB2PeriphClockCmd  stm32f0xx_rcc.o
    0x08000c2c   0x08000c2c   0x000000f0   Code   RO         1116    i.RCC_GetClocksFreq  stm32f0xx_rcc.o
    0x08000d1c   0x08000d1c   0x00000002   Code   RO         2362    i.SVC_Handler       stm32f0xx_it.o
    0x08000d1e   0x08000d1e   0x00000002   PAD
    0x08000d20   0x08000d20   0x00000028   Code   RO         1355    i.SYSCFG_EXTILineConfig  stm32f0xx_syscfg.o
    0x08000d48   0x08000d48   0x00000060   Code   RO            3    i.SetSysClock       system_stm32f0xx.o
    0x08000da8   0x08000da8   0x00000002   Code   RO         2363    i.SysTick_Handler   stm32f0xx_it.o
    0x08000daa   0x08000daa   0x00000002   PAD
    0x08000dac   0x08000dac   0x00000060   Code   RO            5    i.SystemInit        system_stm32f0xx.o
    0x08000e0c   0x08000e0c   0x00000060   Code   RO          383    i.TIM14_IRQHandler  tim.o
    0x08000e6c   0x08000e6c   0x0000002c   Code   RO          384    i.TIM3_IRQHandler   tim.o
    0x08000e98   0x08000e98   0x00000006   Code   RO         1422    i.TIM_ClearITPendingBit  stm32f0xx_tim.o
    0x08000e9e   0x08000e9e   0x00000018   Code   RO         1448    i.TIM_GetITStatus   stm32f0xx_tim.o
    0x08000eb6   0x08000eb6   0x00000002   PAD
    0x08000eb8   0x08000eb8   0x00000068   Code   RO          130    i.USART1_IRQHandler  usart1.o
    0x08000f20   0x08000f20   0x0000010c   Code   RO          131    i.USART1_Init       usart1.o
    0x0800102c   0x0800102c   0x0000002c   Code   RO          132    i.USART1_SendBuf    usart1.o
    0x08001058   0x08001058   0x00000004   Code   RO         1969    i.USART_ClearFlag   stm32f0xx_usart.o
    0x0800105c   0x0800105c   0x0000000a   Code   RO         1970    i.USART_ClearITPendingBit  stm32f0xx_usart.o
    0x08001066   0x08001066   0x00000014   Code   RO         1973    i.USART_Cmd         stm32f0xx_usart.o
    0x0800107a   0x0800107a   0x00000010   Code   RO         1976    i.USART_DMACmd      stm32f0xx_usart.o
    0x0800108a   0x0800108a   0x0000000e   Code   RO         1981    i.USART_GetFlagStatus  stm32f0xx_usart.o
    0x08001098   0x08001098   0x00000038   Code   RO         1982    i.USART_GetITStatus  stm32f0xx_usart.o
    0x080010d0   0x080010d0   0x0000002a   Code   RO         1984    i.USART_ITConfig    stm32f0xx_usart.o
    0x080010fa   0x080010fa   0x00000002   PAD
    0x080010fc   0x080010fc   0x0000008c   Code   RO         1985    i.USART_Init        stm32f0xx_usart.o
    0x08001188   0x08001188   0x00000008   Code   RO         1997    i.USART_ReceiveData  stm32f0xx_usart.o
    0x08001190   0x08001190   0x00000008   Code   RO         2002    i.USART_SendData    stm32f0xx_usart.o
    0x08001198   0x08001198   0x00000020   Code   RO         2460    i.__0printf$1       mc_p.l(printf1.o)
    0x080011b8   0x080011b8   0x0000002e   Code   RO         2716    i.__ARM_clz         mf_p.l(depilogue.o)
    0x080011e6   0x080011e6   0x0000000e   Code   RO         2732    i.__scatterload_copy  mc_p.l(handlers.o)
    0x080011f4   0x080011f4   0x00000002   Code   RO         2733    i.__scatterload_null  mc_p.l(handlers.o)
    0x080011f6   0x080011f6   0x0000000e   Code   RO         2734    i.__scatterload_zeroinit  mc_p.l(handlers.o)
    0x08001204   0x08001204   0x00000150   Code   RO         2467    i._printf_core      mc_p.l(printf1.o)
    0x08001354   0x08001354   0x00000014   Code   RO          385    i.delay_ms          tim.o
    0x08001368   0x08001368   0x0000000e   Code   RO          386    i.delay_us          tim.o
    0x08001376   0x08001376   0x00000002   PAD
    0x08001378   0x08001378   0x0000005c   Code   RO          203    i.fifo_apply        my_fifo.o
    0x080013d4   0x080013d4   0x0000000e   Code   RO          205    i.fifo_count_space  my_fifo.o
    0x080013e2   0x080013e2   0x00000002   PAD
    0x080013e4   0x080013e4   0x0000005c   Code   RO          215    i.fifo_goint_uint8_t  my_fifo.o
    0x08001440   0x08001440   0x00000024   Code   RO          133    i.fputc             usart1.o
    0x08001464   0x08001464   0x00000128   Code   RO         2310    i.main              main.o
    0x0800158c   0x0800158c   0x00000020   Data   RO         2730    Region$$Table       anon$$obj.o


    Execution Region RW_IRAM1 (Exec base: 0x20000000, Load base: 0x080015ac, Size: 0x00000bb0, Max: 0x00001000, ABSOLUTE)

    Exec Addr    Load Addr    Size         Type   Attr      Idx    E Section Name        Object

    0x20000000   0x080015ac   0x00000008   Data   RW          135    .data               usart1.o
    0x20000008   0x080015b4   0x00000014   Data   RW          391    .data               tim.o
    0x2000001c   0x080015c8   0x00000010   Data   RW         1140    .data               stm32f0xx_rcc.o
    0x2000002c   0x080015d8   0x00000004   PAD
    0x20000030   0x080015dc   0x00000022   Data   RW         2312    .data               main.o
    0x20000052   0x080015fe   0x00000002   PAD
    0x20000054   0x08001600   0x00000004   Data   RW         2706    .data               mc_p.l(stdout.o)
    0x20000058        -       0x00000100   Zero   RW          134    .bss                usart1.o
    0x20000158        -       0x000000b8   Zero   RW          229    .bss                my_fifo.o
    0x20000210        -       0x000005a0   Zero   RW         2311    .bss                main.o
    0x200007b0        -       0x00000400   Zero   RW          119    STACK               startup_stm32f030x8.o


==============================================================================

Image component sizes


      Code (inc. data)   RO Data    RW Data    ZI Data      Debug   Object Name

       986         20          0          0          0      11532   ads1255.o
       716        118          0         34       1440       9830   main.o
       198         10          0          0        184       4365   my_fifo.o
        28          8        192          0       1024        752   startup_stm32f030x8.o
       108         14          0          0          0       3556   stm32f0xx_dma.o
       108          6          0          0          0       1200   stm32f0xx_exti.o
       148          0          0          0          0       2582   stm32f0xx_gpio.o
        10          0          0          0          0       2151   stm32f0xx_it.o
        80         10          0          0          0       1116   stm32f0xx_misc.o
       288         38          0         16          0       3265   stm32f0xx_rcc.o
        40          6          0          0          0        712   stm32f0xx_syscfg.o
        30          0          0          0          0       2861   stm32f0xx_tim.o
       318         12          0          0          0       8000   stm32f0xx_usart.o
       192         20          0          0          0     143385   system_stm32f0xx.o
       174         36          0         20          0       2929   tim.o
       484         54          0          8        256       5068   usart1.o

    ----------------------------------------------------------------------
      3928        352        224         84       2904     203304   Object Totals
         0          0         32          0          0          0   (incl. Generated)
        20          0          0          6          0          0   (incl. Padding)

    ----------------------------------------------------------------------

      Code (inc. data)   RO Data    RW Data    ZI Data      Debug   Library Member Name

         0          0          0          0          0          0   entry.o
         0          0          0          0          0          0   entry10a.o
         0          0          0          0          0          0   entry11a.o
         4          0          0          0          0          0   entry12b.o
         8          4          0          0          0          0   entry2.o
         4          0          0          0          0          0   entry5.o
         0          0          0          0          0          0   entry7b.o
         0          0          0          0          0          0   entry8b.o
         8          4          0          0          0          0   entry9a.o
        30          0          0          0          0          0   handlers.o
        36          8          0          0          0         68   init.o
         0          0          0          0          0          0   iusefp.o
        32          0          0          0          0         68   llshl.o
        34          0          0          0          0         68   llushr.o
       368         12          0          0          0        168   printf1.o
         0          0          0          4          0          0   stdout.o
        44          0          0          0          0         72   uidiv.o
       240          6          0          0          0         84   ddiv.o
       236          0          0          0          0        216   depilogue.o
        72         10          0          0          0         72   dfixi.o
        28          4          0          0          0         68   dfltui.o
       208          6          0          0          0         88   dmul.o
        44          0          0          0          0         72   dscalb.o

    ----------------------------------------------------------------------
      1396         54          0          4          0       1044   Library Totals
         0          0          0          0          0          0   (incl. Padding)

    ----------------------------------------------------------------------

      Code (inc. data)   RO Data    RW Data    ZI Data      Debug   Library Name

       568         28          0          4          0        444   mc_p.l
       828         26          0          0          0        600   mf_p.l

    ----------------------------------------------------------------------
      1396         54          0          4          0       1044   Library Totals

    ----------------------------------------------------------------------

==============================================================================


      Code (inc. data)   RO Data    RW Data    ZI Data      Debug   

      5324        406        224         88       2904     201376   Grand Totals
      5324        406        224         88       2904     201376   ELF Image Totals
      5324        406        224         88          0          0   ROM Totals

==============================================================================

    Total RO  Size (Code + RO Data)                 5548 (   5.42kB)
    Total RW  Size (RW Data + ZI Data)              2992 (   2.92kB)
    Total ROM Size (Code + RO Data + RW Data)       5636 (   5.50kB)

==============================================================================

