<html>
<body>
<pre>
<h1>µVision Build Log</h1>
<h2>Tool Versions:</h2>
IDE-Version: ¦ÌVision V5.37.0.0
Copyright (C) 2022 ARM Ltd and ARM Germany GmbH. All rights reserved.
License Information: lfjsojdf gsrgg, gsgsrg, LIC=NQQMA-17YI6-EVB1R-K3CFF-51IV0-BHPNR
 
Tool Versions:
Toolchain:       MDK-ARM Plus  Version: 5.37.0.0
Toolchain Path:  D:\Program Files\Keil_v5\ARM\ARM_Compiler_5.06u7\Bin
C Compiler:      Armcc.exe V5.06 update 7 (build 960)
Assembler:       Armasm.exe V5.06 update 7 (build 960)
Linker/Locator:  ArmLink.exe V5.06 update 7 (build 960)
Library Manager: ArmAr.exe V5.06 update 7 (build 960)
Hex Converter:   FromElf.exe V5.06 update 7 (build 960)
CPU DLL:         SARMCM3.DLL V5.37.0.0
Dialog DLL:      DCM.DLL V1.17.5.0
Target DLL:      Segger\JL2CM3.dll V2.99.42.0
Dialog DLL:      TCM.DLL V1.56.1.0
 
<h2>Project:</h2>
D:\Desktop\sensor_program\Near-infrared\Sensor_program_v4\Motor_control_micro_sensor\Project\MDK-ARM(uV4)\project.uvprojx
Project File Date:  10/27/2025

<h2>Output:</h2>
*** Using Compiler 'V5.06 update 7 (build 960)', folder: 'D:\Program Files\Keil_v5\ARM\ARM_Compiler_5.06u7\Bin'
Rebuild target 'Flash'
compiling stm32f4xx_assert.c...
compiling main.c...
..\..\User\main.c(153): warning:  #177-D: variable "CanTx_info"  was declared but never referenced
  	 CanTxMsg CanTx_info;
..\..\User\main.c: 1 warning, 0 errors
compiling stm32f4xx_it.c...
compiling delay.c...
compiling Motor_data_process.c...
compiling bsp.c...
..\..\User\bsp\bsp.c(52): warning:  #223-D: function "Motor_Init" declared implicitly
  	Motor_Init();
..\..\User\bsp\bsp.c: 1 warning, 0 errors
compiling bsp_tim_pwm.c...
assembling startup_stm32f40_41xxx.s...
compiling bsp_led.c...
compiling bsp_uart_fifo.c...
compiling bsp_key.c...
compiling Motor_control.c...
..\..\User\Motor_control.c(170): warning:  #177-D: function "wrap_err_deg"  was declared but never referenced
  static float wrap_err_deg(float err)
..\..\User\Motor_control.c: 1 warning, 0 errors
compiling croutine.c...
compiling misc.c...
compiling event_groups.c...
compiling bsp_can.c...
compiling stm32f4xx_gpio.c...
compiling list.c...
compiling stm32f4xx_syscfg.c...
compiling stm32f4xx_rcc.c...
compiling stm32f4xx_usart.c...
compiling stm32f4xx_exti.c...
compiling stm32f4xx_can.c...
compiling queue.c...
compiling system_stm32f4xx.c...
compiling stm32f4xx_tim.c...
compiling timers.c...
compiling tasks.c...
compiling heap_4.c...
compiling port.c...
linking...
Program Size: Code=19164 RO-data=424 RW-data=228 ZI-data=34284  
FromELF: creating hex file...
".\Flash\Obj\output.axf" - 0 Error(s), 3 Warning(s).

<h2>Software Packages used:</h2>

Package Vendor: ARM
                http://www.keil.com/pack/ARM.CMSIS.5.9.0.pack
                ARM.CMSIS.5.9.0
                CMSIS (Common Microcontroller Software Interface Standard)
   * Component: CORE Version: 5.6.0

Package Vendor: Keil
                http://www.keil.com/pack/Keil.STM32F4xx_DFP.2.15.0.pack
                Keil.STM32F4xx_DFP.2.15.0
                STMicroelectronics STM32F4 Series Device Support, Drivers and Examples

<h2>Collection of Component include folders:</h2>
  ./RTE/_Flash
  D:/Program Files/Keil_v5/localPacks/ARM/CMSIS/5.9.0/CMSIS/Core/Include
  D:/Program Files/Keil_v5/localPacks/Keil/STM32F4xx_DFP/2.15.0/Drivers/CMSIS/Device/ST/STM32F4xx/Include

<h2>Collection of Component Files used:</h2>

   * Component: ARM::CMSIS:CORE:5.6.0
Build Time Elapsed:  00:00:02
</pre>
</body>
</html>
