Component: ARM Compiler 5.06 update 7 (build 960) Tool: armlink [4d3601]

==============================================================================

Section Cross References

    main.o(i.AppObjCreate) refers to timers.o(i.xTimerCreate) for xTimerCreate
    main.o(i.AppObjCreate) refers to timers.o(i.xTimerGenericCommand) for xTimerGenericCommand
    main.o(i.AppObjCreate) refers to queue.o(i.xQueueGenericCreate) for xQueueGenericCreate
    main.o(i.AppObjCreate) refers to main.o(i.vTimerCallback) for vTimerCallback
    main.o(i.AppObjCreate) refers to main.o(.data) for xTimers
    main.o(i.AppTaskCreate) refers to tasks.o(i.xTaskGenericCreate) for xTaskGenericCreate
    main.o(i.AppTaskCreate) refers to main.o(.data) for xHandleTaskLED
    main.o(i.AppTaskCreate) refers to main.o(i.vTaskLED) for vTaskLED
    main.o(i.AppTaskCreate) refers to main.o(i.vTaskStart) for vTaskStart
    main.o(i.AppTaskCreate) refers to main.o(i.vTaskTaskUserIF) for vTaskTaskUserIF
    main.o(i.AppTaskCreate) refers to main.o(i.vTaskMsgPro) for vTaskMsgPro
    main.o(i.main) refers to main.o(i.AppTaskCreate) for AppTaskCreate
    main.o(i.main) refers to main.o(i.AppObjCreate) for AppObjCreate
    main.o(i.main) refers to bsp.o(i.bsp_Init) for bsp_Init
    main.o(i.main) refers to tasks.o(i.vTaskStartScheduler) for vTaskStartScheduler
    main.o(i.vTaskLED) refers to bsp_led.o(i.bsp_LedOn) for bsp_LedOn
    main.o(i.vTaskLED) refers to bsp_led.o(i.bsp_LedOff) for bsp_LedOff
    main.o(i.vTaskLED) refers to tasks.o(i.vTaskDelay) for vTaskDelay
    main.o(i.vTaskLED) refers to main.o(.data) for led_flag
    main.o(i.vTaskMsgPro) refers to queue.o(i.xQueueGenericReceive) for xQueueGenericReceive
    main.o(i.vTaskMsgPro) refers to motor_data_process.o(i.motor_data_process) for motor_data_process
    main.o(i.vTaskMsgPro) refers to tasks.o(i.vTaskDelay) for vTaskDelay
    main.o(i.vTaskMsgPro) refers to main.o(.data) for xQueue1
    main.o(i.vTaskStart) refers to bsp_key.o(i.bsp_KeyScan) for bsp_KeyScan
    main.o(i.vTaskStart) refers to tasks.o(i.vTaskDelay) for vTaskDelay
    main.o(i.vTaskTaskUserIF) refers to motor_control.o(i.Motor_control) for Motor_control
    main.o(i.vTimerCallback) refers to motor_control.o(i.Read_encoder_data) for Read_encoder_data
    main.o(i.vTimerCallback) refers to motor_control.o(.data) for key_press
    motor_control.o(i.Brake_control) refers to bsp_can.o(i.CAN2_SendMsg_IT) for CAN2_SendMsg_IT
    motor_control.o(i.Clear_the_motor_error_flag) refers to bsp_can.o(i.CAN2_SendMsg_IT) for CAN2_SendMsg_IT
    motor_control.o(i.EXTI9_5_IRQHandler) refers to stm32f4xx_exti.o(i.EXTI_ClearITPendingBit) for EXTI_ClearITPendingBit
    motor_control.o(i.Incremental_position_closed_loop1) refers to bsp_can.o(i.CAN2_SendMsg_IT) for CAN2_SendMsg_IT
    motor_control.o(i.Incremental_position_closed_loop2) refers to bsp_can.o(i.CAN2_SendMsg_IT) for CAN2_SendMsg_IT
    motor_control.o(i.MotorSpeed_closedloop_control) refers to bsp_can.o(i.CAN2_SendMsg_IT) for CAN2_SendMsg_IT
    motor_control.o(i.Motor_Init) refers to delay.o(i.delay_ms) for delay_ms
    motor_control.o(i.Motor_Init) refers to motor_control.o(i.Motor_operation) for Motor_operation
    motor_control.o(i.Motor_Init) refers to motor_control.o(i.Singleloop_position_closedloop_control2) for Singleloop_position_closedloop_control2
    motor_control.o(i.Motor_Init) refers to motor_control.o(.data) for Motor_Id
    motor_control.o(i.Motor_Init) refers to motor_data_process.o(.bss) for MS4005
    motor_control.o(i.Motor_close) refers to bsp_can.o(i.CAN2_SendMsg_IT) for CAN2_SendMsg_IT
    motor_control.o(i.Motor_control) refers to tasks.o(i.xTaskGetCurrentTaskHandle) for xTaskGetCurrentTaskHandle
    motor_control.o(i.Motor_control) refers to bsp_key.o(i.bsp_GetKey) for bsp_GetKey
    motor_control.o(i.Motor_control) refers to stm32f4xx_gpio.o(i.GPIO_SetBits) for GPIO_SetBits
    motor_control.o(i.Motor_control) refers to motor_control.o(i.Motor_operation) for Motor_operation
    motor_control.o(i.Motor_control) refers to tasks.o(i.vTaskDelay) for vTaskDelay
    motor_control.o(i.Motor_control) refers to motor_control.o(i.Read_encoder_data) for Read_encoder_data
    motor_control.o(i.Motor_control) refers to motor_control.o(i.Singleloop_position_closedloop_control2) for Singleloop_position_closedloop_control2
    motor_control.o(i.Motor_control) refers to tasks.o(i.xTaskGetTickCount) for xTaskGetTickCount
    motor_control.o(i.Motor_control) refers to timers.o(i.xTimerGenericCommand) for xTimerGenericCommand
    motor_control.o(i.Motor_control) refers to tasks.o(i.ulTaskNotifyTake) for ulTaskNotifyTake
    motor_control.o(i.Motor_control) refers to motor_control.o(i.Incremental_position_closed_loop2) for Incremental_position_closed_loop2
    motor_control.o(i.Motor_control) refers to motor_control.o(i.deg_to_target_enc) for deg_to_target_enc
[...]
    ..\\..\\User\\Motor_control.c            0x00000000   Number         0  motor_control.o ABSOLUTE
    ..\\..\\User\\Motor_data_process.c       0x00000000   Number         0  motor_data_process.o ABSOLUTE
    ..\\..\\User\\bsp\\bsp.c                 0x00000000   Number         0  bsp.o ABSOLUTE
    ..\\..\\User\\bsp\\bsp_can.c             0x00000000   Number         0  bsp_can.o ABSOLUTE
    ..\\..\\User\\bsp\\src\\bsp_key.c        0x00000000   Number         0  bsp_key.o ABSOLUTE
    ..\\..\\User\\bsp\\src\\bsp_led.c        0x00000000   Number         0  bsp_led.o ABSOLUTE
    ..\\..\\User\\bsp\\src\\bsp_tim_pwm.c    0x00000000   Number         0  bsp_tim_pwm.o ABSOLUTE
    ..\\..\\User\\bsp\\src\\bsp_uart_fifo.c  0x00000000   Number         0  bsp_uart_fifo.o ABSOLUTE
    ..\\..\\User\\bsp\\stm32f4xx_assert.c    0x00000000   Number         0  stm32f4xx_assert.o ABSOLUTE
    ..\\..\\User\\bsp\\stm32f4xx_it.c        0x00000000   Number         0  stm32f4xx_it.o ABSOLUTE
    ..\\..\\User\\bsp\\system_stm32f4xx.c    0x00000000   Number         0  system_stm32f4xx.o ABSOLUTE
    ..\\..\\User\\delay.c                    0x00000000   Number         0  delay.o ABSOLUTE
    ..\\..\\User\\main.c                     0x00000000   Number         0  main.o ABSOLUTE
    cdrcmple.s                               0x00000000   Number         0  cdrcmple.o ABSOLUTE
    dc.s                                     0x00000000   Number         0  dc.o ABSOLUTE
    handlers.s                               0x00000000   Number         0  handlers.o ABSOLUTE
    init.s                                   0x00000000   Number         0  init.o ABSOLUTE
    RESET                                    0x08000000   Section      392  startup_stm32f40_41xxx.o(RESET)
    .ARM.Collect$$$$00000000                 0x08000188   Section        0  entry.o(.ARM.Collect$$$$00000000)
    .ARM.Collect$$$$00000001                 0x08000188   Section        4  entry2.o(.ARM.Collect$$$$00000001)
    .ARM.Collect$$$$00000004                 0x0800018c   Section        4  entry5.o(.ARM.Collect$$$$00000004)
    .ARM.Collect$$$$00000008                 0x08000190   Section        0  entry7b.o(.ARM.Collect$$$$00000008)
    .ARM.Collect$$$$0000000A                 0x08000190   Section        0  entry8b.o(.ARM.Collect$$$$0000000A)
    .ARM.Collect$$$$0000000B                 0x08000190   Section        8  entry9a.o(.ARM.Collect$$$$0000000B)
    .ARM.Collect$$$$0000000E                 0x08000198   Section        4  entry12b.o(.ARM.Collect$$$$0000000E)
    .ARM.Collect$$$$0000000F                 0x0800019c   Section        0  entry10a.o(.ARM.Collect$$$$0000000F)
    .ARM.Collect$$$$00000011                 0x0800019c   Section        0  entry11a.o(.ARM.Collect$$$$00000011)
    .ARM.Collect$$$$00002712                 0x0800019c   Section        4  entry2.o(.ARM.Collect$$$$00002712)
    __lit__00000000                          0x0800019c   Data           4  entry2.o(.ARM.Collect$$$$00002712)
    .emb_text                                0x080001a0   Section      182  port.o(.emb_text)
    $v0                                      0x080001a0   Number         0  port.o(.emb_text)
    .text                                    0x08000258   Section       36  startup_stm32f40_41xxx.o(.text)
    $v0                                      0x08000258   Number         0  startup_stm32f40_41xxx.o(.text)
    .text                                    0x0800027c   Section        0  memcpya.o(.text)
    .text                                    0x080002a0   Section        0  memseta.o(.text)
    .text                                    0x080002c4   Section        0  uldiv.o(.text)
    .text                                    0x08000328   Section       36  init.o(.text)
    .text                                    0x0800034c   Section        0  llshl.o(.text)
    .text                                    0x0800036a   Section        0  llushr.o(.text)
    i.AppObjCreate                           0x0800038c   Section        0  main.o(i.AppObjCreate)
    AppObjCreate                             0x0800038d   Thumb Code    72  main.o(i.AppObjCreate)
    i.AppTaskCreate                          0x080003ec   Section        0  main.o(i.AppTaskCreate)
    AppTaskCreate                            0x080003ed   Thumb Code   116  main.o(i.AppTaskCreate)
    i.BusFault_Handler                       0x080004b0   Section        0  stm32f4xx_it.o(i.BusFault_Handler)
    i.CAN2_RX0_IRQHandler                    0x080004b4   Section        0  bsp_can.o(i.CAN2_RX0_IRQHandler)
    i.CAN2_SendMsg_IT                        0x08000514   Section        0  bsp_can.o(i.CAN2_SendMsg_IT)
    i.CAN2_TX_IRQHandler                     0x0800057c   Section        0  bsp_can.o(i.CAN2_TX_IRQHandler)
    i.CAN_ClearITPendingBit                  0x080005e0   Section        0  stm32f4xx_can.o(i.CAN_ClearITPendingBit)
    i.CAN_DeInit                             0x08000688   Section        0  stm32f4xx_can.o(i.CAN_DeInit)
    i.CAN_FilterInit                         0x080006c0   Section        0  stm32f4xx_can.o(i.CAN_FilterInit)
    i.CAN_GetITStatus                        0x080007c8   Section        0  stm32f4xx_can.o(i.CAN_GetITStatus)
    i.CAN_ITConfig                           0x080008e8   Section        0  stm32f4xx_can.o(i.CAN_ITConfig)
    i.CAN_Init                               0x080008fa   Section        0  stm32f4xx_can.o(i.CAN_Init)
    i.CAN_Receive                            0x08000a0e   Section        0  stm32f4xx_can.o(i.CAN_Receive)
    i.CAN_Transmit                           0x08000afe   Section        0  stm32f4xx_can.o(i.CAN_Transmit)
    i.CheckITStatus                          0x08000c24   Section        0  stm32f4xx_can.o(i.CheckITStatus)
    CheckITStatus                            0x08000c25   Thumb Code    18  stm32f4xx_can.o(i.CheckITStatus)
    i.ComToUart                              0x08000c38   Section        0  bsp_uart_fifo.o(i.ComToUart)
    i.ConfigUartNVIC                         0x08000c70   Section        0  bsp_uart_fifo.o(i.ConfigUartNVIC)
    ConfigUartNVIC                           0x08000c71   Thumb Code    34  bsp_uart_fifo.o(i.ConfigUartNVIC)
    i.DebugMon_Handler                       0x08000c92   Section        0  stm32f4xx_it.o(i.DebugMon_Handler)
    i.EXTI9_5_IRQHandler                     0x08000c94   Section        0  motor_control.o(i.EXTI9_5_IRQHandler)
    i.EXTI_ClearITPendingBit                 0x08000ca0   Section        0  stm32f4xx_exti.o(i.EXTI_ClearITPendingBit)
    i.GPIO_Init                              0x08000cac   Section        0  stm32f4xx_gpio.o(i.GPIO_Init)
    i.GPIO_PinAFConfig                       0x08000d3c   Section        0  stm32f4xx_gpio.o(i.GPIO_PinAFConfig)
    i.GPIO_ResetBits                         0x08000d82   Section        0  stm32f4xx_gpio.o(i.GPIO_ResetBits)
    i.GPIO_SetBits                           0x08000d86   Section        0  stm32f4xx_gpio.o(i.GPIO_SetBits)
    i.HardFault_Handler                      0x08000d8c   Section        0  stm32f4xx_it.o(i.HardFault_Handler)
    i.Incremental_position_closed_loop2      0x08000de4   Section        0  motor_control.o(i.Incremental_position_closed_loop2)
    i.InitHardUart                           0x08000e48   Section        0  bsp_uart_fifo.o(i.InitHardUart)
    InitHardUart                             0x08000e49   Thumb Code   164  bsp_uart_fifo.o(i.InitHardUart)
    i.IsKeyDown0                             0x08000ef4   Section        0  bsp_key.o(i.IsKeyDown0)
    IsKeyDown0                               0x08000ef5   Thumb Code    18  bsp_key.o(i.IsKeyDown0)
    i.IsKeyDown1                             0x08000f0c   Section        0  bsp_key.o(i.IsKeyDown1)
    IsKeyDown1                               0x08000f0d   Thumb Code    18  bsp_key.o(i.IsKeyDown1)
    i.IsKeyDownWKUP                          0x08000f24   Section        0  bsp_key.o(i.IsKeyDownWKUP)
    IsKeyDownWKUP                            0x08000f25   Thumb Code    18  bsp_key.o(i.IsKeyDownWKUP)
    i.LED_Init                               0x08000f3c   Section        0  bsp_led.o(i.LED_Init)
    i.MemManage_Handler                      0x08000fac   Section        0  stm32f4xx_it.o(i.MemManage_Handler)
    i.Motor_Init                             0x08000fb0   Section        0  motor_control.o(i.Motor_Init)
    i.Motor_control                          0x0800100c   Section        0  motor_control.o(i.Motor_control)
    i.Motor_operation                        0x08001748   Section        0  motor_control.o(i.Motor_operation)
    i.NMI_Handler                            0x08001792   Section        0  stm32f4xx_it.o(i.NMI_Handler)
    i.NVIC_Init                              0x08001794   Section        0  misc.o(i.NVIC_Init)
    i.NVIC_PriorityGroupConfig               0x0800180c   Section        0  misc.o(i.NVIC_PriorityGroupConfig)
    i.RCC_AHB1PeriphClockCmd                 0x08001820   Section        0  stm32f4xx_rcc.o(i.RCC_AHB1PeriphClockCmd)
    i.RCC_APB1PeriphClockCmd                 0x08001840   Section        0  stm32f4xx_rcc.o(i.RCC_APB1PeriphClockCmd)
    i.RCC_APB1PeriphResetCmd                 0x08001860   Section        0  stm32f4xx_rcc.o(i.RCC_APB1PeriphResetCmd)
    i.RCC_APB2PeriphClockCmd                 0x08001880   Section        0  stm32f4xx_rcc.o(i.RCC_APB2PeriphClockCmd)
    i.RCC_GetClocksFreq                      0x080018a0   Section        0  stm32f4xx_rcc.o(i.RCC_GetClocksFreq)
    i.RS485_InitTXE                          0x08001988   Section        0  bsp_uart_fifo.o(i.RS485_InitTXE)
    i.Read_encoder_data                      0x080019bc   Section        0  motor_control.o(i.Read_encoder_data)
    i.SetSysClock                            0x08001a08   Section        0  system_stm32f4xx.o(i.SetSysClock)
    SetSysClock                              0x08001a09   Thumb Code   220  system_stm32f4xx.o(i.SetSysClock)
    i.Singleloop_position_closedloop_control2 0x08001af4   Section        0  motor_control.o(i.Singleloop_position_closedloop_control2)
    i.SysTick_CLKSourceConfig                0x08001b56   Section        0  misc.o(i.SysTick_CLKSourceConfig)
    i.SysTick_Handler                        0x08001b80   Section        0  port.o(i.SysTick_Handler)
    i.SystemCoreClockUpdate                  0x08001bb4   Section        0  system_stm32f4xx.o(i.SystemCoreClockUpdate)
    i.SystemInit                             0x08001c74   Section        0  system_stm32f4xx.o(i.SystemInit)
    i.USART1_IRQHandler                      0x08001cdc   Section        0  bsp_uart_fifo.o(i.USART1_IRQHandler)
    i.USART_ClearFlag                        0x08001cec   Section        0  stm32f4xx_usart.o(i.USART_ClearFlag)
    i.USART_Cmd                              0x08001cfe   Section        0  stm32f4xx_usart.o(i.USART_Cmd)
    i.USART_GetITStatus                      0x08001d16   Section        0  stm32f4xx_usart.o(i.USART_GetITStatus)
    i.USART_ITConfig                         0x08001d6a   Section        0  stm32f4xx_usart.o(i.USART_ITConfig)
    i.USART_Init                             0x08001db4   Section        0  stm32f4xx_usart.o(i.USART_Init)
    i.USART_ReceiveData                      0x08001e88   Section        0  stm32f4xx_usart.o(i.USART_ReceiveData)
    i.USART_SendData                         0x08001e92   Section        0  stm32f4xx_usart.o(i.USART_SendData)
    i.UartIRQ                                0x08001e9a   Section        0  bsp_uart_fifo.o(i.UartIRQ)
    UartIRQ                                  0x08001e9b   Thumb Code   230  bsp_uart_fifo.o(i.UartIRQ)
    i.UartSend                               0x08001f80   Section        0  bsp_uart_fifo.o(i.UartSend)
    UartSend                                 0x08001f81   Thumb Code   106  bsp_uart_fifo.o(i.UartSend)
    i.UartVarInit                            0x08001fec   Section        0  bsp_uart_fifo.o(i.UartVarInit)
    UartVarInit                              0x08001fed   Thumb Code    44  bsp_uart_fifo.o(i.UartVarInit)
    i.UsageFault_Handler                     0x08002028   Section        0  stm32f4xx_it.o(i.UsageFault_Handler)
    i.__0printf$4                            0x0800202c   Section        0  printf4.o(i.__0printf$4)
    i.__scatterload_copy                     0x0800204c   Section       14  handlers.o(i.__scatterload_copy)
    i.__scatterload_null                     0x0800205a   Section        2  handlers.o(i.__scatterload_null)
    i.__scatterload_zeroinit                 0x0800205c   Section       14  handlers.o(i.__scatterload_zeroinit)
    i._printf_core                           0x0800206c   Section        0  printf4.o(i._printf_core)
    _printf_core                             0x0800206d   Thumb Code   552  printf4.o(i._printf_core)
    i.adc_trigger_pulse_pd10                 0x08002298   Section        0  motor_control.o(i.adc_trigger_pulse_pd10)
    adc_trigger_pulse_pd10                   0x08002299   Thumb Code    28  motor_control.o(i.adc_trigger_pulse_pd10)
    i.bsp_DetectKey                          0x080022b8   Section        0  bsp_key.o(i.bsp_DetectKey)
    bsp_DetectKey                            0x080022b9   Thumb Code   198  bsp_key.o(i.bsp_DetectKey)
    i.bsp_GetKey                             0x08002384   Section        0  bsp_key.o(i.bsp_GetKey)
    i.bsp_Init                               0x080023b8   Section        0  bsp.o(i.bsp_Init)
    i.bsp_InitCan2                           0x080023f4   Section        0  bsp_can.o(i.bsp_InitCan2)
    i.bsp_InitKey                            0x080024dc   Section        0  bsp_key.o(i.bsp_InitKey)
    i.bsp_InitKeyHard                        0x080024e8   Section        0  bsp_key.o(i.bsp_InitKeyHard)
    bsp_InitKeyHard                          0x080024e9   Thumb Code    76  bsp_key.o(i.bsp_InitKeyHard)
    i.bsp_InitKeyVar                         0x0800253c   Section        0  bsp_key.o(i.bsp_InitKeyVar)
    bsp_InitKeyVar                           0x0800253d   Thumb Code    82  bsp_key.o(i.bsp_InitKeyVar)
    i.bsp_InitLed                            0x080025a4   Section        0  bsp_led.o(i.bsp_InitLed)
    i.bsp_InitUart                           0x080025b8   Section        0  bsp_uart_fifo.o(i.bsp_InitUart)
    i.bsp_KeyScan                            0x080025cc   Section        0  bsp_key.o(i.bsp_KeyScan)
    i.bsp_LedOff                             0x080025e4   Section        0  bsp_led.o(i.bsp_LedOff)
    i.bsp_LedOn                              0x08002608   Section        0  bsp_led.o(i.bsp_LedOn)
    i.bsp_PutKey                             0x0800262c   Section        0  bsp_key.o(i.bsp_PutKey)
    i.can_NVIC_Config                        0x0800264c   Section        0  bsp_can.o(i.can_NVIC_Config)
    can_NVIC_Config                          0x0800264d   Thumb Code    84  bsp_can.o(i.can_NVIC_Config)
    i.comSendBuf                             0x080026a4   Section        0  bsp_uart_fifo.o(i.comSendBuf)
    i.comSendChar                            0x080026d2   Section        0  bsp_uart_fifo.o(i.comSendChar)
    i.deg_to_target_enc                      0x080026e2   Section        0  motor_control.o(i.deg_to_target_enc)
    deg_to_target_enc                        0x080026e3   Thumb Code    18  motor_control.o(i.deg_to_target_enc)
    i.delay_init                             0x080026f4   Section        0  delay.o(i.delay_init)
    i.delay_ms                               0x08002730   Section        0  delay.o(i.delay_ms)
    i.delay_xms                              0x08002768   Section        0  delay.o(i.delay_xms)
    i.enc_err_wrap                           0x080027b4   Section        0  motor_control.o(i.enc_err_wrap)
    enc_err_wrap                             0x080027b5   Thumb Code    26  motor_control.o(i.enc_err_wrap)
    i.fputc                                  0x080027ce   Section        0  bsp_uart_fifo.o(i.fputc)
    i.main                                   0x080027e0   Section        0  main.o(i.main)
    i.motor_data_process                     0x080027fc   Section        0  motor_data_process.o(i.motor_data_process)
    i.prvAddCurrentTaskToDelayedList         0x08002b58   Section        0  tasks.o(i.prvAddCurrentTaskToDelayedList)
    prvAddCurrentTaskToDelayedList           0x08002b59   Thumb Code    62  tasks.o(i.prvAddCurrentTaskToDelayedList)
    i.prvAllocateTCBAndStack                 0x08002bac   Section        0  tasks.o(i.prvAllocateTCBAndStack)
    prvAllocateTCBAndStack                   0x08002bad   Thumb Code    66  tasks.o(i.prvAllocateTCBAndStack)
    i.prvCheckForValidListAndQueue           0x08002bf0   Section        0  timers.o(i.prvCheckForValidListAndQueue)
    prvCheckForValidListAndQueue             0x08002bf1   Thumb Code    84  timers.o(i.prvCheckForValidListAndQueue)
    i.prvCheckTasksWaitingTermination        0x08002c58   Section        0  tasks.o(i.prvCheckTasksWaitingTermination)
    prvCheckTasksWaitingTermination          0x08002c59   Thumb Code    86  tasks.o(i.prvCheckTasksWaitingTermination)
    i.prvCopyDataFromQueue                   0x08002cbc   Section        0  queue.o(i.prvCopyDataFromQueue)
    prvCopyDataFromQueue                     0x08002cbd   Thumb Code    42  queue.o(i.prvCopyDataFromQueue)
    i.prvCopyDataToQueue                     0x08002ce6   Section        0  queue.o(i.prvCopyDataToQueue)
    prvCopyDataToQueue                       0x08002ce7   Thumb Code   128  queue.o(i.prvCopyDataToQueue)
    i.prvDeleteTCB                           0x08002d66   Section        0  tasks.o(i.prvDeleteTCB)
    prvDeleteTCB                             0x08002d67   Thumb Code    18  tasks.o(i.prvDeleteTCB)
    i.prvGetNextExpireTime                   0x08002d78   Section        0  timers.o(i.prvGetNextExpireTime)
    prvGetNextExpireTime                     0x08002d79   Thumb Code    36  timers.o(i.prvGetNextExpireTime)
    i.prvHeapInit                            0x08002da0   Section        0  heap_4.o(i.prvHeapInit)
    prvHeapInit                              0x08002da1   Thumb Code    98  heap_4.o(i.prvHeapInit)
    i.prvIdleTask                            0x08002e1c   Section        0  tasks.o(i.prvIdleTask)
    prvIdleTask                              0x08002e1d   Thumb Code    32  tasks.o(i.prvIdleTask)
    i.prvInitialiseTCBVariables              0x08002e44   Section        0  tasks.o(i.prvInitialiseTCBVariables)
    prvInitialiseTCBVariables                0x08002e45   Thumb Code    98  tasks.o(i.prvInitialiseTCBVariables)
    i.prvInitialiseTaskLists                 0x08002ea8   Section        0  tasks.o(i.prvInitialiseTaskLists)
    prvInitialiseTaskLists                   0x08002ea9   Thumb Code    70  tasks.o(i.prvInitialiseTaskLists)
    i.prvInsertBlockIntoFreeList             0x08002f10   Section        0  heap_4.o(i.prvInsertBlockIntoFreeList)
    prvInsertBlockIntoFreeList               0x08002f11   Thumb Code    96  heap_4.o(i.prvInsertBlockIntoFreeList)
    i.prvInsertTimerInActiveList             0x08002f78   Section        0  timers.o(i.prvInsertTimerInActiveList)
    prvInsertTimerInActiveList               0x08002f79   Thumb Code    80  timers.o(i.prvInsertTimerInActiveList)
    i.prvIsQueueEmpty                        0x08002fd0   Section        0  queue.o(i.prvIsQueueEmpty)
    prvIsQueueEmpty                          0x08002fd1   Thumb Code    26  queue.o(i.prvIsQueueEmpty)
    i.prvIsQueueFull                         0x08002fea   Section        0  queue.o(i.prvIsQueueFull)
    prvIsQueueFull                           0x08002feb   Thumb Code    30  queue.o(i.prvIsQueueFull)
    i.prvProcessExpiredTimer                 0x08003008   Section        0  timers.o(i.prvProcessExpiredTimer)
    prvProcessExpiredTimer                   0x08003009   Thumb Code    96  timers.o(i.prvProcessExpiredTimer)
    i.prvProcessReceivedCommands             0x0800306c   Section        0  timers.o(i.prvProcessReceivedCommands)
    prvProcessReceivedCommands               0x0800306d   Thumb Code   288  timers.o(i.prvProcessReceivedCommands)
    i.prvProcessTimerOrBlockTask             0x08003190   Section        0  timers.o(i.prvProcessTimerOrBlockTask)
    prvProcessTimerOrBlockTask               0x08003191   Thumb Code   102  timers.o(i.prvProcessTimerOrBlockTask)
    i.prvResetNextTaskUnblockTime            0x08003204   Section        0  tasks.o(i.prvResetNextTaskUnblockTime)
    prvResetNextTaskUnblockTime              0x08003205   Thumb Code    42  tasks.o(i.prvResetNextTaskUnblockTime)
    i.prvSampleTimeNow                       0x08003238   Section        0  timers.o(i.prvSampleTimeNow)
    prvSampleTimeNow                         0x08003239   Thumb Code    40  timers.o(i.prvSampleTimeNow)
    i.prvSwitchTimerLists                    0x08003264   Section        0  timers.o(i.prvSwitchTimerLists)
    prvSwitchTimerLists                      0x08003265   Thumb Code   150  timers.o(i.prvSwitchTimerLists)
    i.prvTaskExitError                       0x08003304   Section        0  port.o(i.prvTaskExitError)
    prvTaskExitError                         0x08003305   Thumb Code    60  port.o(i.prvTaskExitError)
    i.prvTimerTask                           0x08003344   Section        0  timers.o(i.prvTimerTask)
    prvTimerTask                             0x08003345   Thumb Code    26  timers.o(i.prvTimerTask)
    i.prvUnlockQueue                         0x0800335e   Section        0  queue.o(i.prvUnlockQueue)
    prvUnlockQueue                           0x0800335f   Thumb Code   126  queue.o(i.prvUnlockQueue)
    i.pvPortMalloc                           0x080033dc   Section        0  heap_4.o(i.pvPortMalloc)
    i.pvTaskIncrementMutexHeldCount          0x08003518   Section        0  tasks.o(i.pvTaskIncrementMutexHeldCount)
    i.pxPortInitialiseStack                  0x08003538   Section        0  port.o(i.pxPortInitialiseStack)
    i.ulTaskNotifyTake                       0x08003560   Section        0  tasks.o(i.ulTaskNotifyTake)
    i.uxListRemove                           0x08003624   Section        0  list.o(i.uxListRemove)
    i.vListInitialise                        0x0800364c   Section        0  list.o(i.vListInitialise)
    i.vListInitialiseItem                    0x08003666   Section        0  list.o(i.vListInitialiseItem)
    i.vListInsert                            0x0800366c   Section        0  list.o(i.vListInsert)
    i.vListInsertEnd                         0x080036a0   Section        0  list.o(i.vListInsertEnd)
    i.vPortEnterCritical                     0x080036b8   Section        0  port.o(i.vPortEnterCritical)
    i.vPortExitCritical                      0x0800370c   Section        0  port.o(i.vPortExitCritical)
    i.vPortFree                              0x08003748   Section        0  heap_4.o(i.vPortFree)
    i.vPortSetupTimerInterrupt               0x080037dc   Section        0  port.o(i.vPortSetupTimerInterrupt)
    i.vPortValidateInterruptPriority         0x080037f0   Section        0  port.o(i.vPortValidateInterruptPriority)
    i.vQueueWaitForMessageRestricted         0x08003868   Section        0  queue.o(i.vQueueWaitForMessageRestricted)
    i.vTaskDelay                             0x080038ac   Section        0  tasks.o(i.vTaskDelay)
    i.vTaskLED                               0x08003938   Section        0  main.o(i.vTaskLED)
    vTaskLED                                 0x08003939   Thumb Code    60  main.o(i.vTaskLED)
    i.vTaskMissedYield                       0x08003978   Section        0  tasks.o(i.vTaskMissedYield)
    i.vTaskMsgPro                            0x08003984   Section        0  main.o(i.vTaskMsgPro)
    vTaskMsgPro                              0x08003985   Thumb Code    44  main.o(i.vTaskMsgPro)
    i.vTaskPlaceOnEventList                  0x080039b4   Section        0  tasks.o(i.vTaskPlaceOnEventList)
    i.vTaskPlaceOnEventListRestricted        0x08003a30   Section        0  tasks.o(i.vTaskPlaceOnEventListRestricted)
    i.vTaskPriorityInherit                   0x08003ab4   Section        0  tasks.o(i.vTaskPriorityInherit)
    i.vTaskSetTimeOutState                   0x08003b64   Section        0  tasks.o(i.vTaskSetTimeOutState)
    i.vTaskStart                             0x08003b94   Section        0  main.o(i.vTaskStart)
    vTaskStart                               0x08003b95   Thumb Code    14  main.o(i.vTaskStart)
    i.vTaskStartScheduler                    0x08003ba4   Section        0  tasks.o(i.vTaskStartScheduler)
    i.vTaskSuspendAll                        0x08003c2c   Section        0  tasks.o(i.vTaskSuspendAll)
    i.vTaskSwitchContext                     0x08003c3c   Section        0  tasks.o(i.vTaskSwitchContext)
    i.vTaskTaskUserIF                        0x08003cc8   Section        0  main.o(i.vTaskTaskUserIF)
    vTaskTaskUserIF                          0x08003cc9   Thumb Code    10  main.o(i.vTaskTaskUserIF)
    i.vTimerCallback                         0x08003cd4   Section        0  main.o(i.vTimerCallback)
    vTimerCallback                           0x08003cd5   Thumb Code    20  main.o(i.vTimerCallback)
    i.xPortStartScheduler                    0x08003cf0   Section        0  port.o(i.xPortStartScheduler)
    i.xQueueGenericCreate                    0x08003e2c   Section        0  queue.o(i.xQueueGenericCreate)
    i.xQueueGenericReceive                   0x08003eb4   Section        0  queue.o(i.xQueueGenericReceive)
    i.xQueueGenericReset                     0x08004060   Section        0  queue.o(i.xQueueGenericReset)
    i.xQueueGenericSend                      0x080040f4   Section        0  queue.o(i.xQueueGenericSend)
    i.xQueueGenericSendFromISR               0x08004294   Section        0  queue.o(i.xQueueGenericSendFromISR)
    i.xQueueReceiveFromISR                   0x08004384   Section        0  queue.o(i.xQueueReceiveFromISR)
    i.xTaskCheckForTimeOut                   0x08004440   Section        0  tasks.o(i.xTaskCheckForTimeOut)
    i.xTaskGenericCreate                     0x080044cc   Section        0  tasks.o(i.xTaskGenericCreate)
    i.xTaskGenericNotify                     0x0800463c   Section        0  tasks.o(i.xTaskGenericNotify)
    i.xTaskGetCurrentTaskHandle              0x08004740   Section        0  tasks.o(i.xTaskGetCurrentTaskHandle)
    i.xTaskGetSchedulerState                 0x0800474c   Section        0  tasks.o(i.xTaskGetSchedulerState)
    i.xTaskGetTickCount                      0x0800476c   Section        0  tasks.o(i.xTaskGetTickCount)
    i.xTaskIncrementTick                     0x08004778   Section        0  tasks.o(i.xTaskIncrementTick)
    i.xTaskPriorityDisinherit                0x080048c4   Section        0  tasks.o(i.xTaskPriorityDisinherit)
    i.xTaskRemoveFromEventList               0x0800498c   Section        0  tasks.o(i.xTaskRemoveFromEventList)
    i.xTaskResumeAll                         0x08004a24   Section        0  tasks.o(i.xTaskResumeAll)
    i.xTimerCreate                           0x08004b28   Section        0  timers.o(i.xTimerCreate)
    i.xTimerCreateTimerTask                  0x08004b88   Section        0  timers.o(i.xTimerCreateTimerTask)
    i.xTimerGenericCommand                   0x08004be0   Section        0  timers.o(i.xTimerGenericCommand)
    .data                                    0x20000000   Section       38  main.o(.data)
    xHandleTaskUserIF                        0x20000000   Data           4  main.o(.data)
    xHandleTaskLED                           0x20000004   Data           4  main.o(.data)
    xHandleTaskMsgPro                        0x20000008   Data           4  main.o(.data)
    xHandleTaskStart                         0x2000000c   Data           4  main.o(.data)
    .data                                    0x20000028   Section       24  motor_control.o(.data)
    .data                                    0x20000040   Section        8  delay.o(.data)
    fac_us                                   0x20000040   Data           1  delay.o(.data)
    fac_ms                                   0x20000042   Data           2  delay.o(.data)
    .data                                    0x20000048   Section        6  bsp_key.o(.data)
    .data                                    0x2000004e   Section       16  stm32f4xx_rcc.o(.data)
    APBAHBPrescTable                         0x2000004e   Data          16  stm32f4xx_rcc.o(.data)
    .data                                    0x20000060   Section       20  system_stm32f4xx.o(.data)
    .data                                    0x20000074   Section       56  tasks.o(.data)
    pxDelayedTaskList                        0x20000078   Data           4  tasks.o(.data)
    pxOverflowDelayedTaskList                0x2000007c   Data           4  tasks.o(.data)
    uxTasksDeleted                           0x20000080   Data           4  tasks.o(.data)
    uxCurrentNumberOfTasks                   0x20000084   Data           4  tasks.o(.data)
    xTickCount                               0x20000088   Data           4  tasks.o(.data)
    uxTopReadyPriority                       0x2000008c   Data           4  tasks.o(.data)
    xSchedulerRunning                        0x20000090   Data           4  tasks.o(.data)
    uxPendedTicks                            0x20000094   Data           4  tasks.o(.data)
    xYieldPending                            0x20000098   Data           4  tasks.o(.data)
    xNumOfOverflows                          0x2000009c   Data           4  tasks.o(.data)
    uxTaskNumber                             0x200000a0   Data           4  tasks.o(.data)
    xNextTaskUnblockTime                     0x200000a4   Data           4  tasks.o(.data)
    uxSchedulerSuspended                     0x200000a8   Data           4  tasks.o(.data)
    .data                                    0x200000ac   Section       16  timers.o(.data)
    pxCurrentTimerList                       0x200000ac   Data           4  timers.o(.data)
    pxOverflowTimerList                      0x200000b0   Data           4  timers.o(.data)
    xTimerQueue                              0x200000b4   Data           4  timers.o(.data)
    xLastTime                                0x200000b8   Data           4  timers.o(.data)
    .data                                    0x200000bc   Section       24  heap_4.o(.data)
    xStart                                   0x200000bc   Data           8  heap_4.o(.data)
    pxEnd                                    0x200000c4   Data           4  heap_4.o(.data)
    xFreeBytesRemaining                      0x200000c8   Data           4  heap_4.o(.data)
    xMinimumEverFreeBytesRemaining           0x200000cc   Data           4  heap_4.o(.data)
    xBlockAllocatedBit                       0x200000d0   Data           4  heap_4.o(.data)
    .data                                    0x200000d4   Section       12  port.o(.data)
    uxCriticalNesting                        0x200000d4   Data           4  port.o(.data)
    ucMaxSysCallPriority                     0x200000d8   Data           1  port.o(.data)
    ulMaxPRIGROUPValue                       0x200000dc   Data           4  port.o(.data)
    .data                                    0x200000e0   Section        4  stdout.o(.data)
    .bss                                     0x200000e4   Section       40  main.o(.bss)
    .bss                                     0x20000110   Section       96  motor_data_process.o(.bss)
    .bss                                     0x20000170   Section       48  bsp_key.o(.bss)
    .bss                                     0x200001a0   Section     2088  bsp_uart_fifo.o(.bss)
    g_tUart1                                 0x200001a0   Data          40  bsp_uart_fifo.o(.bss)
    g_TxBuf1                                 0x200001c8   Data        1024  bsp_uart_fifo.o(.bss)
    g_RxBuf1                                 0x200005c8   Data        1024  bsp_uart_fifo.o(.bss)
    .bss                                     0x200009c8   Section      220  tasks.o(.bss)
    pxReadyTasksLists                        0x200009c8   Data         120  tasks.o(.bss)
    xDelayedTaskList1                        0x20000a40   Data          20  tasks.o(.bss)
    xDelayedTaskList2                        0x20000a54   Data          20  tasks.o(.bss)
    xPendingReadyList                        0x20000a68   Data          20  tasks.o(.bss)
    xTasksWaitingTermination                 0x20000a7c   Data          20  tasks.o(.bss)
    xSuspendedTaskList                       0x20000a90   Data          20  tasks.o(.bss)
    .bss                                     0x20000aa4   Section       40  timers.o(.bss)
    xActiveTimerList1                        0x20000aa4   Data          20  timers.o(.bss)
    xActiveTimerList2                        0x20000ab8   Data          20  timers.o(.bss)
    .bss                                     0x20000acc   Section    30720  heap_4.o(.bss)
    ucHeap                                   0x20000acc   Data       30720  heap_4.o(.bss)
    STACK                                    0x200082d0   Section     1024  startup_stm32f40_41xxx.o(STACK)

    Global Symbols

    Symbol Name                              Value     Ov Type        Size  Object(Section)

    BuildAttributes$$THM_ISAv4$E$P$D$K$B$S$7EM$VFPi3$EXTD16$VFPS$VFMA$PE$A:L22UL41UL21$X:L11$S22US41US21$IEEE1$IW$USESV6$~STKCKD$USESV7$~SHL$OSPACE$ROPI$EBA8$MICROLIB$REQ8$PRES8$EABIv2 0x00000000   Number         0  anon$$obj.o ABSOLUTE
    __ARM_use_no_argv                        0x00000000   Number         0  main.o ABSOLUTE
    _printf_a                                0x00000000   Number         0  stubs.o ABSOLUTE
    _printf_c                                0x00000000   Number         0  stubs.o ABSOLUTE
    _printf_charcount                        0x00000000   Number         0  stubs.o ABSOLUTE
    _printf_d                                0x00000000   Number         0  stubs.o ABSOLUTE
    _printf_e                                0x00000000   Number         0  stubs.o ABSOLUTE
    _printf_f                                0x00000000   Number         0  stubs.o ABSOLUTE
    _printf_flags                            0x00000000   Number         0  stubs.o ABSOLUTE
    _printf_fp_dec                           0x00000000   Number         0  stubs.o ABSOLUTE
    _printf_fp_hex                           0x00000000   Number         0  stubs.o ABSOLUTE
    _printf_g                                0x00000000   Number         0  stubs.o ABSOLUTE
    _printf_i                                0x00000000   Number         0  stubs.o ABSOLUTE
    _printf_int_dec                          0x00000000   Number         0  stubs.o ABSOLUTE
    _printf_l                                0x00000000   Number         0  stubs.o ABSOLUTE
    _printf_lc                               0x00000000   Number         0  stubs.o ABSOLUTE
    _printf_ll                               0x00000000   Number         0  stubs.o ABSOLUTE
    _printf_lld                              0x00000000   Number         0  stubs.o ABSOLUTE
    _printf_lli                              0x00000000   Number         0  stubs.o ABSOLUTE
    _printf_llo                              0x00000000   Number         0  stubs.o ABSOLUTE
    _printf_llu                              0x00000000   Number         0  stubs.o ABSOLUTE
    _printf_llx                              0x00000000   Number         0  stubs.o ABSOLUTE
    _printf_longlong_dec                     0x00000000   Number         0  stubs.o ABSOLUTE
    _printf_longlong_hex                     0x00000000   Number         0  stubs.o ABSOLUTE
    _printf_longlong_oct                     0x00000000   Number         0  stubs.o ABSOLUTE
    _printf_ls                               0x00000000   Number         0  stubs.o ABSOLUTE
    _printf_mbtowc                           0x00000000   Number         0  stubs.o ABSOLUTE
    _printf_n                                0x00000000   Number         0  stubs.o ABSOLUTE
    _printf_o                                0x00000000   Number         0  stubs.o ABSOLUTE
    _printf_p                                0x00000000   Number         0  stubs.o ABSOLUTE
    _printf_percent                          0x00000000   Number         0  stubs.o ABSOLUTE
    _printf_pre_padding                      0x00000000   Number         0  stubs.o ABSOLUTE
    _printf_return_value                     0x00000000   Number         0  stubs.o ABSOLUTE
    _printf_s                                0x00000000   Number         0  stubs.o ABSOLUTE
    _printf_sizespec                         0x00000000   Number         0  stubs.o ABSOLUTE
    _printf_str                              0x00000000   Number         0  stubs.o ABSOLUTE
    _printf_truncate_signed                  0x00000000   Number         0  stubs.o ABSOLUTE
    _printf_truncate_unsigned                0x00000000   Number         0  stubs.o ABSOLUTE
    _printf_u                                0x00000000   Number         0  stubs.o ABSOLUTE
    _printf_wc                               0x00000000   Number         0  stubs.o ABSOLUTE
    _printf_wctomb                           0x00000000   Number         0  stubs.o ABSOLUTE
    _printf_widthprec                        0x00000000   Number         0  stubs.o ABSOLUTE
    _printf_x                                0x00000000   Number         0  stubs.o ABSOLUTE
    __arm_fini_                               - Undefined Weak Reference
    __cpp_initialize__aeabi_                  - Undefined Weak Reference
    __cxa_finalize                            - Undefined Weak Reference
    __decompress                              - Undefined Weak Reference
    _clock_init                               - Undefined Weak Reference
    _microlib_exit                            - Undefined Weak Reference
    __Vectors_Size                           0x00000188   Number         0  startup_stm32f40_41xxx.o ABSOLUTE
    __Vectors                                0x08000000   Data           4  startup_stm32f40_41xxx.o(RESET)
    __Vectors_End                            0x08000188   Data           0  startup_stm32f40_41xxx.o(RESET)
    __main                                   0x08000189   Thumb Code     0  entry.o(.ARM.Collect$$$$00000000)
    _main_stk                                0x08000189   Thumb Code     0  entry2.o(.ARM.Collect$$$$00000001)
    _main_scatterload                        0x0800018d   Thumb Code     0  entry5.o(.ARM.Collect$$$$00000004)
    __main_after_scatterload                 0x08000191   Thumb Code     0  entry5.o(.ARM.Collect$$$$00000004)
    _main_clock                              0x08000191   Thumb Code     0  entry7b.o(.ARM.Collect$$$$00000008)
    _main_cpp_init                           0x08000191   Thumb Code     0  entry8b.o(.ARM.Collect$$$$0000000A)
    _main_init                               0x08000191   Thumb Code     0  entry9a.o(.ARM.Collect$$$$0000000B)
    __rt_lib_shutdown_fini                   0x08000199   Thumb Code     0  entry12b.o(.ARM.Collect$$$$0000000E)
    __rt_final_cpp                           0x0800019d   Thumb Code     0  entry10a.o(.ARM.Collect$$$$0000000F)
    __rt_final_exit                          0x0800019d   Thumb Code     0  entry11a.o(.ARM.Collect$$$$00000011)
    SVC_Handler                              0x080001a1   Thumb Code    28  port.o(.emb_text)
    __asm___6_port_c_39a90d8d__prvStartFirstTask 0x080001c1   Thumb Code    28  port.o(.emb_text)
    __asm___6_port_c_39a90d8d__prvEnableVFP  0x080001e1   Thumb Code    16  port.o(.emb_text)
    PendSV_Handler                           0x080001f5   Thumb Code    88  port.o(.emb_text)
    vPortGetIPSR                             0x08000251   Thumb Code     6  port.o(.emb_text)
    Reset_Handler                            0x08000259   Thumb Code     8  startup_stm32f40_41xxx.o(.text)
    ADC_IRQHandler                           0x08000273   Thumb Code     0  startup_stm32f40_41xxx.o(.text)
    CAN1_RX0_IRQHandler                      0x08000273   Thumb Code     0  startup_stm32f40_41xxx.o(.text)
    CAN1_RX1_IRQHandler                      0x08000273   Thumb Code     0  startup_stm32f40_41xxx.o(.text)
    CAN1_SCE_IRQHandler                      0x08000273   Thumb Code     0  startup_stm32f40_41xxx.o(.text)
    CAN1_TX_IRQHandler                       0x08000273   Thumb Code     0  startup_stm32f40_41xxx.o(.text)
    CAN2_RX1_IRQHandler                      0x08000273   Thumb Code     0  startup_stm32f40_41xxx.o(.text)
    CAN2_SCE_IRQHandler                      0x08000273   Thumb Code     0  startup_stm32f40_41xxx.o(.text)
    CRYP_IRQHandler                          0x08000273   Thumb Code     0  startup_stm32f40_41xxx.o(.text)
    DCMI_IRQHandler                          0x08000273   Thumb Code     0  startup_stm32f40_41xxx.o(.text)
    DMA1_Stream0_IRQHandler                  0x08000273   Thumb Code     0  startup_stm32f40_41xxx.o(.text)
    DMA1_Stream1_IRQHandler                  0x08000273   Thumb Code     0  startup_stm32f40_41xxx.o(.text)
    DMA1_Stream2_IRQHandler                  0x08000273   Thumb Code     0  startup_stm32f40_41xxx.o(.text)
    DMA1_Stream3_IRQHandler                  0x08000273   Thumb Code     0  startup_stm32f40_41xxx.o(.text)
    DMA1_Stream4_IRQHandler                  0x08000273   Thumb Code     0  startup_stm32f40_41xxx.o(.text)
    DMA1_Stream5_IRQHandler                  0x08000273   Thumb Code     0  startup_stm32f40_41xxx.o(.text)
    DMA1_Stream6_IRQHandler                  0x08000273   Thumb Code     0  startup_stm32f40_41xxx.o(.text)
    DMA1_Stream7_IRQHandler                  0x08000273   Thumb Code     0  startup_stm32f40_41xxx.o(.text)
    DMA2_Stream0_IRQHandler                  0x08000273   Thumb Code     0  startup_stm32f40_41xxx.o(.text)
    DMA2_Stream1_IRQHandler                  0x08000273   Thumb Code     0  startup_stm32f40_41xxx.o(.text)
    DMA2_Stream2_IRQHandler                  0x08000273   Thumb Code     0  startup_stm32f40_41xxx.o(.text)
    DMA2_Stream3_IRQHandler                  0x08000273   Thumb Code     0  startup_stm32f40_41xxx.o(.text)
    DMA2_Stream4_IRQHandler                  0x08000273   Thumb Code     0  startup_stm32f40_41xxx.o(.text)
    DMA2_Stream5_IRQHandler                  0x08000273   Thumb Code     0  startup_stm32f40_41xxx.o(.text)
    DMA2_Stream6_IRQHandler                  0x08000273   Thumb Code     0  startup_stm32f40_41xxx.o(.text)
    DMA2_Stream7_IRQHandler                  0x08000273   Thumb Code     0  startup_stm32f40_41xxx.o(.text)
    ETH_IRQHandler                           0x08000273   Thumb Code     0  startup_stm32f40_41xxx.o(.text)
    ETH_WKUP_IRQHandler                      0x08000273   Thumb Code     0  startup_stm32f40_41xxx.o(.text)
    EXTI0_IRQHandler                         0x08000273   Thumb Code     0  startup_stm32f40_41xxx.o(.text)
    EXTI15_10_IRQHandler                     0x08000273   Thumb Code     0  startup_stm32f40_41xxx.o(.text)
    EXTI1_IRQHandler                         0x08000273   Thumb Code     0  startup_stm32f40_41xxx.o(.text)
    EXTI2_IRQHandler                         0x08000273   Thumb Code     0  startup_stm32f40_41xxx.o(.text)
    EXTI3_IRQHandler                         0x08000273   Thumb Code     0  startup_stm32f40_41xxx.o(.text)
    EXTI4_IRQHandler                         0x08000273   Thumb Code     0  startup_stm32f40_41xxx.o(.text)
    FLASH_IRQHandler                         0x08000273   Thumb Code     0  startup_stm32f40_41xxx.o(.text)
    FPU_IRQHandler                           0x08000273   Thumb Code     0  startup_stm32f40_41xxx.o(.text)
    FSMC_IRQHandler                          0x08000273   Thumb Code     0  startup_stm32f40_41xxx.o(.text)
    HASH_RNG_IRQHandler                      0x08000273   Thumb Code     0  startup_stm32f40_41xxx.o(.text)
    I2C1_ER_IRQHandler                       0x08000273   Thumb Code     0  startup_stm32f40_41xxx.o(.text)
    I2C1_EV_IRQHandler                       0x08000273   Thumb Code     0  startup_stm32f40_41xxx.o(.text)
    I2C2_ER_IRQHandler                       0x08000273   Thumb Code     0  startup_stm32f40_41xxx.o(.text)
    I2C2_EV_IRQHandler                       0x08000273   Thumb Code     0  startup_stm32f40_41xxx.o(.text)
    I2C3_ER_IRQHandler                       0x08000273   Thumb Code     0  startup_stm32f40_41xxx.o(.text)
    I2C3_EV_IRQHandler                       0x08000273   Thumb Code     0  startup_stm32f40_41xxx.o(.text)
    OTG_FS_IRQHandler                        0x08000273   Thumb Code     0  startup_stm32f40_41xxx.o(.text)
    OTG_FS_WKUP_IRQHandler                   0x08000273   Thumb Code     0  startup_stm32f40_41xxx.o(.text)
    OTG_HS_EP1_IN_IRQHandler                 0x08000273   Thumb Code     0  startup_stm32f40_41xxx.o(.text)
    OTG_HS_EP1_OUT_IRQHandler                0x08000273   Thumb Code     0  startup_stm32f40_41xxx.o(.text)
    OTG_HS_IRQHandler                        0x08000273   Thumb Code     0  startup_stm32f40_41xxx.o(.text)
    OTG_HS_WKUP_IRQHandler                   0x08000273   Thumb Code     0  startup_stm32f40_41xxx.o(.text)
    PVD_IRQHandler                           0x08000273   Thumb Code     0  startup_stm32f40_41xxx.o(.text)
    RCC_IRQHandler                           0x08000273   Thumb Code     0  startup_stm32f40_41xxx.o(.text)
    RTC_Alarm_IRQHandler                     0x08000273   Thumb Code     0  startup_stm32f40_41xxx.o(.text)
    RTC_WKUP_IRQHandler                      0x08000273   Thumb Code     0  startup_stm32f40_41xxx.o(.text)
    SDIO_IRQHandler                          0x08000273   Thumb Code     0  startup_stm32f40_41xxx.o(.text)
    SPI1_IRQHandler                          0x08000273   Thumb Code     0  startup_stm32f40_41xxx.o(.text)
    SPI2_IRQHandler                          0x08000273   Thumb Code     0  startup_stm32f40_41xxx.o(.text)
    SPI3_IRQHandler                          0x08000273   Thumb Code     0  startup_stm32f40_41xxx.o(.text)
    TAMP_STAMP_IRQHandler                    0x08000273   Thumb Code     0  startup_stm32f40_41xxx.o(.text)
    TIM1_BRK_TIM9_IRQHandler                 0x08000273   Thumb Code     0  startup_stm32f40_41xxx.o(.text)
    TIM1_CC_IRQHandler                       0x08000273   Thumb Code     0  startup_stm32f40_41xxx.o(.text)
    TIM1_TRG_COM_TIM11_IRQHandler            0x08000273   Thumb Code     0  startup_stm32f40_41xxx.o(.text)
    TIM1_UP_TIM10_IRQHandler                 0x08000273   Thumb Code     0  startup_stm32f40_41xxx.o(.text)
    TIM2_IRQHandler                          0x08000273   Thumb Code     0  startup_stm32f40_41xxx.o(.text)
    TIM3_IRQHandler                          0x08000273   Thumb Code     0  startup_stm32f40_41xxx.o(.text)
    TIM4_IRQHandler                          0x08000273   Thumb Code     0  startup_stm32f40_41xxx.o(.text)
    TIM5_IRQHandler                          0x08000273   Thumb Code     0  startup_stm32f40_41xxx.o(.text)
    TIM6_DAC_IRQHandler                      0x08000273   Thumb Code     0  startup_stm32f40_41xxx.o(.text)
    TIM7_IRQHandler                          0x08000273   Thumb Code     0  startup_stm32f40_41xxx.o(.text)
    TIM8_BRK_TIM12_IRQHandler                0x08000273   Thumb Code     0  startup_stm32f40_41xxx.o(.text)
    TIM8_CC_IRQHandler                       0x08000273   Thumb Code     0  startup_stm32f40_41xxx.o(.text)
    TIM8_TRG_COM_TIM14_IRQHandler            0x08000273   Thumb Code     0  startup_stm32f40_41xxx.o(.text)
    TIM8_UP_TIM13_IRQHandler                 0x08000273   Thumb Code     0  startup_stm32f40_41xxx.o(.text)
    UART4_IRQHandler                         0x08000273   Thumb Code     0  startup_stm32f40_41xxx.o(.text)
    UART5_IRQHandler                         0x08000273   Thumb Code     0  startup_stm32f40_41xxx.o(.text)
    USART2_IRQHandler                        0x08000273   Thumb Code     0  startup_stm32f40_41xxx.o(.text)
    USART3_IRQHandler                        0x08000273   Thumb Code     0  startup_stm32f40_41xxx.o(.text)
    USART6_IRQHandler                        0x08000273   Thumb Code     0  startup_stm32f40_41xxx.o(.text)
    WWDG_IRQHandler                          0x08000273   Thumb Code     0  startup_stm32f40_41xxx.o(.text)
    __aeabi_memcpy                           0x0800027d   Thumb Code    36  memcpya.o(.text)
    __aeabi_memcpy4                          0x0800027d   Thumb Code     0  memcpya.o(.text)
    __aeabi_memcpy8                          0x0800027d   Thumb Code     0  memcpya.o(.text)
    __aeabi_memset                           0x080002a1   Thumb Code    14  memseta.o(.text)
    __aeabi_memset4                          0x080002a1   Thumb Code     0  memseta.o(.text)
    __aeabi_memset8                          0x080002a1   Thumb Code     0  memseta.o(.text)
    __aeabi_memclr                           0x080002af   Thumb Code     4  memseta.o(.text)
    __aeabi_memclr4                          0x080002af   Thumb Code     0  memseta.o(.text)
    __aeabi_memclr8                          0x080002af   Thumb Code     0  memseta.o(.text)
    _memset$wrapper                          0x080002b3   Thumb Code    18  memseta.o(.text)
    __aeabi_uldivmod                         0x080002c5   Thumb Code    98  uldiv.o(.text)
    __scatterload                            0x08000329   Thumb Code    28  init.o(.text)
    __scatterload_rt2                        0x08000329   Thumb Code     0  init.o(.text)
    __aeabi_llsl                             0x0800034d   Thumb Code    30  llshl.o(.text)
    _ll_shift_l                              0x0800034d   Thumb Code     0  llshl.o(.text)
    __aeabi_llsr                             0x0800036b   Thumb Code    32  llushr.o(.text)
    _ll_ushift_r                             0x0800036b   Thumb Code     0  llushr.o(.text)
    BusFault_Handler                         0x080004b1   Thumb Code     4  stm32f4xx_it.o(i.BusFault_Handler)
    CAN2_RX0_IRQHandler                      0x080004b5   Thumb Code    78  bsp_can.o(i.CAN2_RX0_IRQHandler)
    CAN2_SendMsg_IT                          0x08000515   Thumb Code    96  bsp_can.o(i.CAN2_SendMsg_IT)
    CAN2_TX_IRQHandler                       0x0800057d   Thumb Code    86  bsp_can.o(i.CAN2_TX_IRQHandler)
    CAN_ClearITPendingBit                    0x080005e1   Thumb Code   162  stm32f4xx_can.o(i.CAN_ClearITPendingBit)
    CAN_DeInit                               0x08000689   Thumb Code    50  stm32f4xx_can.o(i.CAN_DeInit)
    CAN_FilterInit                           0x080006c1   Thumb Code   258  stm32f4xx_can.o(i.CAN_FilterInit)
    CAN_GetITStatus                          0x080007c9   Thumb Code   284  stm32f4xx_can.o(i.CAN_GetITStatus)
    CAN_ITConfig                             0x080008e9   Thumb Code    18  stm32f4xx_can.o(i.CAN_ITConfig)
    CAN_Init                                 0x080008fb   Thumb Code   276  stm32f4xx_can.o(i.CAN_Init)
    CAN_Receive                              0x08000a0f   Thumb Code   240  stm32f4xx_can.o(i.CAN_Receive)
    CAN_Transmit                             0x08000aff   Thumb Code   294  stm32f4xx_can.o(i.CAN_Transmit)
    ComToUart                                0x08000c39   Thumb Code    52  bsp_uart_fifo.o(i.ComToUart)
    DebugMon_Handler                         0x08000c93   Thumb Code     2  stm32f4xx_it.o(i.DebugMon_Handler)
    EXTI9_5_IRQHandler                       0x08000c95   Thumb Code    10  motor_control.o(i.EXTI9_5_IRQHandler)
    EXTI_ClearITPendingBit                   0x08000ca1   Thumb Code     6  stm32f4xx_exti.o(i.EXTI_ClearITPendingBit)
    GPIO_Init                                0x08000cad   Thumb Code   144  stm32f4xx_gpio.o(i.GPIO_Init)
    GPIO_PinAFConfig                         0x08000d3d   Thumb Code    70  stm32f4xx_gpio.o(i.GPIO_PinAFConfig)
    GPIO_ResetBits                           0x08000d83   Thumb Code     4  stm32f4xx_gpio.o(i.GPIO_ResetBits)
    GPIO_SetBits                             0x08000d87   Thumb Code     4  stm32f4xx_gpio.o(i.GPIO_SetBits)
    HardFault_Handler                        0x08000d8d   Thumb Code    38  stm32f4xx_it.o(i.HardFault_Handler)
    Incremental_position_closed_loop2        0x08000de5   Thumb Code    98  motor_control.o(i.Incremental_position_closed_loop2)
    LED_Init                                 0x08000f3d   Thumb Code   104  bsp_led.o(i.LED_Init)
    MemManage_Handler                        0x08000fad   Thumb Code     4  stm32f4xx_it.o(i.MemManage_Handler)
    Motor_Init                               0x08000fb1   Thumb Code    76  motor_control.o(i.Motor_Init)
    Motor_control                            0x0800100d   Thumb Code  1810  motor_control.o(i.Motor_control)
    Motor_operation                          0x08001749   Thumb Code    74  motor_control.o(i.Motor_operation)
    NMI_Handler                              0x08001793   Thumb Code     2  stm32f4xx_it.o(i.NMI_Handler)
    NVIC_Init                                0x08001795   Thumb Code   106  misc.o(i.NVIC_Init)
    NVIC_PriorityGroupConfig                 0x0800180d   Thumb Code    10  misc.o(i.NVIC_PriorityGroupConfig)
    RCC_AHB1PeriphClockCmd                   0x08001821   Thumb Code    26  stm32f4xx_rcc.o(i.RCC_AHB1PeriphClockCmd)
    RCC_APB1PeriphClockCmd                   0x08001841   Thumb Code    26  stm32f4xx_rcc.o(i.RCC_APB1PeriphClockCmd)
    RCC_APB1PeriphResetCmd                   0x08001861   Thumb Code    26  stm32f4xx_rcc.o(i.RCC_APB1PeriphResetCmd)
    RCC_APB2PeriphClockCmd                   0x08001881   Thumb Code    26  stm32f4xx_rcc.o(i.RCC_APB2PeriphClockCmd)
    RCC_GetClocksFreq                        0x080018a1   Thumb Code   214  stm32f4xx_rcc.o(i.RCC_GetClocksFreq)
    RS485_InitTXE                            0x08001989   Thumb Code    46  bsp_uart_fifo.o(i.RS485_InitTXE)
    Read_encoder_data                        0x080019bd   Thumb Code    74  motor_control.o(i.Read_encoder_data)
    Singleloop_position_closedloop_control2  0x08001af5   Thumb Code    98  motor_control.o(i.Singleloop_position_closedloop_control2)
    SysTick_CLKSourceConfig                  0x08001b57   Thumb Code    40  misc.o(i.SysTick_CLKSourceConfig)
    SysTick_Handler                          0x08001b81   Thumb Code    48  port.o(i.SysTick_Handler)
    SystemCoreClockUpdate                    0x08001bb5   Thumb Code   170  system_stm32f4xx.o(i.SystemCoreClockUpdate)
    SystemInit                               0x08001c75   Thumb Code    88  system_stm32f4xx.o(i.SystemInit)
    USART1_IRQHandler                        0x08001cdd   Thumb Code    10  bsp_uart_fifo.o(i.USART1_IRQHandler)
    USART_ClearFlag                          0x08001ced   Thumb Code    18  stm32f4xx_usart.o(i.USART_ClearFlag)
    USART_Cmd                                0x08001cff   Thumb Code    24  stm32f4xx_usart.o(i.USART_Cmd)
    USART_GetITStatus                        0x08001d17   Thumb Code    84  stm32f4xx_usart.o(i.USART_GetITStatus)
    USART_ITConfig                           0x08001d6b   Thumb Code    74  stm32f4xx_usart.o(i.USART_ITConfig)
    USART_Init                               0x08001db5   Thumb Code   204  stm32f4xx_usart.o(i.USART_Init)
    USART_ReceiveData                        0x08001e89   Thumb Code    10  stm32f4xx_usart.o(i.USART_ReceiveData)
    USART_SendData                           0x08001e93   Thumb Code     8  stm32f4xx_usart.o(i.USART_SendData)
    UsageFault_Handler                       0x08002029   Thumb Code     4  stm32f4xx_it.o(i.UsageFault_Handler)
    __0printf$4                              0x0800202d   Thumb Code    22  printf4.o(i.__0printf$4)
    __1printf$4                              0x0800202d   Thumb Code     0  printf4.o(i.__0printf$4)
    __2printf                                0x0800202d   Thumb Code     0  printf4.o(i.__0printf$4)
    __scatterload_copy                       0x0800204d   Thumb Code    14  handlers.o(i.__scatterload_copy)
    __scatterload_null                       0x0800205b   Thumb Code     2  handlers.o(i.__scatterload_null)
    __scatterload_zeroinit                   0x0800205d   Thumb Code    14  handlers.o(i.__scatterload_zeroinit)
    bsp_GetKey                               0x08002385   Thumb Code    46  bsp_key.o(i.bsp_GetKey)
    bsp_Init                                 0x080023b9   Thumb Code    48  bsp.o(i.bsp_Init)
    bsp_InitCan2                             0x080023f5   Thumb Code   224  bsp_can.o(i.bsp_InitCan2)
    bsp_InitKey                              0x080024dd   Thumb Code    12  bsp_key.o(i.bsp_InitKey)
    bsp_InitLed                              0x080025a5   Thumb Code    20  bsp_led.o(i.bsp_InitLed)
    bsp_InitUart                             0x080025b9   Thumb Code    20  bsp_uart_fifo.o(i.bsp_InitUart)
    bsp_KeyScan                              0x080025cd   Thumb Code    22  bsp_key.o(i.bsp_KeyScan)
    bsp_LedOff                               0x080025e5   Thumb Code    32  bsp_led.o(i.bsp_LedOff)
    bsp_LedOn                                0x08002609   Thumb Code    32  bsp_led.o(i.bsp_LedOn)
    bsp_PutKey                               0x0800262d   Thumb Code    28  bsp_key.o(i.bsp_PutKey)
    comSendBuf                               0x080026a5   Thumb Code    46  bsp_uart_fifo.o(i.comSendBuf)
    comSendChar                              0x080026d3   Thumb Code    16  bsp_uart_fifo.o(i.comSendChar)
    delay_init                               0x080026f5   Thumb Code    52  delay.o(i.delay_init)
    delay_ms                                 0x08002731   Thumb Code    56  delay.o(i.delay_ms)
    delay_xms                                0x08002769   Thumb Code    72  delay.o(i.delay_xms)
    fputc                                    0x080027cf   Thumb Code    18  bsp_uart_fifo.o(i.fputc)
    main                                     0x080027e1   Thumb Code    28  main.o(i.main)
    motor_data_process                       0x080027fd   Thumb Code   838  motor_data_process.o(i.motor_data_process)
    pvPortMalloc                             0x080033dd   Thumb Code   296  heap_4.o(i.pvPortMalloc)
    pvTaskIncrementMutexHeldCount            0x08003519   Thumb Code    26  tasks.o(i.pvTaskIncrementMutexHeldCount)
    pxPortInitialiseStack                    0x08003539   Thumb Code    34  port.o(i.pxPortInitialiseStack)
    ulTaskNotifyTake                         0x08003561   Thumb Code   174  tasks.o(i.ulTaskNotifyTake)
    uxListRemove                             0x08003625   Thumb Code    40  list.o(i.uxListRemove)
    vListInitialise                          0x0800364d   Thumb Code    26  list.o(i.vListInitialise)
    vListInitialiseItem                      0x08003667   Thumb Code     6  list.o(i.vListInitialiseItem)
    vListInsert                              0x0800366d   Thumb Code    52  list.o(i.vListInsert)
    vListInsertEnd                           0x080036a1   Thumb Code    24  list.o(i.vListInsertEnd)
    vPortEnterCritical                       0x080036b9   Thumb Code    76  port.o(i.vPortEnterCritical)
    vPortExitCritical                        0x0800370d   Thumb Code    56  port.o(i.vPortExitCritical)
    vPortFree                                0x08003749   Thumb Code   140  heap_4.o(i.vPortFree)
    vPortSetupTimerInterrupt                 0x080037dd   Thumb Code    14  port.o(i.vPortSetupTimerInterrupt)
    vPortValidateInterruptPriority           0x080037f1   Thumb Code   106  port.o(i.vPortValidateInterruptPriority)
    vQueueWaitForMessageRestricted           0x08003869   Thumb Code    66  queue.o(i.vQueueWaitForMessageRestricted)
    vTaskDelay                               0x080038ad   Thumb Code   120  tasks.o(i.vTaskDelay)
    vTaskMissedYield                         0x08003979   Thumb Code     8  tasks.o(i.vTaskMissedYield)
    vTaskPlaceOnEventList                    0x080039b5   Thumb Code   108  tasks.o(i.vTaskPlaceOnEventList)
    vTaskPlaceOnEventListRestricted          0x08003a31   Thumb Code   114  tasks.o(i.vTaskPlaceOnEventListRestricted)
    vTaskPriorityInherit                     0x08003ab5   Thumb Code   164  tasks.o(i.vTaskPriorityInherit)
    vTaskSetTimeOutState                     0x08003b65   Thumb Code    38  tasks.o(i.vTaskSetTimeOutState)
    vTaskStartScheduler                      0x08003ba5   Thumb Code   110  tasks.o(i.vTaskStartScheduler)
    vTaskSuspendAll                          0x08003c2d   Thumb Code    12  tasks.o(i.vTaskSuspendAll)
    vTaskSwitchContext                       0x08003c3d   Thumb Code   118  tasks.o(i.vTaskSwitchContext)
    xPortStartScheduler                      0x08003cf1   Thumb Code   288  port.o(i.xPortStartScheduler)
    xQueueGenericCreate                      0x08003e2d   Thumb Code   134  queue.o(i.xQueueGenericCreate)
    xQueueGenericReceive                     0x08003eb5   Thumb Code   424  queue.o(i.xQueueGenericReceive)
    xQueueGenericReset                       0x08004061   Thumb Code   144  queue.o(i.xQueueGenericReset)
    xQueueGenericSend                        0x080040f5   Thumb Code   412  queue.o(i.xQueueGenericSend)
    xQueueGenericSendFromISR                 0x08004295   Thumb Code   240  queue.o(i.xQueueGenericSendFromISR)
    xQueueReceiveFromISR                     0x08004385   Thumb Code   188  queue.o(i.xQueueReceiveFromISR)
    xTaskCheckForTimeOut                     0x08004441   Thumb Code   132  tasks.o(i.xTaskCheckForTimeOut)
    xTaskGenericCreate                       0x080044cd   Thumb Code   340  tasks.o(i.xTaskGenericCreate)
    xTaskGenericNotify                       0x0800463d   Thumb Code   242  tasks.o(i.xTaskGenericNotify)
    xTaskGetCurrentTaskHandle                0x08004741   Thumb Code     6  tasks.o(i.xTaskGetCurrentTaskHandle)
    xTaskGetSchedulerState                   0x0800474d   Thumb Code    24  tasks.o(i.xTaskGetSchedulerState)
    xTaskGetTickCount                        0x0800476d   Thumb Code     6  tasks.o(i.xTaskGetTickCount)
    xTaskIncrementTick                       0x08004779   Thumb Code   286  tasks.o(i.xTaskIncrementTick)
    xTaskPriorityDisinherit                  0x080048c5   Thumb Code   188  tasks.o(i.xTaskPriorityDisinherit)
    xTaskRemoveFromEventList                 0x0800498d   Thumb Code   128  tasks.o(i.xTaskRemoveFromEventList)
    xTaskResumeAll                           0x08004a25   Thumb Code   224  tasks.o(i.xTaskResumeAll)
    xTimerCreate                             0x08004b29   Thumb Code    94  timers.o(i.xTimerCreate)
    xTimerCreateTimerTask                    0x08004b89   Thumb Code    72  timers.o(i.xTimerCreateTimerTask)
    xTimerGenericCommand                     0x08004be1   Thumb Code   128  timers.o(i.xTimerGenericCommand)
    Region$$Table$$Base                      0x08004c64   Number         0  anon$$obj.o(Region$$Table)
    Region$$Table$$Limit                     0x08004c84   Number         0  anon$$obj.o(Region$$Table)
    xTimers                                  0x20000010   Data           4  main.o(.data)
    xQueue1                                  0x20000014   Data           4  main.o(.data)
    xQueue2                                  0x20000018   Data           4  main.o(.data)
    encoder_init_flag                        0x2000001c   Data           4  main.o(.data)
    Motor_rotate_event                       0x20000020   Data           4  main.o(.data)
    led_flag                                 0x20000024   Data           1  main.o(.data)
    timer_count                              0x20000025   Data           1  main.o(.data)
    g_motor_control_task                     0x20000028   Data           4  motor_control.o(.data)
    Motor_Id                                 0x2000002c   Data           4  motor_control.o(.data)
    MaxSpeed                                 0x20000030   Data           2  motor_control.o(.data)
    key_press                                0x20000032   Data           1  motor_control.o(.data)
    key_test                                 0x20000033   Data           1  motor_control.o(.data)
    ask_count                                0x20000034   Data           1  motor_control.o(.data)
    stable                                   0x20000035   Data           1  motor_control.o(.data)
    err_ticks                                0x20000038   Data           4  motor_control.o(.data)
    got                                      0x2000003c   Data           4  motor_control.o(.data)
    uwTick                                   0x20000044   Data           4  delay.o(.data)
    s_tKey                                   0x20000048   Data           6  bsp_key.o(.data)
    SystemCoreClock                          0x20000060   Data           4  system_stm32f4xx.o(.data)
    AHBPrescTable                            0x20000064   Data          16  system_stm32f4xx.o(.data)
    pxCurrentTCB                             0x20000074   Data           4  tasks.o(.data)
    __stdout                                 0x200000e0   Data           4  stdout.o(.data)
    g_tCanTxMsg                              0x200000e4   Data          20  main.o(.bss)
    g_tCanRxMsg                              0x200000f8   Data          20  main.o(.bss)
    MS4005                                   0x20000110   Data          96  motor_data_process.o(.bss)
    s_tBtn                                   0x20000170   Data          48  bsp_key.o(.bss)
    __initial_sp                             0x200086d0   Data           0  startup_stm32f40_41xxx.o(STACK)



==============================================================================

Memory Map of the image

  Image Entry point : 0x08000189

  Load Region LR_IROM1 (Base: 0x08000000, Size: 0x00004d68, Max: 0x00080000, ABSOLUTE)

    Execution Region ER_IROM1 (Exec base: 0x08000000, Load base: 0x08000000, Size: 0x00004c84, Max: 0x00080000, ABSOLUTE)

    Exec Addr    Load Addr    Size         Type   Attr      Idx    E Section Name        Object

    0x08000000   0x08000000   0x00000188   Data   RO         1118    RESET               startup_stm32f40_41xxx.o
    0x08000188   0x08000188   0x00000000   Code   RO         3566  * .ARM.Collect$$$$00000000  mc_w.l(entry.o)
    0x08000188   0x08000188   0x00000004   Code   RO         3838    .ARM.Collect$$$$00000001  mc_w.l(entry2.o)
    0x0800018c   0x0800018c   0x00000004   Code   RO         3841    .ARM.Collect$$$$00000004  mc_w.l(entry5.o)
    0x08000190   0x08000190   0x00000000   Code   RO         3843    .ARM.Collect$$$$00000008  mc_w.l(entry7b.o)
    0x08000190   0x08000190   0x00000000   Code   RO         3845    .ARM.Collect$$$$0000000A  mc_w.l(entry8b.o)
    0x08000190   0x08000190   0x00000008   Code   RO         3846    .ARM.Collect$$$$0000000B  mc_w.l(entry9a.o)
    0x08000198   0x08000198   0x00000004   Code   RO         3853    .ARM.Collect$$$$0000000E  mc_w.l(entry12b.o)
    0x0800019c   0x0800019c   0x00000000   Code   RO         3848    .ARM.Collect$$$$0000000F  mc_w.l(entry10a.o)
    0x0800019c   0x0800019c   0x00000000   Code   RO         3850    .ARM.Collect$$$$00000011  mc_w.l(entry11a.o)
    0x0800019c   0x0800019c   0x00000004   Code   RO         3839    .ARM.Collect$$$$00002712  mc_w.l(entry2.o)
    0x080001a0   0x080001a0   0x000000b6   Code   RO         3501    .emb_text           port.o
    0x08000256   0x08000256   0x00000002   PAD
    0x08000258   0x08000258   0x00000024   Code   RO         1119    .text               startup_stm32f40_41xxx.o
    0x0800027c   0x0800027c   0x00000024   Code   RO         3569    .text               mc_w.l(memcpya.o)
    0x080002a0   0x080002a0   0x00000024   Code   RO         3571    .text               mc_w.l(memseta.o)
    0x080002c4   0x080002c4   0x00000062   Code   RO         3857    .text               mc_w.l(uldiv.o)
    0x08000326   0x08000326   0x00000002   PAD
    0x08000328   0x08000328   0x00000024   Code   RO         3870    .text               mc_w.l(init.o)
    0x0800034c   0x0800034c   0x0000001e   Code   RO         3872    .text               mc_w.l(llshl.o)
    0x0800036a   0x0800036a   0x00000020   Code   RO         3874    .text               mc_w.l(llushr.o)
    0x0800038a   0x0800038a   0x00000002   PAD
    0x0800038c   0x0800038c   0x00000060   Code   RO            4    i.AppObjCreate      main.o
    0x080003ec   0x080003ec   0x000000c4   Code   RO            5    i.AppTaskCreate     main.o
    0x080004b0   0x080004b0   0x00000004   Code   RO          750    i.BusFault_Handler  stm32f4xx_it.o
    0x080004b4   0x080004b4   0x00000060   Code   RO         1071    i.CAN2_RX0_IRQHandler  bsp_can.o
    0x08000514   0x08000514   0x00000068   Code   RO         1072    i.CAN2_SendMsg_IT   bsp_can.o
    0x0800057c   0x0800057c   0x00000064   Code   RO         1073    i.CAN2_TX_IRQHandler  bsp_can.o
    0x080005e0   0x080005e0   0x000000a8   Code   RO         2242    i.CAN_ClearITPendingBit  stm32f4xx_can.o
    0x08000688   0x08000688   0x00000038   Code   RO         2244    i.CAN_DeInit        stm32f4xx_can.o
    0x080006c0   0x080006c0   0x00000108   Code   RO         2246    i.CAN_FilterInit    stm32f4xx_can.o
    0x080007c8   0x080007c8   0x00000120   Code   RO         2248    i.CAN_GetITStatus   stm32f4xx_can.o
    0x080008e8   0x080008e8   0x00000012   Code   RO         2252    i.CAN_ITConfig      stm32f4xx_can.o
    0x080008fa   0x080008fa   0x00000114   Code   RO         2253    i.CAN_Init          stm32f4xx_can.o
    0x08000a0e   0x08000a0e   0x000000f0   Code   RO         2256    i.CAN_Receive       stm32f4xx_can.o
    0x08000afe   0x08000afe   0x00000126   Code   RO         2261    i.CAN_Transmit      stm32f4xx_can.o
    0x08000c24   0x08000c24   0x00000012   Code   RO         2264    i.CheckITStatus     stm32f4xx_can.o
    0x08000c36   0x08000c36   0x00000002   PAD
    0x08000c38   0x08000c38   0x00000038   Code   RO          812    i.ComToUart         bsp_uart_fifo.o
    0x08000c70   0x08000c70   0x00000022   Code   RO          813    i.ConfigUartNVIC    bsp_uart_fifo.o
    0x08000c92   0x08000c92   0x00000002   Code   RO          751    i.DebugMon_Handler  stm32f4xx_it.o
    0x08000c94   0x08000c94   0x0000000a   Code   RO          273    i.EXTI9_5_IRQHandler  motor_control.o
    0x08000c9e   0x08000c9e   0x00000002   PAD
    0x08000ca0   0x08000ca0   0x0000000c   Code   RO         2600    i.EXTI_ClearITPendingBit  stm32f4xx_exti.o
    0x08000cac   0x08000cac   0x00000090   Code   RO         1175    i.GPIO_Init         stm32f4xx_gpio.o
    0x08000d3c   0x08000d3c   0x00000046   Code   RO         1176    i.GPIO_PinAFConfig  stm32f4xx_gpio.o
    0x08000d82   0x08000d82   0x00000004   Code   RO         1182    i.GPIO_ResetBits    stm32f4xx_gpio.o
    0x08000d86   0x08000d86   0x00000004   Code   RO         1183    i.GPIO_SetBits      stm32f4xx_gpio.o
    0x08000d8a   0x08000d8a   0x00000002   PAD
    0x08000d8c   0x08000d8c   0x00000058   Code   RO          752    i.HardFault_Handler  stm32f4xx_it.o
    0x08000de4   0x08000de4   0x00000062   Code   RO          275    i.Incremental_position_closed_loop2  motor_control.o
    0x08000e46   0x08000e46   0x00000002   PAD
    0x08000e48   0x08000e48   0x000000ac   Code   RO          814    i.InitHardUart      bsp_uart_fifo.o
    0x08000ef4   0x08000ef4   0x00000018   Code   RO          650    i.IsKeyDown0        bsp_key.o
    0x08000f0c   0x08000f0c   0x00000018   Code   RO          651    i.IsKeyDown1        bsp_key.o
    0x08000f24   0x08000f24   0x00000018   Code   RO          652    i.IsKeyDownWKUP     bsp_key.o
    0x08000f3c   0x08000f3c   0x00000070   Code   RO          602    i.LED_Init          bsp_led.o
    0x08000fac   0x08000fac   0x00000004   Code   RO          753    i.MemManage_Handler  stm32f4xx_it.o
    0x08000fb0   0x08000fb0   0x0000005c   Code   RO          277    i.Motor_Init        motor_control.o
    0x0800100c   0x0800100c   0x0000073c   Code   RO          279    i.Motor_control     motor_control.o
    0x08001748   0x08001748   0x0000004a   Code   RO          281    i.Motor_operation   motor_control.o
    0x08001792   0x08001792   0x00000002   Code   RO          754    i.NMI_Handler       stm32f4xx_it.o
    0x08001794   0x08001794   0x00000078   Code   RO         1126    i.NVIC_Init         misc.o
    0x0800180c   0x0800180c   0x00000014   Code   RO         1127    i.NVIC_PriorityGroupConfig  misc.o
    0x08001820   0x08001820   0x00000020   Code   RO         1276    i.RCC_AHB1PeriphClockCmd  stm32f4xx_rcc.o
    0x08001840   0x08001840   0x00000020   Code   RO         1285    i.RCC_APB1PeriphClockCmd  stm32f4xx_rcc.o
    0x08001860   0x08001860   0x00000020   Code   RO         1287    i.RCC_APB1PeriphResetCmd  stm32f4xx_rcc.o
    0x08001880   0x08001880   0x00000020   Code   RO         1288    i.RCC_APB2PeriphClockCmd  stm32f4xx_rcc.o
    0x080018a0   0x080018a0   0x000000e8   Code   RO         1297    i.RCC_GetClocksFreq  stm32f4xx_rcc.o
    0x08001988   0x08001988   0x00000034   Code   RO          815    i.RS485_InitTXE     bsp_uart_fifo.o
    0x080019bc   0x080019bc   0x0000004a   Code   RO          285    i.Read_encoder_data  motor_control.o
    0x08001a06   0x08001a06   0x00000002   PAD
    0x08001a08   0x08001a08   0x000000ec   Code   RO         2665    i.SetSysClock       system_stm32f4xx.o
    0x08001af4   0x08001af4   0x00000062   Code   RO          294    i.Singleloop_position_closedloop_control2  motor_control.o
    0x08001b56   0x08001b56   0x00000028   Code   RO         1130    i.SysTick_CLKSourceConfig  misc.o
    0x08001b7e   0x08001b7e   0x00000002   PAD
    0x08001b80   0x08001b80   0x00000034   Code   RO         3502    i.SysTick_Handler   port.o
    0x08001bb4   0x08001bb4   0x000000c0   Code   RO         2666    i.SystemCoreClockUpdate  system_stm32f4xx.o
    0x08001c74   0x08001c74   0x00000068   Code   RO         2667    i.SystemInit        system_stm32f4xx.o
    0x08001cdc   0x08001cdc   0x00000010   Code   RO          822    i.USART1_IRQHandler  bsp_uart_fifo.o
    0x08001cec   0x08001cec   0x00000012   Code   RO         2407    i.USART_ClearFlag   stm32f4xx_usart.o
    0x08001cfe   0x08001cfe   0x00000018   Code   RO         2411    i.USART_Cmd         stm32f4xx_usart.o
    0x08001d16   0x08001d16   0x00000054   Code   RO         2415    i.USART_GetITStatus  stm32f4xx_usart.o
    0x08001d6a   0x08001d6a   0x0000004a   Code   RO         2417    i.USART_ITConfig    stm32f4xx_usart.o
    0x08001db4   0x08001db4   0x000000d4   Code   RO         2418    i.USART_Init        stm32f4xx_usart.o
    0x08001e88   0x08001e88   0x0000000a   Code   RO         2425    i.USART_ReceiveData  stm32f4xx_usart.o
    0x08001e92   0x08001e92   0x00000008   Code   RO         2428    i.USART_SendData    stm32f4xx_usart.o
    0x08001e9a   0x08001e9a   0x000000e6   Code   RO          825    i.UartIRQ           bsp_uart_fifo.o
    0x08001f80   0x08001f80   0x0000006a   Code   RO          826    i.UartSend          bsp_uart_fifo.o
    0x08001fea   0x08001fea   0x00000002   PAD
    0x08001fec   0x08001fec   0x0000003c   Code   RO          827    i.UartVarInit       bsp_uart_fifo.o
    0x08002028   0x08002028   0x00000004   Code   RO          755    i.UsageFault_Handler  stm32f4xx_it.o
    0x0800202c   0x0800202c   0x00000020   Code   RO         3688    i.__0printf$4       mc_w.l(printf4.o)
    0x0800204c   0x0800204c   0x0000000e   Code   RO         3882    i.__scatterload_copy  mc_w.l(handlers.o)
    0x0800205a   0x0800205a   0x00000002   Code   RO         3883    i.__scatterload_null  mc_w.l(handlers.o)
    0x0800205c   0x0800205c   0x0000000e   Code   RO         3884    i.__scatterload_zeroinit  mc_w.l(handlers.o)
    0x0800206a   0x0800206a   0x00000002   PAD
    0x0800206c   0x0800206c   0x0000022c   Code   RO         3695    i._printf_core      mc_w.l(printf4.o)
    0x08002298   0x08002298   0x00000020   Code   RO          297    i.adc_trigger_pulse_pd10  motor_control.o
    0x080022b8   0x080022b8   0x000000cc   Code   RO          654    i.bsp_DetectKey     bsp_key.o
    0x08002384   0x08002384   0x00000034   Code   RO          655    i.bsp_GetKey        bsp_key.o
    0x080023b8   0x080023b8   0x0000003c   Code   RO          553    i.bsp_Init          bsp.o
    0x080023f4   0x080023f4   0x000000e8   Code   RO         1074    i.bsp_InitCan2      bsp_can.o
    0x080024dc   0x080024dc   0x0000000c   Code   RO          658    i.bsp_InitKey       bsp_key.o
    0x080024e8   0x080024e8   0x00000054   Code   RO          659    i.bsp_InitKeyHard   bsp_key.o
    0x0800253c   0x0800253c   0x00000068   Code   RO          660    i.bsp_InitKeyVar    bsp_key.o
    0x080025a4   0x080025a4   0x00000014   Code   RO          603    i.bsp_InitLed       bsp_led.o
    0x080025b8   0x080025b8   0x00000014   Code   RO          828    i.bsp_InitUart      bsp_uart_fifo.o
    0x080025cc   0x080025cc   0x00000016   Code   RO          661    i.bsp_KeyScan       bsp_key.o
    0x080025e2   0x080025e2   0x00000002   PAD
    0x080025e4   0x080025e4   0x00000024   Code   RO          604    i.bsp_LedOff        bsp_led.o
    0x08002608   0x08002608   0x00000024   Code   RO          605    i.bsp_LedOn         bsp_led.o
    0x0800262c   0x0800262c   0x00000020   Code   RO          662    i.bsp_PutKey        bsp_key.o
    0x0800264c   0x0800264c   0x00000058   Code   RO         1075    i.can_NVIC_Config   bsp_can.o
    0x080026a4   0x080026a4   0x0000002e   Code   RO          832    i.comSendBuf        bsp_uart_fifo.o
    0x080026d2   0x080026d2   0x00000010   Code   RO          833    i.comSendChar       bsp_uart_fifo.o
    0x080026e2   0x080026e2   0x00000012   Code   RO          298    i.deg_to_target_enc  motor_control.o
    0x080026f4   0x080026f4   0x0000003c   Code   RO          508    i.delay_init        delay.o
    0x08002730   0x08002730   0x00000038   Code   RO          509    i.delay_ms          delay.o
    0x08002768   0x08002768   0x0000004c   Code   RO          511    i.delay_xms         delay.o
    0x080027b4   0x080027b4   0x0000001a   Code   RO          299    i.enc_err_wrap      motor_control.o
    0x080027ce   0x080027ce   0x00000012   Code   RO          836    i.fputc             bsp_uart_fifo.o
    0x080027e0   0x080027e0   0x0000001c   Code   RO            6    i.main              main.o
    0x080027fc   0x080027fc   0x0000035c   Code   RO          479    i.motor_data_process  motor_data_process.o
    0x08002b58   0x08002b58   0x00000054   Code   RO         3015    i.prvAddCurrentTaskToDelayedList  tasks.o
    0x08002bac   0x08002bac   0x00000042   Code   RO         3016    i.prvAllocateTCBAndStack  tasks.o
    0x08002bee   0x08002bee   0x00000002   PAD
    0x08002bf0   0x08002bf0   0x00000068   Code   RO         3336    i.prvCheckForValidListAndQueue  timers.o
    0x08002c58   0x08002c58   0x00000064   Code   RO         3017    i.prvCheckTasksWaitingTermination  tasks.o
    0x08002cbc   0x08002cbc   0x0000002a   Code   RO         2849    i.prvCopyDataFromQueue  queue.o
    0x08002ce6   0x08002ce6   0x00000080   Code   RO         2850    i.prvCopyDataToQueue  queue.o
    0x08002d66   0x08002d66   0x00000012   Code   RO         3018    i.prvDeleteTCB      tasks.o
    0x08002d78   0x08002d78   0x00000028   Code   RO         3337    i.prvGetNextExpireTime  timers.o
    0x08002da0   0x08002da0   0x0000007c   Code   RO         3452    i.prvHeapInit       heap_4.o
    0x08002e1c   0x08002e1c   0x00000028   Code   RO         3019    i.prvIdleTask       tasks.o
    0x08002e44   0x08002e44   0x00000062   Code   RO         3020    i.prvInitialiseTCBVariables  tasks.o
    0x08002ea6   0x08002ea6   0x00000002   PAD
    0x08002ea8   0x08002ea8   0x00000068   Code   RO         3021    i.prvInitialiseTaskLists  tasks.o
    0x08002f10   0x08002f10   0x00000068   Code   RO         3453    i.prvInsertBlockIntoFreeList  heap_4.o
    0x08002f78   0x08002f78   0x00000058   Code   RO         3338    i.prvInsertTimerInActiveList  timers.o
    0x08002fd0   0x08002fd0   0x0000001a   Code   RO         2851    i.prvIsQueueEmpty   queue.o
    0x08002fea   0x08002fea   0x0000001e   Code   RO         2852    i.prvIsQueueFull    queue.o
    0x08003008   0x08003008   0x00000064   Code   RO         3339    i.prvProcessExpiredTimer  timers.o
    0x0800306c   0x0800306c   0x00000124   Code   RO         3340    i.prvProcessReceivedCommands  timers.o
    0x08003190   0x08003190   0x00000074   Code   RO         3341    i.prvProcessTimerOrBlockTask  timers.o
    0x08003204   0x08003204   0x00000034   Code   RO         3023    i.prvResetNextTaskUnblockTime  tasks.o
    0x08003238   0x08003238   0x0000002c   Code   RO         3342    i.prvSampleTimeNow  timers.o
    0x08003264   0x08003264   0x000000a0   Code   RO         3343    i.prvSwitchTimerLists  timers.o
    0x08003304   0x08003304   0x00000040   Code   RO         3503    i.prvTaskExitError  port.o
    0x08003344   0x08003344   0x0000001a   Code   RO         3344    i.prvTimerTask      timers.o
    0x0800335e   0x0800335e   0x0000007e   Code   RO         2853    i.prvUnlockQueue    queue.o
    0x080033dc   0x080033dc   0x0000013c   Code   RO         3454    i.pvPortMalloc      heap_4.o
    0x08003518   0x08003518   0x00000020   Code   RO         3026    i.pvTaskIncrementMutexHeldCount  tasks.o
    0x08003538   0x08003538   0x00000028   Code   RO         3504    i.pxPortInitialiseStack  port.o
    0x08003560   0x08003560   0x000000c4   Code   RO         3027    i.ulTaskNotifyTake  tasks.o
    0x08003624   0x08003624   0x00000028   Code   RO         2813    i.uxListRemove      list.o
    0x0800364c   0x0800364c   0x0000001a   Code   RO         2814    i.vListInitialise   list.o
    0x08003666   0x08003666   0x00000006   Code   RO         2815    i.vListInitialiseItem  list.o
    0x0800366c   0x0800366c   0x00000034   Code   RO         2816    i.vListInsert       list.o
    0x080036a0   0x080036a0   0x00000018   Code   RO         2817    i.vListInsertEnd    list.o
    0x080036b8   0x080036b8   0x00000054   Code   RO         3506    i.vPortEnterCritical  port.o
    0x0800370c   0x0800370c   0x0000003c   Code   RO         3507    i.vPortExitCritical  port.o
    0x08003748   0x08003748   0x00000094   Code   RO         3455    i.vPortFree         heap_4.o
    0x080037dc   0x080037dc   0x00000014   Code   RO         3508    i.vPortSetupTimerInterrupt  port.o
    0x080037f0   0x080037f0   0x00000078   Code   RO         3509    i.vPortValidateInterruptPriority  port.o
    0x08003868   0x08003868   0x00000042   Code   RO         2861    i.vQueueWaitForMessageRestricted  queue.o
    0x080038aa   0x080038aa   0x00000002   PAD
    0x080038ac   0x080038ac   0x0000008c   Code   RO         3034    i.vTaskDelay        tasks.o
    0x08003938   0x08003938   0x00000040   Code   RO            7    i.vTaskLED          main.o
    0x08003978   0x08003978   0x0000000c   Code   RO         3038    i.vTaskMissedYield  tasks.o
    0x08003984   0x08003984   0x00000030   Code   RO            8    i.vTaskMsgPro       main.o
    0x080039b4   0x080039b4   0x0000007c   Code   RO         3040    i.vTaskPlaceOnEventList  tasks.o
    0x08003a30   0x08003a30   0x00000084   Code   RO         3041    i.vTaskPlaceOnEventListRestricted  tasks.o
    0x08003ab4   0x08003ab4   0x000000b0   Code   RO         3043    i.vTaskPriorityInherit  tasks.o
    0x08003b64   0x08003b64   0x00000030   Code   RO         3047    i.vTaskSetTimeOutState  tasks.o
    0x08003b94   0x08003b94   0x0000000e   Code   RO            9    i.vTaskStart        main.o
    0x08003ba2   0x08003ba2   0x00000002   PAD
    0x08003ba4   0x08003ba4   0x00000088   Code   RO         3048    i.vTaskStartScheduler  tasks.o
    0x08003c2c   0x08003c2c   0x00000010   Code   RO         3050    i.vTaskSuspendAll   tasks.o
    0x08003c3c   0x08003c3c   0x0000008c   Code   RO         3051    i.vTaskSwitchContext  tasks.o
    0x08003cc8   0x08003cc8   0x0000000a   Code   RO           10    i.vTaskTaskUserIF   main.o
    0x08003cd2   0x08003cd2   0x00000002   PAD
    0x08003cd4   0x08003cd4   0x0000001c   Code   RO           11    i.vTimerCallback    main.o
    0x08003cf0   0x08003cf0   0x0000013c   Code   RO         3510    i.xPortStartScheduler  port.o
    0x08003e2c   0x08003e2c   0x00000086   Code   RO         2864    i.xQueueGenericCreate  queue.o
    0x08003eb2   0x08003eb2   0x00000002   PAD
    0x08003eb4   0x08003eb4   0x000001ac   Code   RO         2865    i.xQueueGenericReceive  queue.o
    0x08004060   0x08004060   0x00000094   Code   RO         2866    i.xQueueGenericReset  queue.o
    0x080040f4   0x080040f4   0x000001a0   Code   RO         2867    i.xQueueGenericSend  queue.o
    0x08004294   0x08004294   0x000000f0   Code   RO         2868    i.xQueueGenericSendFromISR  queue.o
    0x08004384   0x08004384   0x000000bc   Code   RO         2874    i.xQueueReceiveFromISR  queue.o
    0x08004440   0x08004440   0x0000008c   Code   RO         3052    i.xTaskCheckForTimeOut  tasks.o
    0x080044cc   0x080044cc   0x00000170   Code   RO         3053    i.xTaskGenericCreate  tasks.o
    0x0800463c   0x0800463c   0x00000104   Code   RO         3054    i.xTaskGenericNotify  tasks.o
    0x08004740   0x08004740   0x0000000c   Code   RO         3056    i.xTaskGetCurrentTaskHandle  tasks.o
    0x0800474c   0x0800474c   0x00000020   Code   RO         3057    i.xTaskGetSchedulerState  tasks.o
    0x0800476c   0x0800476c   0x0000000c   Code   RO         3058    i.xTaskGetTickCount  tasks.o
    0x08004778   0x08004778   0x0000014c   Code   RO         3060    i.xTaskIncrementTick  tasks.o
    0x080048c4   0x080048c4   0x000000c8   Code   RO         3063    i.xTaskPriorityDisinherit  tasks.o
    0x0800498c   0x0800498c   0x00000098   Code   RO         3064    i.xTaskRemoveFromEventList  tasks.o
    0x08004a24   0x08004a24   0x00000104   Code   RO         3066    i.xTaskResumeAll    tasks.o
    0x08004b28   0x08004b28   0x0000005e   Code   RO         3347    i.xTimerCreate      timers.o
    0x08004b86   0x08004b86   0x00000002   PAD
    0x08004b88   0x08004b88   0x00000058   Code   RO         3348    i.xTimerCreateTimerTask  timers.o
    0x08004be0   0x08004be0   0x00000084   Code   RO         3349    i.xTimerGenericCommand  timers.o
    0x08004c64   0x08004c64   0x00000020   Data   RO         3880    Region$$Table       anon$$obj.o


    Execution Region RW_IRAM1 (Exec base: 0x20000000, Load base: 0x08004c84, Size: 0x000086d0, Max: 0x00020000, ABSOLUTE)

    Exec Addr    Load Addr    Size         Type   Attr      Idx    E Section Name        Object

    0x20000000   0x08004c84   0x00000026   Data   RW           13    .data               main.o
    0x20000026   0x08004caa   0x00000002   PAD
    0x20000028   0x08004cac   0x00000018   Data   RW          303    .data               motor_control.o
    0x20000040   0x08004cc4   0x00000008   Data   RW          512    .data               delay.o
    0x20000048   0x08004ccc   0x00000006   Data   RW          665    .data               bsp_key.o
    0x2000004e   0x08004cd2   0x00000010   Data   RW         1329    .data               stm32f4xx_rcc.o
    0x2000005e   0x08004ce2   0x00000002   PAD
    0x20000060   0x08004ce4   0x00000014   Data   RW         2668    .data               system_stm32f4xx.o
    0x20000074   0x08004cf8   0x00000038   Data   RW         3069    .data               tasks.o
    0x200000ac   0x08004d30   0x00000010   Data   RW         3354    .data               timers.o
    0x200000bc   0x08004d40   0x00000018   Data   RW         3460    .data               heap_4.o
    0x200000d4   0x08004d58   0x0000000c   Data   RW         3511    .data               port.o
    0x200000e0   0x08004d64   0x00000004   Data   RW         3854    .data               mc_w.l(stdout.o)
    0x200000e4        -       0x00000028   Zero   RW           12    .bss                main.o
    0x2000010c   0x08004d68   0x00000004   PAD
    0x20000110        -       0x00000060   Zero   RW          480    .bss                motor_data_process.o
    0x20000170        -       0x00000030   Zero   RW          664    .bss                bsp_key.o
    0x200001a0        -       0x00000828   Zero   RW          837    .bss                bsp_uart_fifo.o
    0x200009c8        -       0x000000dc   Zero   RW         3068    .bss                tasks.o
    0x20000aa4        -       0x00000028   Zero   RW         3353    .bss                timers.o
    0x20000acc        -       0x00007800   Zero   RW         3459    .bss                heap_4.o
    0x200082cc   0x08004d68   0x00000004   PAD
    0x200082d0        -       0x00000400   Zero   RW         1116    STACK               startup_stm32f40_41xxx.o


==============================================================================

Image component sizes


      Code (inc. data)   RO Data    RW Data    ZI Data      Debug   Object Name

        60         12          0          0          0       1851   bsp.o
       620         52          0          0          0       4346   bsp_can.o
       582         64          0          6         48       6730   bsp_key.o
       204         16          0          0          0       2410   bsp_led.o
       826         40          0          0       2088      10086   bsp_uart_fifo.o
       192         12          0          8          0       2497   delay.o
         0          0          0          0          0       9864   event_groups.o
       692         62          0         24      30720       4771   heap_4.o
       148          0          0          0          0       3590   list.o
       484        120          0         38         40     307080   main.o
       180         24          0          0          0       2581   misc.o
      2374        158          0         24          0       8926   motor_control.o
       860         44          0          0         96       1195   motor_data_process.o
       938         90          0         12          0       9477   port.o
      1972         12          0          0          0      13653   queue.o
        36          8        392          0       1024       1000   startup_stm32f40_41xxx.o
      1622         22          0          0          0       8195   stm32f4xx_can.o
        12          6          0          0          0        661   stm32f4xx_exti.o
       222          0          0          0          0       3495   stm32f4xx_gpio.o
       104         50          0          0          0       3329   stm32f4xx_it.o
       360         42          0         16          0       6060   stm32f4xx_rcc.o
       430          8          0          0          0       6373   stm32f4xx_usart.o
       532         54          0         20          0       2853   system_stm32f4xx.o
      3482        446          0         56        220      26252   tasks.o
      1284         98          0         16         40      16562   timers.o

    ----------------------------------------------------------------------
     18248       1440        424        224      34284     463837   Object Totals
         0          0         32          0          0          0   (incl. Generated)
        32          0          0          4          8          0   (incl. Padding)

    ----------------------------------------------------------------------

      Code (inc. data)   RO Data    RW Data    ZI Data      Debug   Library Member Name

         0          0          0          0          0          0   entry.o
         0          0          0          0          0          0   entry10a.o
         0          0          0          0          0          0   entry11a.o
         4          0          0          0          0          0   entry12b.o
         8          4          0          0          0          0   entry2.o
         4          0          0          0          0          0   entry5.o
         0          0          0          0          0          0   entry7b.o
         0          0          0          0          0          0   entry8b.o
         8          4          0          0          0          0   entry9a.o
        30          0          0          0          0          0   handlers.o
        36          8          0          0          0         68   init.o
        30          0          0          0          0         68   llshl.o
        32          0          0          0          0         68   llushr.o
        36          0          0          0          0         68   memcpya.o
        36          0          0          0          0        108   memseta.o
       588         14          0          0          0        184   printf4.o
         0          0          0          4          0          0   stdout.o
        98          0          0          0          0         92   uldiv.o

    ----------------------------------------------------------------------
       916         30          0          4          0        656   Library Totals
         6          0          0          0          0          0   (incl. Padding)

    ----------------------------------------------------------------------

      Code (inc. data)   RO Data    RW Data    ZI Data      Debug   Library Name

       910         30          0          4          0        656   mc_w.l

    ----------------------------------------------------------------------
       916         30          0          4          0        656   Library Totals

    ----------------------------------------------------------------------

==============================================================================


      Code (inc. data)   RO Data    RW Data    ZI Data      Debug   

     19164       1470        424        228      34284     448637   Grand Totals
     19164       1470        424        228      34284     448637   ELF Image Totals
     19164       1470        424        228          0          0   ROM Totals

==============================================================================

    Total RO  Size (Code + RO Data)                19588 (  19.13kB)
    Total RW  Size (RW Data + ZI Data)             34512 (  33.70kB)
    Total ROM Size (Code + RO Data + RW Data)      19816 (  19.35kB)

==============================================================================

