<html>
<body>
<pre>
<h1>µVision Build Log</h1>
<h2>Tool Versions:</h2>
IDE-Version: ¦ÌVision V5.37.0.0
Copyright (C) 2022 ARM Ltd and ARM Germany GmbH. All rights reserved.
License Information: lfjsojdf gsrgg, gsgsrg, LIC=NQQMA-17YI6-EVB1R-K3CFF-51IV0-BHPNR
 
Tool Versions:
Toolchain:       MDK-ARM Plus  Version: 5.37.0.0
Toolchain Path:  D:\Program Files\Keil_v5\ARM\ARM_Compiler_5.06u7\Bin
C Compiler:      Armcc.exe V5.06 update 7 (build 960)
Assembler:       Armasm.exe V5.06 update 7 (build 960)
Linker/Locator:  ArmLink.exe V5.06 update 7 (build 960)
Library Manager: ArmAr.exe V5.06 update 7 (build 960)
Hex Converter:   FromElf.exe V5.06 update 7 (build 960)
CPU DLL:         SARMCM3.DLL V5.37.0.0
Dialog DLL:      DARMCM1.DLL V1.19.6.0
Target DLL:      Segger\JL2CM3.dll V2.99.42.0
Dialog DLL:      TARMCM1.DLL V1.14.6.0
 
<h2>Project:</h2>
D:\Desktop\sensor_program\Near-infrared\Sensor_program_v4\ADS1256_1Khz\Projects\MDK-ARM\STM32F030F4_Demo.uvprojx
Project File Date:  11/02/2025

<h2>Output:</h2>
*** Using Compiler 'V5.06 update 7 (build 960)', folder: 'D:\Program Files\Keil_v5\ARM\ARM_Compiler_5.06u7\Bin'
Rebuild target 'STM32F030F4'
assembling startup_stm32f030x8.s...
compiling TIM.c...
compiling USART1.c...
compiling stm32f0xx_exti.c...
compiling ADS1255.c...
compiling my_flash.c...
compiling stm32f0xx_dma.c...
compiling stm32f0xx_gpio.c...
compiling system_stm32f0xx.c...
compiling stm32f0xx_flash.c...
compiling my_fifo.c...
compiling stm32f0xx_rcc.c...
compiling stm32f0xx_syscfg.c...
compiling stm32f0xx_it.c...
compiling stm32f0xx_misc.c...
compiling main.c...
compiling stm32f0xx_usart.c...
compiling stm32f0xx_tim.c...
linking...
Program Size: Code=5744 RO-data=224 RW-data=88 ZI-data=2904  
FromELF: creating hex file...
".\out\BaiZong_V1_1_0.axf" - 0 Error(s), 0 Warning(s).

<h2>Software Packages used:</h2>

Package Vendor: ARM
                http://www.keil.com/pack/ARM.CMSIS.5.9.0.pack
                ARM.CMSIS.5.9.0
                CMSIS (Common Microcontroller Software Interface Standard)
   * Component: CORE Version: 5.6.0

Package Vendor: Keil
                http://www.keil.com/pack/Keil.STM32F0xx_DFP.2.1.0.pack
                Keil.STM32F0xx_DFP.2.1.0
                STMicroelectronics STM32F0 Series Device Support, Drivers and Examples

<h2>Collection of Component include folders:</h2>
  ./RTE/_STM32F030F4
  D:/Program Files/Keil_v5/localPacks/ARM/CMSIS/5.9.0/CMSIS/Core/Include
  D:/Program Files/Keil_v5/localPacks/Keil/STM32F0xx_DFP/2.1.0/Drivers/CMSIS/Device/ST/STM32F0xx/Include

<h2>Collection of Component Files used:</h2>

   * Component: ARM::CMSIS:CORE:5.6.0
Build Time Elapsed:  00:00:00
</pre>
</body>
</html>
